Component: ARM Compiler 5.06 update 6 (build 750) Tool: armlink [4d35ed]

==============================================================================

Section Cross References

    startup_stm32f411xe.o(RESET) refers to startup_stm32f411xe.o(STACK) for __initial_sp
    startup_stm32f411xe.o(RESET) refers to startup_stm32f411xe.o(.text) for Reset_Handler
    startup_stm32f411xe.o(RESET) refers to stm32f4xx_it.o(i.NMI_Handler) for NMI_Handler
    startup_stm32f411xe.o(RESET) refers to stm32f4xx_it.o(i.HardFault_Handler) for HardFault_Handler
    startup_stm32f411xe.o(RESET) refers to stm32f4xx_it.o(i.MemManage_Handler) for MemManage_Handler
    startup_stm32f411xe.o(RESET) refers to stm32f4xx_it.o(i.BusFault_Handler) for BusFault_Handler
    startup_stm32f411xe.o(RESET) refers to stm32f4xx_it.o(i.UsageFault_Handler) for UsageFault_Handler
    startup_stm32f411xe.o(RESET) refers to port.o(.emb_text) for SVC_Handler
    startup_stm32f411xe.o(RESET) refers to stm32f4xx_it.o(i.DebugMon_Handler) for DebugMon_Handler
    startup_stm32f411xe.o(RESET) refers to port.o(i.SysTick_Handler) for SysTick_Handler
    startup_stm32f411xe.o(RESET) refers to stm32f4xx_it.o(i.TIM4_IRQHandler) for TIM4_IRQHandler
    startup_stm32f411xe.o(RESET) refers to stm32f4xx_it.o(i.USART1_IRQHandler) for USART1_IRQHandler
    startup_stm32f411xe.o(RESET) refers to stm32f4xx_it.o(i.SDIO_IRQHandler) for SDIO_IRQHandler
    startup_stm32f411xe.o(RESET) refers to stm32f4xx_it.o(i.TIM5_IRQHandler) for TIM5_IRQHandler
    startup_stm32f411xe.o(RESET) refers to stm32f4xx_it.o(i.DMA2_Stream0_IRQHandler) for DMA2_Stream0_IRQHandler
    startup_stm32f411xe.o(RESET) refers to stm32f4xx_it.o(i.DMA2_Stream1_IRQHandler) for DMA2_Stream1_IRQHandler
    startup_stm32f411xe.o(RESET) refers to stm32f4xx_it.o(i.DMA2_Stream3_IRQHandler) for DMA2_Stream3_IRQHandler
    startup_stm32f411xe.o(RESET) refers to stm32f4xx_it.o(i.DMA2_Stream6_IRQHandler) for DMA2_Stream6_IRQHandler
    startup_stm32f411xe.o(RESET) refers to stm32f4xx_it.o(i.USART6_IRQHandler) for USART6_IRQHandler
    startup_stm32f411xe.o(.text) refers to system_stm32f4xx.o(i.SystemInit) for SystemInit
    startup_stm32f411xe.o(.text) refers to entry.o(.ARM.Collect$$$$00000000) for __main
    main.o(i.HAL_TIM_PeriodElapsedCallback) refers to stm32f4xx_hal.o(i.HAL_IncTick) for HAL_IncTick
    main.o(i.HAL_TIM_PeriodElapsedCallback) refers to stm32f4xx_hal_gpio.o(i.HAL_GPIO_TogglePin) for HAL_GPIO_TogglePin
    main.o(i.HAL_TIM_PeriodElapsedCallback) refers to main.o(.data) for .data
    main.o(i.HAL_UART_RxCpltCallback) refers to stm32f4xx_hal_uart.o(i.HAL_UART_Receive_IT) for HAL_UART_Receive_IT
    main.o(i.HAL_UART_RxCpltCallback) refers to stm32f4xx_hal_gpio.o(i.HAL_GPIO_TogglePin) for HAL_GPIO_TogglePin
    main.o(i.HAL_UART_RxCpltCallback) refers to strncpy.o(.text) for strncpy
    main.o(i.HAL_UART_RxCpltCallback) refers to strcat.o(.text) for strcat
    main.o(i.HAL_UART_RxCpltCallback) refers to stm32f4xx_hal_uart.o(i.HAL_UART_Transmit_IT) for HAL_UART_Transmit_IT
    main.o(i.HAL_UART_RxCpltCallback) refers to main.o(.bss) for .bss
    main.o(i.HAL_UART_TxCpltCallback) refers to main.o(.data) for .data
    main.o(i.MX_ADC1_Init) refers to stm32f4xx_hal_adc.o(i.HAL_ADC_Init) for HAL_ADC_Init
    main.o(i.MX_ADC1_Init) refers to stm32f4xx_hal_adc.o(i.HAL_ADC_ConfigChannel) for HAL_ADC_ConfigChannel
    main.o(i.MX_ADC1_Init) refers to main.o(.bss) for .bss
    main.o(i.MX_DMA_Init) refers to stm32f4xx_hal_cortex.o(i.HAL_NVIC_SetPriority) for HAL_NVIC_SetPriority
    main.o(i.MX_DMA_Init) refers to stm32f4xx_hal_cortex.o(i.HAL_NVIC_EnableIRQ) for HAL_NVIC_EnableIRQ
    main.o(i.MX_GPIO_Init) refers to memseta.o(.text) for __aeabi_memclr4
    main.o(i.MX_GPIO_Init) refers to stm32f4xx_hal_gpio.o(i.HAL_GPIO_WritePin) for HAL_GPIO_WritePin
    main.o(i.MX_GPIO_Init) refers to stm32f4xx_hal_gpio.o(i.HAL_GPIO_Init) for HAL_GPIO_Init
    main.o(i.MX_TIM4_Init) refers to stm32f4xx_hal_tim.o(i.HAL_TIM_Base_Init) for HAL_TIM_Base_Init
    main.o(i.MX_TIM4_Init) refers to stm32f4xx_hal_tim.o(i.HAL_TIM_ConfigClockSource) for HAL_TIM_ConfigClockSource
    main.o(i.MX_TIM4_Init) refers to stm32f4xx_hal_tim_ex.o(i.HAL_TIMEx_MasterConfigSynchronization) for HAL_TIMEx_MasterConfigSynchronization
    main.o(i.MX_TIM4_Init) refers to main.o(.bss) for .bss
    main.o(i.StartDefaultTask) refers to fatfs.o(i.MX_FATFS_Init) for MX_FATFS_Init
    main.o(i.StartDefaultTask) refers to memseta.o(.text) for __aeabi_memclr4
    main.o(i.StartDefaultTask) refers to memcpya.o(.text) for __aeabi_memcpy
    main.o(i.StartDefaultTask) refers to stm32f4xx_hal_crc.o(i.HAL_CRC_Calculate) for HAL_CRC_Calculate
    main.o(i.StartDefaultTask) refers to stm32f4xx_hal_uart.o(i.HAL_UART_Transmit_IT) for HAL_UART_Transmit_IT
    main.o(i.StartDefaultTask) refers to stm32f4xx_hal_gpio.o(i.HAL_GPIO_TogglePin) for HAL_GPIO_TogglePin
    main.o(i.StartDefaultTask) refers to main.o(.bss) for .bss
[...]
    i.SDMMC_CmdWriteMultiBlock               0x08002f50   Section        0  stm32f4xx_ll_sdmmc.o(i.SDMMC_CmdWriteMultiBlock)
    i.SDMMC_CmdWriteSingleBlock              0x08002f82   Section        0  stm32f4xx_ll_sdmmc.o(i.SDMMC_CmdWriteSingleBlock)
    i.SDMMC_GetCmdResp1                      0x08002fb4   Section        0  stm32f4xx_ll_sdmmc.o(i.SDMMC_GetCmdResp1)
    SDMMC_GetCmdResp1                        0x08002fb5   Thumb Code   278  stm32f4xx_ll_sdmmc.o(i.SDMMC_GetCmdResp1)
    i.SDMMC_GetCmdResp2                      0x080030d4   Section        0  stm32f4xx_ll_sdmmc.o(i.SDMMC_GetCmdResp2)
    SDMMC_GetCmdResp2                        0x080030d5   Thumb Code    76  stm32f4xx_ll_sdmmc.o(i.SDMMC_GetCmdResp2)
    i.SDMMC_GetCmdResp3                      0x08003124   Section        0  stm32f4xx_ll_sdmmc.o(i.SDMMC_GetCmdResp3)
    SDMMC_GetCmdResp3                        0x08003125   Thumb Code    62  stm32f4xx_ll_sdmmc.o(i.SDMMC_GetCmdResp3)
    i.SDMMC_GetCmdResp6                      0x08003168   Section        0  stm32f4xx_ll_sdmmc.o(i.SDMMC_GetCmdResp6)
    SDMMC_GetCmdResp6                        0x08003169   Thumb Code   130  stm32f4xx_ll_sdmmc.o(i.SDMMC_GetCmdResp6)
    i.SD_CheckStatus                         0x080031f0   Section        0  sd_diskio.o(i.SD_CheckStatus)
    SD_CheckStatus                           0x080031f1   Thumb Code    26  sd_diskio.o(i.SD_CheckStatus)
    i.SD_CheckStatusWithTimeout              0x08003210   Section        0  sd_diskio.o(i.SD_CheckStatusWithTimeout)
    SD_CheckStatusWithTimeout                0x08003211   Thumb Code    36  sd_diskio.o(i.SD_CheckStatusWithTimeout)
    i.SD_DMAError                            0x08003234   Section        0  stm32f4xx_hal_sd.o(i.SD_DMAError)
    SD_DMAError                              0x08003235   Thumb Code    96  stm32f4xx_hal_sd.o(i.SD_DMAError)
    i.SD_DMAReceiveCplt                      0x08003298   Section        0  stm32f4xx_hal_sd.o(i.SD_DMAReceiveCplt)
    SD_DMAReceiveCplt                        0x08003299   Thumb Code    66  stm32f4xx_hal_sd.o(i.SD_DMAReceiveCplt)
    i.SD_DMARxAbort                          0x080032da   Section        0  stm32f4xx_hal_sd.o(i.SD_DMARxAbort)
    SD_DMARxAbort                            0x080032db   Thumb Code    68  stm32f4xx_hal_sd.o(i.SD_DMARxAbort)
    i.SD_DMATransmitCplt                     0x0800331e   Section        0  stm32f4xx_hal_sd.o(i.SD_DMATransmitCplt)
    SD_DMATransmitCplt                       0x0800331f   Thumb Code    14  stm32f4xx_hal_sd.o(i.SD_DMATransmitCplt)
    i.SD_DMATxAbort                          0x0800332c   Section        0  stm32f4xx_hal_sd.o(i.SD_DMATxAbort)
    SD_DMATxAbort                            0x0800332d   Thumb Code    68  stm32f4xx_hal_sd.o(i.SD_DMATxAbort)
    i.SD_FindSCR                             0x08003370   Section        0  stm32f4xx_hal_sd.o(i.SD_FindSCR)
    SD_FindSCR                               0x08003371   Thumb Code   212  stm32f4xx_hal_sd.o(i.SD_FindSCR)
    i.SD_InitCard                            0x08003444   Section        0  stm32f4xx_hal_sd.o(i.SD_InitCard)
    SD_InitCard                              0x08003445   Thumb Code   238  stm32f4xx_hal_sd.o(i.SD_InitCard)
    i.SD_PowerON                             0x08003534   Section        0  stm32f4xx_hal_sd.o(i.SD_PowerON)
    SD_PowerON                               0x08003535   Thumb Code   174  stm32f4xx_hal_sd.o(i.SD_PowerON)
    i.SD_initialize                          0x080035e8   Section        0  sd_diskio.o(i.SD_initialize)
    i.SD_ioctl                               0x08003630   Section        0  sd_diskio.o(i.SD_ioctl)
    i.SD_read                                0x08003680   Section        0  sd_diskio.o(i.SD_read)
    i.SD_status                              0x08003720   Section        0  sd_diskio.o(i.SD_status)
    i.SD_write                               0x08003724   Section        0  sd_diskio.o(i.SD_write)
    i.StartDefaultTask                       0x080037e0   Section        0  main.o(i.StartDefaultTask)
    i.SysTick_Handler                        0x0800388c   Section        0  port.o(i.SysTick_Handler)
    i.SystemClock_Config                     0x080038b8   Section        0  main.o(i.SystemClock_Config)
    i.SystemInit                             0x08003938   Section        0  system_stm32f4xx.o(i.SystemInit)
    i.TIM4_IRQHandler                        0x08003954   Section        0  stm32f4xx_it.o(i.TIM4_IRQHandler)
    i.TIM5_IRQHandler                        0x08003960   Section        0  stm32f4xx_it.o(i.TIM5_IRQHandler)
    i.TIM_Base_SetConfig                     0x0800396c   Section        0  stm32f4xx_hal_tim.o(i.TIM_Base_SetConfig)
    i.TIM_ETR_SetConfig                      0x08003a04   Section        0  stm32f4xx_hal_tim.o(i.TIM_ETR_SetConfig)
    i.TIM_ITRx_SetConfig                     0x08003a18   Section        0  stm32f4xx_hal_tim.o(i.TIM_ITRx_SetConfig)
    TIM_ITRx_SetConfig                       0x08003a19   Thumb Code    16  stm32f4xx_hal_tim.o(i.TIM_ITRx_SetConfig)
    i.TIM_TI1_ConfigInputStage               0x08003a28   Section        0  stm32f4xx_hal_tim.o(i.TIM_TI1_ConfigInputStage)
    TIM_TI1_ConfigInputStage                 0x08003a29   Thumb Code    34  stm32f4xx_hal_tim.o(i.TIM_TI1_ConfigInputStage)
    i.TIM_TI2_ConfigInputStage               0x08003a4a   Section        0  stm32f4xx_hal_tim.o(i.TIM_TI2_ConfigInputStage)
    TIM_TI2_ConfigInputStage                 0x08003a4b   Thumb Code    36  stm32f4xx_hal_tim.o(i.TIM_TI2_ConfigInputStage)
    i.UART_DMAAbortOnError                   0x08003a6e   Section        0  stm32f4xx_hal_uart.o(i.UART_DMAAbortOnError)
    UART_DMAAbortOnError                     0x08003a6f   Thumb Code    16  stm32f4xx_hal_uart.o(i.UART_DMAAbortOnError)
    i.UART_DMAError                          0x08003a7e   Section        0  stm32f4xx_hal_uart.o(i.UART_DMAError)
    UART_DMAError                            0x08003a7f   Thumb Code    74  stm32f4xx_hal_uart.o(i.UART_DMAError)
    i.UART_DMAReceiveCplt                    0x08003ac8   Section        0  stm32f4xx_hal_uart.o(i.UART_DMAReceiveCplt)
    UART_DMAReceiveCplt                      0x08003ac9   Thumb Code    60  stm32f4xx_hal_uart.o(i.UART_DMAReceiveCplt)
    i.UART_DMARxHalfCplt                     0x08003b04   Section        0  stm32f4xx_hal_uart.o(i.UART_DMARxHalfCplt)
    UART_DMARxHalfCplt                       0x08003b05   Thumb Code    10  stm32f4xx_hal_uart.o(i.UART_DMARxHalfCplt)
    i.UART_EndRxTransfer                     0x08003b0e   Section        0  stm32f4xx_hal_uart.o(i.UART_EndRxTransfer)
    UART_EndRxTransfer                       0x08003b0f   Thumb Code    28  stm32f4xx_hal_uart.o(i.UART_EndRxTransfer)
    i.UART_EndTxTransfer                     0x08003b2a   Section        0  stm32f4xx_hal_uart.o(i.UART_EndTxTransfer)
    UART_EndTxTransfer                       0x08003b2b   Thumb Code    18  stm32f4xx_hal_uart.o(i.UART_EndTxTransfer)
    i.UART_Receive_IT                        0x08003b3c   Section        0  stm32f4xx_hal_uart.o(i.UART_Receive_IT)
    UART_Receive_IT                          0x08003b3d   Thumb Code   150  stm32f4xx_hal_uart.o(i.UART_Receive_IT)
    i.UART_SetConfig                         0x08003bd4   Section        0  stm32f4xx_hal_uart.o(i.UART_SetConfig)
    UART_SetConfig                           0x08003bd5   Thumb Code   286  stm32f4xx_hal_uart.o(i.UART_SetConfig)
    i.UART_Transmit_IT                       0x08003cfc   Section        0  stm32f4xx_hal_uart.o(i.UART_Transmit_IT)
    UART_Transmit_IT                         0x08003cfd   Thumb Code    98  stm32f4xx_hal_uart.o(i.UART_Transmit_IT)
    i.USART1_IRQHandler                      0x08003d60   Section        0  stm32f4xx_it.o(i.USART1_IRQHandler)
    i.USART6_IRQHandler                      0x08003d6c   Section        0  stm32f4xx_it.o(i.USART6_IRQHandler)
    i.UsageFault_Handler                     0x08003d78   Section        0  stm32f4xx_it.o(i.UsageFault_Handler)
    i.__NVIC_SetPriority                     0x08003d7a   Section        0  stm32f4xx_hal_cortex.o(i.__NVIC_SetPriority)
    __NVIC_SetPriority                       0x08003d7b   Thumb Code    32  stm32f4xx_hal_cortex.o(i.__NVIC_SetPriority)
    i.__scatterload_copy                     0x08003d9a   Section       14  handlers.o(i.__scatterload_copy)
    i.__scatterload_null                     0x08003da8   Section        2  handlers.o(i.__scatterload_null)
    i.__scatterload_zeroinit                 0x08003daa   Section       14  handlers.o(i.__scatterload_zeroinit)
    i.inHandlerMode                          0x08003db8   Section        0  cmsis_os.o(i.inHandlerMode)
    inHandlerMode                            0x08003db9   Thumb Code    12  cmsis_os.o(i.inHandlerMode)
    i.main                                   0x08003dc4   Section        0  main.o(i.main)
    i.makeFreeRtosPriority                   0x08003ec4   Section        0  cmsis_os.o(i.makeFreeRtosPriority)
    makeFreeRtosPriority                     0x08003ec5   Thumb Code    12  cmsis_os.o(i.makeFreeRtosPriority)
    i.osKernelRunning                        0x08003ed0   Section        0  cmsis_os.o(i.osKernelRunning)
    i.osKernelStart                          0x08003ee2   Section        0  cmsis_os.o(i.osKernelStart)
    i.osKernelSysTick                        0x08003eec   Section        0  cmsis_os.o(i.osKernelSysTick)
    i.osMessageCreate                        0x08003f04   Section        0  cmsis_os.o(i.osMessageCreate)
    i.osMessageGet                           0x08003f2c   Section        0  cmsis_os.o(i.osMessageGet)
    i.osMessagePut                           0x08003fc0   Section        0  cmsis_os.o(i.osMessagePut)
    i.osThreadCreate                         0x0800401c   Section        0  cmsis_os.o(i.osThreadCreate)
    i.prvAddCurrentTaskToDelayedList         0x08004070   Section        0  tasks.o(i.prvAddCurrentTaskToDelayedList)
    prvAddCurrentTaskToDelayedList           0x08004071   Thumb Code   102  tasks.o(i.prvAddCurrentTaskToDelayedList)
    i.prvAddNewTaskToReadyList               0x080040e0   Section        0  tasks.o(i.prvAddNewTaskToReadyList)
    prvAddNewTaskToReadyList                 0x080040e1   Thumb Code   194  tasks.o(i.prvAddNewTaskToReadyList)
    i.prvCopyDataFromQueue                   0x080041b0   Section        0  queue.o(i.prvCopyDataFromQueue)
    prvCopyDataFromQueue                     0x080041b1   Thumb Code    38  queue.o(i.prvCopyDataFromQueue)
    i.prvCopyDataToQueue                     0x080041d6   Section        0  queue.o(i.prvCopyDataToQueue)
    prvCopyDataToQueue                       0x080041d7   Thumb Code   108  queue.o(i.prvCopyDataToQueue)
    i.prvDeleteTCB                           0x08004242   Section        0  tasks.o(i.prvDeleteTCB)
    prvDeleteTCB                             0x08004243   Thumb Code    52  tasks.o(i.prvDeleteTCB)
    i.prvHeapInit                            0x08004278   Section        0  heap_4.o(i.prvHeapInit)
    prvHeapInit                              0x08004279   Thumb Code    66  heap_4.o(i.prvHeapInit)
    i.prvIdleTask                            0x080042c4   Section        0  tasks.o(i.prvIdleTask)
    prvIdleTask                              0x080042c5   Thumb Code    82  tasks.o(i.prvIdleTask)
    i.prvInitialiseNewQueue                  0x08004324   Section        0  queue.o(i.prvInitialiseNewQueue)
    prvInitialiseNewQueue                    0x08004325   Thumb Code    22  queue.o(i.prvInitialiseNewQueue)
    i.prvInitialiseNewTask                   0x0800433a   Section        0  tasks.o(i.prvInitialiseNewTask)
    prvInitialiseNewTask                     0x0800433b   Thumb Code   142  tasks.o(i.prvInitialiseNewTask)
    i.prvInsertBlockIntoFreeList             0x080043c8   Section        0  heap_4.o(i.prvInsertBlockIntoFreeList)
    prvInsertBlockIntoFreeList               0x080043c9   Thumb Code    72  heap_4.o(i.prvInsertBlockIntoFreeList)
    i.prvIsQueueEmpty                        0x08004414   Section        0  queue.o(i.prvIsQueueEmpty)
    prvIsQueueEmpty                          0x08004415   Thumb Code    28  queue.o(i.prvIsQueueEmpty)
    i.prvResetNextTaskUnblockTime            0x08004430   Section        0  tasks.o(i.prvResetNextTaskUnblockTime)
    prvResetNextTaskUnblockTime              0x08004431   Thumb Code    26  tasks.o(i.prvResetNextTaskUnblockTime)
    i.prvTaskExitError                       0x08004450   Section        0  port.o(i.prvTaskExitError)
    prvTaskExitError                         0x08004451   Thumb Code    36  port.o(i.prvTaskExitError)
    i.prvUnlockQueue                         0x08004478   Section        0  queue.o(i.prvUnlockQueue)
    prvUnlockQueue                           0x08004479   Thumb Code   106  queue.o(i.prvUnlockQueue)
    i.pvPortMalloc                           0x080044e4   Section        0  heap_4.o(i.pvPortMalloc)
    i.pxPortInitialiseStack                  0x080045bc   Section        0  port.o(i.pxPortInitialiseStack)
    i.uxListRemove                           0x080045e8   Section        0  list.o(i.uxListRemove)
    i.vApplicationGetIdleTaskMemory          0x08004610   Section        0  freertos.o(i.vApplicationGetIdleTaskMemory)
    i.vListInitialise                        0x08004624   Section        0  list.o(i.vListInitialise)
    i.vListInitialiseItem                    0x0800463a   Section        0  list.o(i.vListInitialiseItem)
    i.vListInsert                            0x08004640   Section        0  list.o(i.vListInsert)
    i.vListInsertEnd                         0x08004670   Section        0  list.o(i.vListInsertEnd)
    i.vPortEnterCritical                     0x08004688   Section        0  port.o(i.vPortEnterCritical)
    i.vPortExitCritical                      0x080046c8   Section        0  port.o(i.vPortExitCritical)
    i.vPortFree                              0x080046f0   Section        0  heap_4.o(i.vPortFree)
    i.vPortSetupTimerInterrupt               0x0800474c   Section        0  port.o(i.vPortSetupTimerInterrupt)
    i.vPortValidateInterruptPriority         0x08004770   Section        0  port.o(i.vPortValidateInterruptPriority)
    i.vTaskInternalSetTimeOutState           0x080047c4   Section        0  tasks.o(i.vTaskInternalSetTimeOutState)
    i.vTaskMissedYield                       0x080047d4   Section        0  tasks.o(i.vTaskMissedYield)
    i.vTaskPlaceOnEventList                  0x080047e0   Section        0  tasks.o(i.vTaskPlaceOnEventList)
    i.vTaskStartScheduler                    0x08004810   Section        0  tasks.o(i.vTaskStartScheduler)
    i.vTaskSuspendAll                        0x0800487c   Section        0  tasks.o(i.vTaskSuspendAll)
    i.vTaskSwitchContext                     0x0800488c   Section        0  tasks.o(i.vTaskSwitchContext)
    i.xPortStartScheduler                    0x080048e8   Section        0  port.o(i.xPortStartScheduler)
    i.xQueueGenericCreate                    0x080049dc   Section        0  queue.o(i.xQueueGenericCreate)
    i.xQueueGenericCreateStatic              0x08004a24   Section        0  queue.o(i.xQueueGenericCreateStatic)
    i.xQueueGenericReset                     0x08004a8c   Section        0  queue.o(i.xQueueGenericReset)
    i.xQueueGenericSend                      0x08004b14   Section        0  queue.o(i.xQueueGenericSend)
    i.xQueueGenericSendFromISR               0x08004c74   Section        0  queue.o(i.xQueueGenericSendFromISR)
    i.xQueueReceive                          0x08004d30   Section        0  queue.o(i.xQueueReceive)
    i.xQueueReceiveFromISR                   0x08004e68   Section        0  queue.o(i.xQueueReceiveFromISR)
    i.xTaskCheckForTimeOut                   0x08004f04   Section        0  tasks.o(i.xTaskCheckForTimeOut)
    i.xTaskCreate                            0x08004f78   Section        0  tasks.o(i.xTaskCreate)
    i.xTaskCreateStatic                      0x08004fd2   Section        0  tasks.o(i.xTaskCreateStatic)
    i.xTaskGetSchedulerState                 0x08005028   Section        0  tasks.o(i.xTaskGetSchedulerState)
    i.xTaskGetTickCount                      0x08005044   Section        0  tasks.o(i.xTaskGetTickCount)
    i.xTaskGetTickCountFromISR               0x08005050   Section        0  tasks.o(i.xTaskGetTickCountFromISR)
    i.xTaskIncrementTick                     0x08005060   Section        0  tasks.o(i.xTaskIncrementTick)
    i.xTaskPriorityDisinherit                0x08005128   Section        0  tasks.o(i.xTaskPriorityDisinherit)
    i.xTaskRemoveFromEventList               0x080051c0   Section        0  tasks.o(i.xTaskRemoveFromEventList)
    i.xTaskResumeAll                         0x08005234   Section        0  tasks.o(i.xTaskResumeAll)
    .constdata                               0x080052f8   Section       28  main.o(.constdata)
    .constdata                               0x08005314   Section       20  sd_diskio.o(.constdata)
    .constdata                               0x08005328   Section       16  sd_diskio.o(.constdata)
    .constdata                               0x08005338   Section       16  system_stm32f4xx.o(.constdata)
    .constdata                               0x08005348   Section        8  system_stm32f4xx.o(.constdata)
    .constdata                               0x08005350   Section        8  stm32f4xx_hal_dma.o(.constdata)
    flagBitshiftOffset                       0x08005350   Data           8  stm32f4xx_hal_dma.o(.constdata)
    .conststring                             0x08005358   Section       12  main.o(.conststring)
    .data                                    0x20000000   Section       28  main.o(.data)
    .data                                    0x2000001c   Section        8  sd_diskio.o(.data)
    Stat                                     0x2000001c   Data           1  sd_diskio.o(.data)
    SDQueueID                                0x20000020   Data           4  sd_diskio.o(.data)
    .data                                    0x20000024   Section        5  fatfs.o(.data)
    .data                                    0x2000002c   Section        4  system_stm32f4xx.o(.data)
    .data                                    0x20000030   Section       12  stm32f4xx_hal.o(.data)
    .data                                    0x2000003c   Section       60  tasks.o(.data)
    pxDelayedTaskList                        0x20000040   Data           4  tasks.o(.data)
    pxOverflowDelayedTaskList                0x20000044   Data           4  tasks.o(.data)
    uxDeletedTasksWaitingCleanUp             0x20000048   Data           4  tasks.o(.data)
    uxCurrentNumberOfTasks                   0x2000004c   Data           4  tasks.o(.data)
    xTickCount                               0x20000050   Data           4  tasks.o(.data)
    uxTopReadyPriority                       0x20000054   Data           4  tasks.o(.data)
    xSchedulerRunning                        0x20000058   Data           4  tasks.o(.data)
    uxPendedTicks                            0x2000005c   Data           4  tasks.o(.data)
    xYieldPending                            0x20000060   Data           4  tasks.o(.data)
    xNumOfOverflows                          0x20000064   Data           4  tasks.o(.data)
    uxTaskNumber                             0x20000068   Data           4  tasks.o(.data)
    xNextTaskUnblockTime                     0x2000006c   Data           4  tasks.o(.data)
    xIdleTaskHandle                          0x20000070   Data           4  tasks.o(.data)
    uxSchedulerSuspended                     0x20000074   Data           4  tasks.o(.data)
    .data                                    0x20000078   Section       24  heap_4.o(.data)
    pxEnd                                    0x20000078   Data           4  heap_4.o(.data)
    xFreeBytesRemaining                      0x2000007c   Data           4  heap_4.o(.data)
    xMinimumEverFreeBytesRemaining           0x20000080   Data           4  heap_4.o(.data)
    xBlockAllocatedBit                       0x20000084   Data           4  heap_4.o(.data)
    xStart                                   0x20000088   Data           8  heap_4.o(.data)
    .data                                    0x20000090   Section       12  port.o(.data)
    ucMaxSysCallPriority                     0x20000090   Data           1  port.o(.data)
    uxCriticalNesting                        0x20000094   Data           4  port.o(.data)
    ulMaxPRIGROUPValue                       0x20000098   Data           4  port.o(.data)
    .bss                                     0x2000009c   Section      573  main.o(.bss)
    .bss                                     0x200002dc   Section       96  main.o(.bss)
    .bss                                     0x2000033c   Section       96  main.o(.bss)
    .bss                                     0x2000039c   Section       96  main.o(.bss)
    .bss                                     0x200003fc   Section       96  main.o(.bss)
    .bss                                     0x2000045c   Section      512  sd_diskio.o(.bss)
    scratch                                  0x2000045c   Data         512  sd_diskio.o(.bss)
    .bss                                     0x2000065c   Section      596  freertos.o(.bss)
    xIdleTaskTCBBuffer                       0x2000065c   Data          84  freertos.o(.bss)
    xIdleStack                               0x200006b0   Data         512  freertos.o(.bss)
    .bss                                     0x200008b0   Section       64  stm32f4xx_hal_timebase_tim.o(.bss)
    .bss                                     0x200008f0   Section       12  ff_gen_drv.o(.bss)
    .bss                                     0x200008fc   Section      240  tasks.o(.bss)
    pxReadyTasksLists                        0x200008fc   Data         140  tasks.o(.bss)
    xDelayedTaskList1                        0x20000988   Data          20  tasks.o(.bss)
    xDelayedTaskList2                        0x2000099c   Data          20  tasks.o(.bss)
    xPendingReadyList                        0x200009b0   Data          20  tasks.o(.bss)
    xTasksWaitingTermination                 0x200009c4   Data          20  tasks.o(.bss)
    xSuspendedTaskList                       0x200009d8   Data          20  tasks.o(.bss)
    .bss                                     0x200009ec   Section    15360  heap_4.o(.bss)
    ucHeap                                   0x200009ec   Data       15360  heap_4.o(.bss)
    STACK                                    0x200045f0   Section    16384  startup_stm32f411xe.o(STACK)

    Global Symbols

    Symbol Name                              Value     Ov Type        Size  Object(Section)

    BuildAttributes$$THM_ISAv4$E$P$D$K$B$S$7EM$VFPi3$EXTD16$VFPS$VFMA$PE$A:L22UL41UL21$X:L11$S22US41US21$IEEE1$IW$USESV6$~STKCKD$USESV7$~SHL$OSPACE$EBA8$MICROLIB$REQ8$PRES8$EABIv2 0x00000000   Number         0  anon$$obj.o ABSOLUTE
    __ARM_use_no_argv                        0x00000000   Number         0  main.o ABSOLUTE
    __cpp_initialize__aeabi_                  - Undefined Weak Reference
    __cxa_finalize                            - Undefined Weak Reference
    __decompress                              - Undefined Weak Reference
    _clock_init                               - Undefined Weak Reference
    _microlib_exit                            - Undefined Weak Reference
    __Vectors_Size                           0x00000198   Number         0  startup_stm32f411xe.o ABSOLUTE
    __Vectors                                0x08000000   Data           4  startup_stm32f411xe.o(RESET)
    __Vectors_End                            0x08000198   Data           0  startup_stm32f411xe.o(RESET)
    __main                                   0x08000199   Thumb Code     0  entry.o(.ARM.Collect$$$$00000000)
    _main_stk                                0x08000199   Thumb Code     0  entry2.o(.ARM.Collect$$$$00000001)
    _main_scatterload                        0x0800019d   Thumb Code     0  entry5.o(.ARM.Collect$$$$00000004)
    __main_after_scatterload                 0x080001a1   Thumb Code     0  entry5.o(.ARM.Collect$$$$00000004)
    _main_clock                              0x080001a1   Thumb Code     0  entry7b.o(.ARM.Collect$$$$00000008)
    _main_cpp_init                           0x080001a1   Thumb Code     0  entry8b.o(.ARM.Collect$$$$0000000A)
    _main_init                               0x080001a1   Thumb Code     0  entry9a.o(.ARM.Collect$$$$0000000B)
    __rt_final_cpp                           0x080001a9   Thumb Code     0  entry10a.o(.ARM.Collect$$$$0000000D)
    __rt_final_exit                          0x080001a9   Thumb Code     0  entry11a.o(.ARM.Collect$$$$0000000F)
    SVC_Handler                              0x080001ad   Thumb Code    28  port.o(.emb_text)
    __asm___6_port_c_39a90d8d__prvStartFirstTask 0x080001cd   Thumb Code    36  port.o(.emb_text)
    __asm___6_port_c_39a90d8d__prvEnableVFP  0x080001f5   Thumb Code    16  port.o(.emb_text)
    PendSV_Handler                           0x08000209   Thumb Code    88  port.o(.emb_text)
    vPortGetIPSR                             0x08000265   Thumb Code     6  port.o(.emb_text)
    Reset_Handler                            0x0800026d   Thumb Code     8  startup_stm32f411xe.o(.text)
    ADC_IRQHandler                           0x08000287   Thumb Code     0  startup_stm32f411xe.o(.text)
    DMA1_Stream0_IRQHandler                  0x08000287   Thumb Code     0  startup_stm32f411xe.o(.text)
    DMA1_Stream1_IRQHandler                  0x08000287   Thumb Code     0  startup_stm32f411xe.o(.text)
    DMA1_Stream2_IRQHandler                  0x08000287   Thumb Code     0  startup_stm32f411xe.o(.text)
    DMA1_Stream3_IRQHandler                  0x08000287   Thumb Code     0  startup_stm32f411xe.o(.text)
    DMA1_Stream4_IRQHandler                  0x08000287   Thumb Code     0  startup_stm32f411xe.o(.text)
    DMA1_Stream5_IRQHandler                  0x08000287   Thumb Code     0  startup_stm32f411xe.o(.text)
    DMA1_Stream6_IRQHandler                  0x08000287   Thumb Code     0  startup_stm32f411xe.o(.text)
    DMA1_Stream7_IRQHandler                  0x08000287   Thumb Code     0  startup_stm32f411xe.o(.text)
    DMA2_Stream2_IRQHandler                  0x08000287   Thumb Code     0  startup_stm32f411xe.o(.text)
    DMA2_Stream4_IRQHandler                  0x08000287   Thumb Code     0  startup_stm32f411xe.o(.text)
    DMA2_Stream5_IRQHandler                  0x08000287   Thumb Code     0  startup_stm32f411xe.o(.text)
    DMA2_Stream7_IRQHandler                  0x08000287   Thumb Code     0  startup_stm32f411xe.o(.text)
    EXTI0_IRQHandler                         0x08000287   Thumb Code     0  startup_stm32f411xe.o(.text)
    EXTI15_10_IRQHandler                     0x08000287   Thumb Code     0  startup_stm32f411xe.o(.text)
    EXTI1_IRQHandler                         0x08000287   Thumb Code     0  startup_stm32f411xe.o(.text)
    EXTI2_IRQHandler                         0x08000287   Thumb Code     0  startup_stm32f411xe.o(.text)
    EXTI3_IRQHandler                         0x08000287   Thumb Code     0  startup_stm32f411xe.o(.text)
    EXTI4_IRQHandler                         0x08000287   Thumb Code     0  startup_stm32f411xe.o(.text)
    EXTI9_5_IRQHandler                       0x08000287   Thumb Code     0  startup_stm32f411xe.o(.text)
    FLASH_IRQHandler                         0x08000287   Thumb Code     0  startup_stm32f411xe.o(.text)
    FPU_IRQHandler                           0x08000287   Thumb Code     0  startup_stm32f411xe.o(.text)
    I2C1_ER_IRQHandler                       0x08000287   Thumb Code     0  startup_stm32f411xe.o(.text)
    I2C1_EV_IRQHandler                       0x08000287   Thumb Code     0  startup_stm32f411xe.o(.text)
    I2C2_ER_IRQHandler                       0x08000287   Thumb Code     0  startup_stm32f411xe.o(.text)
    I2C2_EV_IRQHandler                       0x08000287   Thumb Code     0  startup_stm32f411xe.o(.text)
    I2C3_ER_IRQHandler                       0x08000287   Thumb Code     0  startup_stm32f411xe.o(.text)
    I2C3_EV_IRQHandler                       0x08000287   Thumb Code     0  startup_stm32f411xe.o(.text)
    OTG_FS_IRQHandler                        0x08000287   Thumb Code     0  startup_stm32f411xe.o(.text)
    OTG_FS_WKUP_IRQHandler                   0x08000287   Thumb Code     0  startup_stm32f411xe.o(.text)
    PVD_IRQHandler                           0x08000287   Thumb Code     0  startup_stm32f411xe.o(.text)
    RCC_IRQHandler                           0x08000287   Thumb Code     0  startup_stm32f411xe.o(.text)
    RTC_Alarm_IRQHandler                     0x08000287   Thumb Code     0  startup_stm32f411xe.o(.text)
    RTC_WKUP_IRQHandler                      0x08000287   Thumb Code     0  startup_stm32f411xe.o(.text)
    SPI1_IRQHandler                          0x08000287   Thumb Code     0  startup_stm32f411xe.o(.text)
    SPI2_IRQHandler                          0x08000287   Thumb Code     0  startup_stm32f411xe.o(.text)
    SPI3_IRQHandler                          0x08000287   Thumb Code     0  startup_stm32f411xe.o(.text)
    SPI4_IRQHandler                          0x08000287   Thumb Code     0  startup_stm32f411xe.o(.text)
    SPI5_IRQHandler                          0x08000287   Thumb Code     0  startup_stm32f411xe.o(.text)
    TAMP_STAMP_IRQHandler                    0x08000287   Thumb Code     0  startup_stm32f411xe.o(.text)
    TIM1_BRK_TIM9_IRQHandler                 0x08000287   Thumb Code     0  startup_stm32f411xe.o(.text)
    TIM1_CC_IRQHandler                       0x08000287   Thumb Code     0  startup_stm32f411xe.o(.text)
    TIM1_TRG_COM_TIM11_IRQHandler            0x08000287   Thumb Code     0  startup_stm32f411xe.o(.text)
    TIM1_UP_TIM10_IRQHandler                 0x08000287   Thumb Code     0  startup_stm32f411xe.o(.text)
    TIM2_IRQHandler                          0x08000287   Thumb Code     0  startup_stm32f411xe.o(.text)
    TIM3_IRQHandler                          0x08000287   Thumb Code     0  startup_stm32f411xe.o(.text)
    USART2_IRQHandler                        0x08000287   Thumb Code     0  startup_stm32f411xe.o(.text)
    WWDG_IRQHandler                          0x08000287   Thumb Code     0  startup_stm32f411xe.o(.text)
    __aeabi_uldivmod                         0x08000291   Thumb Code    98  uldiv.o(.text)
    __aeabi_memcpy                           0x080002f3   Thumb Code    36  memcpya.o(.text)
    __aeabi_memcpy4                          0x080002f3   Thumb Code     0  memcpya.o(.text)
    __aeabi_memcpy8                          0x080002f3   Thumb Code     0  memcpya.o(.text)
    __aeabi_memset                           0x08000317   Thumb Code    14  memseta.o(.text)
    __aeabi_memset4                          0x08000317   Thumb Code     0  memseta.o(.text)
    __aeabi_memset8                          0x08000317   Thumb Code     0  memseta.o(.text)
    __aeabi_memclr                           0x08000325   Thumb Code     4  memseta.o(.text)
    __aeabi_memclr4                          0x08000325   Thumb Code     0  memseta.o(.text)
    __aeabi_memclr8                          0x08000325   Thumb Code     0  memseta.o(.text)
    memset                                   0x08000329   Thumb Code    18  memseta.o(.text)
    strcat                                   0x0800033b   Thumb Code    24  strcat.o(.text)
    strncpy                                  0x08000353   Thumb Code    24  strncpy.o(.text)
    __aeabi_llsl                             0x0800036b   Thumb Code    30  llshl.o(.text)
    _ll_shift_l                              0x0800036b   Thumb Code     0  llshl.o(.text)
    __aeabi_llsr                             0x08000389   Thumb Code    32  llushr.o(.text)
    _ll_ushift_r                             0x08000389   Thumb Code     0  llushr.o(.text)
    __scatterload                            0x080003a9   Thumb Code    28  init.o(.text)
    __scatterload_rt2                        0x080003a9   Thumb Code     0  init.o(.text)
    BSP_SD_AbortCallback                     0x08000585   Thumb Code     2  bsp_driver_sd.o(i.BSP_SD_AbortCallback)
    BSP_SD_GetCardInfo                       0x08000589   Thumb Code     8  bsp_driver_sd.o(i.BSP_SD_GetCardInfo)
    BSP_SD_GetCardState                      0x08000595   Thumb Code    20  bsp_driver_sd.o(i.BSP_SD_GetCardState)
    BSP_SD_Init                              0x080005ad   Thumb Code    48  bsp_driver_sd.o(i.BSP_SD_Init)
    BSP_SD_ReadBlocks_DMA                    0x080005e1   Thumb Code    24  bsp_driver_sd.o(i.BSP_SD_ReadBlocks_DMA)
    BSP_SD_ReadCpltCallback                  0x080005fd   Thumb Code    14  sd_diskio.o(i.BSP_SD_ReadCpltCallback)
    BSP_SD_WriteBlocks_DMA                   0x08000611   Thumb Code    24  bsp_driver_sd.o(i.BSP_SD_WriteBlocks_DMA)
    BSP_SD_WriteCpltCallback                 0x0800062d   Thumb Code    14  sd_diskio.o(i.BSP_SD_WriteCpltCallback)
    BusFault_Handler                         0x08000641   Thumb Code     2  stm32f4xx_it.o(i.BusFault_Handler)
    DMA2_Stream0_IRQHandler                  0x08000645   Thumb Code     6  stm32f4xx_it.o(i.DMA2_Stream0_IRQHandler)
    DMA2_Stream1_IRQHandler                  0x08000651   Thumb Code     6  stm32f4xx_it.o(i.DMA2_Stream1_IRQHandler)
    DMA2_Stream3_IRQHandler                  0x0800065d   Thumb Code     6  stm32f4xx_it.o(i.DMA2_Stream3_IRQHandler)
    DMA2_Stream6_IRQHandler                  0x08000669   Thumb Code     6  stm32f4xx_it.o(i.DMA2_Stream6_IRQHandler)
    DebugMon_Handler                         0x08000719   Thumb Code     2  stm32f4xx_it.o(i.DebugMon_Handler)
    Error_Handler                            0x0800071b   Thumb Code     2  main.o(i.Error_Handler)
    FATFS_LinkDriver                         0x0800071d   Thumb Code     6  ff_gen_drv.o(i.FATFS_LinkDriver)
    FATFS_LinkDriverEx                       0x08000725   Thumb Code    58  ff_gen_drv.o(i.FATFS_LinkDriverEx)
    HAL_ADC_ConfigChannel                    0x08000765   Thumb Code   334  stm32f4xx_hal_adc.o(i.HAL_ADC_ConfigChannel)
    HAL_ADC_ConvCpltCallback                 0x080008c9   Thumb Code     2  stm32f4xx_hal_adc.o(i.HAL_ADC_ConvCpltCallback)
    HAL_ADC_ConvHalfCpltCallback             0x080008cb   Thumb Code     2  stm32f4xx_hal_adc.o(i.HAL_ADC_ConvHalfCpltCallback)
    HAL_ADC_ErrorCallback                    0x080008cd   Thumb Code     2  stm32f4xx_hal_adc.o(i.HAL_ADC_ErrorCallback)
    HAL_ADC_Init                             0x080008cf   Thumb Code    84  stm32f4xx_hal_adc.o(i.HAL_ADC_Init)
    HAL_ADC_MspInit                          0x08000925   Thumb Code   132  stm32f4xx_hal_msp.o(i.HAL_ADC_MspInit)
    HAL_ADC_Start_DMA                        0x080009bd   Thumb Code   228  stm32f4xx_hal_adc.o(i.HAL_ADC_Start_DMA)
    HAL_CRC_Calculate                        0x08000abd   Thumb Code    46  stm32f4xx_hal_crc.o(i.HAL_CRC_Calculate)
    HAL_CRC_Init                             0x08000aeb   Thumb Code    34  stm32f4xx_hal_crc.o(i.HAL_CRC_Init)
    HAL_CRC_MspInit                          0x08000b0d   Thumb Code    30  stm32f4xx_hal_msp.o(i.HAL_CRC_MspInit)
    HAL_DMA_Abort_IT                         0x08000b35   Thumb Code    36  stm32f4xx_hal_dma.o(i.HAL_DMA_Abort_IT)
    HAL_DMA_GetError                         0x08000b59   Thumb Code     4  stm32f4xx_hal_dma.o(i.HAL_DMA_GetError)
    HAL_DMA_IRQHandler                       0x08000b5d   Thumb Code   412  stm32f4xx_hal_dma.o(i.HAL_DMA_IRQHandler)
    HAL_DMA_Init                             0x08000cfd   Thumb Code   206  stm32f4xx_hal_dma.o(i.HAL_DMA_Init)
    HAL_DMA_Start_IT                         0x08000dd1   Thumb Code   110  stm32f4xx_hal_dma.o(i.HAL_DMA_Start_IT)
    HAL_Delay                                0x08000e41   Thumb Code    32  stm32f4xx_hal.o(i.HAL_Delay)
    HAL_GPIO_Init                            0x08000e65   Thumb Code   370  stm32f4xx_hal_gpio.o(i.HAL_GPIO_Init)
    HAL_GPIO_TogglePin                       0x08000ff9   Thumb Code    14  stm32f4xx_hal_gpio.o(i.HAL_GPIO_TogglePin)
    HAL_GPIO_WritePin                        0x08001007   Thumb Code    10  stm32f4xx_hal_gpio.o(i.HAL_GPIO_WritePin)
    HAL_GetTick                              0x08001011   Thumb Code     6  stm32f4xx_hal.o(i.HAL_GetTick)
    HAL_IncTick                              0x0800101d   Thumb Code    12  stm32f4xx_hal.o(i.HAL_IncTick)
    HAL_Init                                 0x0800102d   Thumb Code    48  stm32f4xx_hal.o(i.HAL_Init)
    HAL_InitTick                             0x08001061   Thumb Code   100  stm32f4xx_hal_timebase_tim.o(i.HAL_InitTick)
    HAL_MspInit                              0x080010d5   Thumb Code    52  stm32f4xx_hal_msp.o(i.HAL_MspInit)
    HAL_NVIC_EnableIRQ                       0x0800110d   Thumb Code    26  stm32f4xx_hal_cortex.o(i.HAL_NVIC_EnableIRQ)
    HAL_NVIC_SetPriority                     0x08001129   Thumb Code    60  stm32f4xx_hal_cortex.o(i.HAL_NVIC_SetPriority)
    HAL_NVIC_SetPriorityGrouping             0x08001169   Thumb Code    26  stm32f4xx_hal_cortex.o(i.HAL_NVIC_SetPriorityGrouping)
    HAL_RCC_ClockConfig                      0x0800118d   Thumb Code   288  stm32f4xx_hal_rcc.o(i.HAL_RCC_ClockConfig)
    HAL_RCC_GetClockConfig                   0x080012c1   Thumb Code    54  stm32f4xx_hal_rcc.o(i.HAL_RCC_GetClockConfig)
    HAL_RCC_GetPCLK1Freq                     0x08001301   Thumb Code    20  stm32f4xx_hal_rcc.o(i.HAL_RCC_GetPCLK1Freq)
    HAL_RCC_GetPCLK2Freq                     0x08001321   Thumb Code    20  stm32f4xx_hal_rcc.o(i.HAL_RCC_GetPCLK2Freq)
    HAL_RCC_GetSysClockFreq                  0x08001341   Thumb Code    88  stm32f4xx_hal_rcc.o(i.HAL_RCC_GetSysClockFreq)
    HAL_RCC_OscConfig                        0x080013a1   Thumb Code   834  stm32f4xx_hal_rcc.o(i.HAL_RCC_OscConfig)
    HAL_SD_AbortCallback                     0x080016fd   Thumb Code     8  bsp_driver_sd.o(i.HAL_SD_AbortCallback)
    HAL_SD_ConfigWideBusOperation            0x08001705   Thumb Code   238  stm32f4xx_hal_sd.o(i.HAL_SD_ConfigWideBusOperation)
    HAL_SD_ErrorCallback                     0x080017f9   Thumb Code     2  stm32f4xx_hal_sd.o(i.HAL_SD_ErrorCallback)
    HAL_SD_GetCardCSD                        0x080017fd   Thumb Code   402  stm32f4xx_hal_sd.o(i.HAL_SD_GetCardCSD)
    HAL_SD_GetCardInfo                       0x08001995   Thumb Code    36  stm32f4xx_hal_sd.o(i.HAL_SD_GetCardInfo)
    HAL_SD_GetCardState                      0x080019b9   Thumb Code    44  stm32f4xx_hal_sd.o(i.HAL_SD_GetCardState)
    HAL_SD_IRQHandler                        0x080019e5   Thumb Code   512  stm32f4xx_hal_sd.o(i.HAL_SD_IRQHandler)
    HAL_SD_Init                              0x08001bed   Thumb Code    54  stm32f4xx_hal_sd.o(i.HAL_SD_Init)
    HAL_SD_InitCard                          0x08001c25   Thumb Code    78  stm32f4xx_hal_sd.o(i.HAL_SD_InitCard)
    HAL_SD_MspInit                           0x08001c79   Thumb Code   330  stm32f4xx_hal_msp.o(i.HAL_SD_MspInit)
    HAL_SD_ReadBlocks_DMA                    0x08001de1   Thumb Code   288  stm32f4xx_hal_sd.o(i.HAL_SD_ReadBlocks_DMA)
    HAL_SD_RxCpltCallback                    0x08001f11   Thumb Code     8  bsp_driver_sd.o(i.HAL_SD_RxCpltCallback)
    HAL_SD_TxCpltCallback                    0x08001f19   Thumb Code     8  bsp_driver_sd.o(i.HAL_SD_TxCpltCallback)
    HAL_SD_WriteBlocks_DMA                   0x08001f21   Thumb Code   290  stm32f4xx_hal_sd.o(i.HAL_SD_WriteBlocks_DMA)
    HAL_TIMEx_BreakCallback                  0x08002055   Thumb Code     2  stm32f4xx_hal_tim_ex.o(i.HAL_TIMEx_BreakCallback)
    HAL_TIMEx_CommutCallback                 0x08002057   Thumb Code     2  stm32f4xx_hal_tim_ex.o(i.HAL_TIMEx_CommutCallback)
    HAL_TIMEx_MasterConfigSynchronization    0x08002059   Thumb Code   104  stm32f4xx_hal_tim_ex.o(i.HAL_TIMEx_MasterConfigSynchronization)
    HAL_TIM_Base_Init                        0x080020d5   Thumb Code    54  stm32f4xx_hal_tim.o(i.HAL_TIM_Base_Init)
    HAL_TIM_Base_MspInit                     0x0800210d   Thumb Code    50  stm32f4xx_hal_msp.o(i.HAL_TIM_Base_MspInit)
    HAL_TIM_Base_Start_IT                    0x08002149   Thumb Code    34  stm32f4xx_hal_tim.o(i.HAL_TIM_Base_Start_IT)
    HAL_TIM_ConfigClockSource                0x0800216b   Thumb Code   214  stm32f4xx_hal_tim.o(i.HAL_TIM_ConfigClockSource)
    HAL_TIM_IC_CaptureCallback               0x08002241   Thumb Code     2  stm32f4xx_hal_tim.o(i.HAL_TIM_IC_CaptureCallback)
    HAL_TIM_IRQHandler                       0x08002243   Thumb Code   358  stm32f4xx_hal_tim.o(i.HAL_TIM_IRQHandler)
    HAL_TIM_OC_DelayElapsedCallback          0x080023a9   Thumb Code     2  stm32f4xx_hal_tim.o(i.HAL_TIM_OC_DelayElapsedCallback)
    HAL_TIM_PWM_PulseFinishedCallback        0x080023ab   Thumb Code     2  stm32f4xx_hal_tim.o(i.HAL_TIM_PWM_PulseFinishedCallback)
    HAL_TIM_PeriodElapsedCallback            0x080023ad   Thumb Code   124  main.o(i.HAL_TIM_PeriodElapsedCallback)
    HAL_TIM_TriggerCallback                  0x08002439   Thumb Code     2  stm32f4xx_hal_tim.o(i.HAL_TIM_TriggerCallback)
    HAL_UART_ErrorCallback                   0x0800243b   Thumb Code     2  stm32f4xx_hal_uart.o(i.HAL_UART_ErrorCallback)
    HAL_UART_IRQHandler                      0x0800243d   Thumb Code   270  stm32f4xx_hal_uart.o(i.HAL_UART_IRQHandler)
    HAL_UART_Init                            0x08002551   Thumb Code    98  stm32f4xx_hal_uart.o(i.HAL_UART_Init)
    HAL_UART_MspInit                         0x080025b5   Thumb Code   306  stm32f4xx_hal_msp.o(i.HAL_UART_MspInit)
    HAL_UART_Receive_DMA                     0x08002705   Thumb Code   138  stm32f4xx_hal_uart.o(i.HAL_UART_Receive_DMA)
    HAL_UART_Receive_IT                      0x0800279d   Thumb Code    82  stm32f4xx_hal_uart.o(i.HAL_UART_Receive_IT)
    HAL_UART_RxCpltCallback                  0x080027f1   Thumb Code   324  main.o(i.HAL_UART_RxCpltCallback)
    HAL_UART_RxHalfCpltCallback              0x08002951   Thumb Code     2  stm32f4xx_hal_uart.o(i.HAL_UART_RxHalfCpltCallback)
    HAL_UART_Transmit_IT                     0x08002953   Thumb Code    62  stm32f4xx_hal_uart.o(i.HAL_UART_Transmit_IT)
    HAL_UART_TxCpltCallback                  0x08002991   Thumb Code    16  main.o(i.HAL_UART_TxCpltCallback)
    HardFault_Handler                        0x080029a9   Thumb Code     2  stm32f4xx_it.o(i.HardFault_Handler)
    MX_FATFS_Init                            0x08002a95   Thumb Code    18  fatfs.o(i.MX_FATFS_Init)
    MemManage_Handler                        0x08002b65   Thumb Code     2  stm32f4xx_it.o(i.MemManage_Handler)
    NMI_Handler                              0x08002b67   Thumb Code     2  stm32f4xx_it.o(i.NMI_Handler)
    SDIO_ConfigData                          0x08002b69   Thumb Code    36  stm32f4xx_ll_sdmmc.o(i.SDIO_ConfigData)
    SDIO_GetPowerState                       0x08002b8d   Thumb Code     8  stm32f4xx_ll_sdmmc.o(i.SDIO_GetPowerState)
    SDIO_GetResponse                         0x08002b95   Thumb Code     6  stm32f4xx_ll_sdmmc.o(i.SDIO_GetResponse)
    SDIO_IRQHandler                          0x08002b9d   Thumb Code     6  stm32f4xx_it.o(i.SDIO_IRQHandler)
    SDIO_Init                                0x08002ba9   Thumb Code    36  stm32f4xx_ll_sdmmc.o(i.SDIO_Init)
    SDIO_PowerState_ON                       0x08002bcd   Thumb Code    16  stm32f4xx_ll_sdmmc.o(i.SDIO_PowerState_ON)
    SDIO_ReadFIFO                            0x08002bdd   Thumb Code     6  stm32f4xx_ll_sdmmc.o(i.SDIO_ReadFIFO)
    SDIO_SendCommand                         0x08002be3   Thumb Code    32  stm32f4xx_ll_sdmmc.o(i.SDIO_SendCommand)
    SDIO_WriteFIFO                           0x08002c03   Thumb Code    10  stm32f4xx_ll_sdmmc.o(i.SDIO_WriteFIFO)
    SDMMC_CmdAppCommand                      0x08002c0d   Thumb Code    50  stm32f4xx_ll_sdmmc.o(i.SDMMC_CmdAppCommand)
    SDMMC_CmdAppOperCommand                  0x08002c41   Thumb Code    48  stm32f4xx_ll_sdmmc.o(i.SDMMC_CmdAppOperCommand)
    SDMMC_CmdBlockLength                     0x08002c75   Thumb Code    50  stm32f4xx_ll_sdmmc.o(i.SDMMC_CmdBlockLength)
    SDMMC_CmdBusWidth                        0x08002ca7   Thumb Code    50  stm32f4xx_ll_sdmmc.o(i.SDMMC_CmdBusWidth)
    SDMMC_CmdGoIdleState                     0x08002cd9   Thumb Code    74  stm32f4xx_ll_sdmmc.o(i.SDMMC_CmdGoIdleState)
    SDMMC_CmdOperCond                        0x08002d29   Thumb Code   112  stm32f4xx_ll_sdmmc.o(i.SDMMC_CmdOperCond)
    SDMMC_CmdReadMultiBlock                  0x08002d9d   Thumb Code    50  stm32f4xx_ll_sdmmc.o(i.SDMMC_CmdReadMultiBlock)
    SDMMC_CmdReadSingleBlock                 0x08002dcf   Thumb Code    50  stm32f4xx_ll_sdmmc.o(i.SDMMC_CmdReadSingleBlock)
    SDMMC_CmdSelDesel                        0x08002e01   Thumb Code    50  stm32f4xx_ll_sdmmc.o(i.SDMMC_CmdSelDesel)
    SDMMC_CmdSendCID                         0x08002e33   Thumb Code    44  stm32f4xx_ll_sdmmc.o(i.SDMMC_CmdSendCID)
    SDMMC_CmdSendCSD                         0x08002e5f   Thumb Code    44  stm32f4xx_ll_sdmmc.o(i.SDMMC_CmdSendCSD)
    SDMMC_CmdSendSCR                         0x08002e8b   Thumb Code    48  stm32f4xx_ll_sdmmc.o(i.SDMMC_CmdSendSCR)
    SDMMC_CmdSendStatus                      0x08002ebb   Thumb Code    50  stm32f4xx_ll_sdmmc.o(i.SDMMC_CmdSendStatus)
    SDMMC_CmdSetRelAdd                       0x08002eed   Thumb Code    48  stm32f4xx_ll_sdmmc.o(i.SDMMC_CmdSetRelAdd)
    SDMMC_CmdStopTransfer                    0x08002f1d   Thumb Code    46  stm32f4xx_ll_sdmmc.o(i.SDMMC_CmdStopTransfer)
    SDMMC_CmdWriteMultiBlock                 0x08002f51   Thumb Code    50  stm32f4xx_ll_sdmmc.o(i.SDMMC_CmdWriteMultiBlock)
    SDMMC_CmdWriteSingleBlock                0x08002f83   Thumb Code    50  stm32f4xx_ll_sdmmc.o(i.SDMMC_CmdWriteSingleBlock)
    SD_initialize                            0x080035e9   Thumb Code    64  sd_diskio.o(i.SD_initialize)
    SD_ioctl                                 0x08003631   Thumb Code    76  sd_diskio.o(i.SD_ioctl)
    SD_read                                  0x08003681   Thumb Code   152  sd_diskio.o(i.SD_read)
    SD_status                                0x08003721   Thumb Code     4  sd_diskio.o(i.SD_status)
    SD_write                                 0x08003725   Thumb Code   178  sd_diskio.o(i.SD_write)
    StartDefaultTask                         0x080037e1   Thumb Code   156  main.o(i.StartDefaultTask)
    SysTick_Handler                          0x0800388d   Thumb Code    38  port.o(i.SysTick_Handler)
    SystemClock_Config                       0x080038b9   Thumb Code   120  main.o(i.SystemClock_Config)
    SystemInit                               0x08003939   Thumb Code    22  system_stm32f4xx.o(i.SystemInit)
    TIM4_IRQHandler                          0x08003955   Thumb Code     6  stm32f4xx_it.o(i.TIM4_IRQHandler)
    TIM5_IRQHandler                          0x08003961   Thumb Code     6  stm32f4xx_it.o(i.TIM5_IRQHandler)
    TIM_Base_SetConfig                       0x0800396d   Thumb Code   122  stm32f4xx_hal_tim.o(i.TIM_Base_SetConfig)
    TIM_ETR_SetConfig                        0x08003a05   Thumb Code    20  stm32f4xx_hal_tim.o(i.TIM_ETR_SetConfig)
    USART1_IRQHandler                        0x08003d61   Thumb Code     6  stm32f4xx_it.o(i.USART1_IRQHandler)
    USART6_IRQHandler                        0x08003d6d   Thumb Code     6  stm32f4xx_it.o(i.USART6_IRQHandler)
    UsageFault_Handler                       0x08003d79   Thumb Code     2  stm32f4xx_it.o(i.UsageFault_Handler)
    __scatterload_copy                       0x08003d9b   Thumb Code    14  handlers.o(i.__scatterload_copy)
    __scatterload_null                       0x08003da9   Thumb Code     2  handlers.o(i.__scatterload_null)
    __scatterload_zeroinit                   0x08003dab   Thumb Code    14  handlers.o(i.__scatterload_zeroinit)
    main                                     0x08003dc5   Thumb Code   220  main.o(i.main)
    osKernelRunning                          0x08003ed1   Thumb Code    18  cmsis_os.o(i.osKernelRunning)
    osKernelStart                            0x08003ee3   Thumb Code    10  cmsis_os.o(i.osKernelStart)
    osKernelSysTick                          0x08003eed   Thumb Code    24  cmsis_os.o(i.osKernelSysTick)
    osMessageCreate                          0x08003f05   Thumb Code    38  cmsis_os.o(i.osMessageCreate)
    osMessageGet                             0x08003f2d   Thumb Code   144  cmsis_os.o(i.osMessageGet)
    osMessagePut                             0x08003fc1   Thumb Code    86  cmsis_os.o(i.osMessagePut)
    osThreadCreate                           0x0800401d   Thumb Code    84  cmsis_os.o(i.osThreadCreate)
    pvPortMalloc                             0x080044e5   Thumb Code   210  heap_4.o(i.pvPortMalloc)
    pxPortInitialiseStack                    0x080045bd   Thumb Code    40  port.o(i.pxPortInitialiseStack)
    uxListRemove                             0x080045e9   Thumb Code    38  list.o(i.uxListRemove)
    vApplicationGetIdleTaskMemory            0x08004611   Thumb Code    16  freertos.o(i.vApplicationGetIdleTaskMemory)
    vListInitialise                          0x08004625   Thumb Code    22  list.o(i.vListInitialise)
    vListInitialiseItem                      0x0800463b   Thumb Code     6  list.o(i.vListInitialiseItem)
    vListInsert                              0x08004641   Thumb Code    48  list.o(i.vListInsert)
    vListInsertEnd                           0x08004671   Thumb Code    24  list.o(i.vListInsertEnd)
    vPortEnterCritical                       0x08004689   Thumb Code    54  port.o(i.vPortEnterCritical)
    vPortExitCritical                        0x080046c9   Thumb Code    34  port.o(i.vPortExitCritical)
    vPortFree                                0x080046f1   Thumb Code    88  heap_4.o(i.vPortFree)
    vPortSetupTimerInterrupt                 0x0800474d   Thumb Code    32  port.o(i.vPortSetupTimerInterrupt)
    vPortValidateInterruptPriority           0x08004771   Thumb Code    74  port.o(i.vPortValidateInterruptPriority)
    vTaskInternalSetTimeOutState             0x080047c5   Thumb Code    12  tasks.o(i.vTaskInternalSetTimeOutState)
    vTaskMissedYield                         0x080047d5   Thumb Code     8  tasks.o(i.vTaskMissedYield)
    vTaskPlaceOnEventList                    0x080047e1   Thumb Code    44  tasks.o(i.vTaskPlaceOnEventList)
    vTaskStartScheduler                      0x08004811   Thumb Code    90  tasks.o(i.vTaskStartScheduler)
    vTaskSuspendAll                          0x0800487d   Thumb Code    10  tasks.o(i.vTaskSuspendAll)
    vTaskSwitchContext                       0x0800488d   Thumb Code    82  tasks.o(i.vTaskSwitchContext)
    xPortStartScheduler                      0x080048e9   Thumb Code   222  port.o(i.xPortStartScheduler)
    xQueueGenericCreate                      0x080049dd   Thumb Code    72  queue.o(i.xQueueGenericCreate)
    xQueueGenericCreateStatic                0x08004a25   Thumb Code   102  queue.o(i.xQueueGenericCreateStatic)
    xQueueGenericReset                       0x08004a8d   Thumb Code   132  queue.o(i.xQueueGenericReset)
    xQueueGenericSend                        0x08004b15   Thumb Code   346  queue.o(i.xQueueGenericSend)
    xQueueGenericSendFromISR                 0x08004c75   Thumb Code   188  queue.o(i.xQueueGenericSendFromISR)
    xQueueReceive                            0x08004d31   Thumb Code   308  queue.o(i.xQueueReceive)
    xQueueReceiveFromISR                     0x08004e69   Thumb Code   154  queue.o(i.xQueueReceiveFromISR)
    xTaskCheckForTimeOut                     0x08004f05   Thumb Code   112  tasks.o(i.xTaskCheckForTimeOut)
    xTaskCreate                              0x08004f79   Thumb Code    90  tasks.o(i.xTaskCreate)
    xTaskCreateStatic                        0x08004fd3   Thumb Code    86  tasks.o(i.xTaskCreateStatic)
    xTaskGetSchedulerState                   0x08005029   Thumb Code    22  tasks.o(i.xTaskGetSchedulerState)
    xTaskGetTickCount                        0x08005045   Thumb Code     6  tasks.o(i.xTaskGetTickCount)
    xTaskGetTickCountFromISR                 0x08005051   Thumb Code    12  tasks.o(i.xTaskGetTickCountFromISR)
    xTaskIncrementTick                       0x08005061   Thumb Code   192  tasks.o(i.xTaskIncrementTick)
    xTaskPriorityDisinherit                  0x08005129   Thumb Code   144  tasks.o(i.xTaskPriorityDisinherit)
    xTaskRemoveFromEventList                 0x080051c1   Thumb Code   108  tasks.o(i.xTaskRemoveFromEventList)
    xTaskResumeAll                           0x08005235   Thumb Code   182  tasks.o(i.xTaskResumeAll)
    SD_Driver                                0x08005314   Data          20  sd_diskio.o(.constdata)
    AHBPrescTable                            0x08005338   Data          16  system_stm32f4xx.o(.constdata)
    APBPrescTable                            0x08005348   Data           8  system_stm32f4xx.o(.constdata)
    Region$$Table$$Base                      0x08005364   Number         0  anon$$obj.o(Region$$Table)
    Region$$Table$$Limit                     0x08005384   Number         0  anon$$obj.o(Region$$Table)
    _5ms_flg                                 0x20000000   Data           1  main.o(.data)
    datasave_flg                             0x20000001   Data           1  main.o(.data)
    k                                        0x20000002   Data           1  main.o(.data)
    datatrans_flg                            0x20000003   Data           1  main.o(.data)
    datatest_flg                             0x20000004   Data           1  main.o(.data)
    crcval                                   0x20000006   Data           2  main.o(.data)
    tmr_ms                                   0x20000008   Data           2  main.o(.data)
    tmr_1000ms                               0x2000000a   Data           2  main.o(.data)
    svtmr_ms                                 0x2000000c   Data           2  main.o(.data)
    defaultTaskHandle                        0x20000010   Data           4  main.o(.data)
    hcrc                                     0x20000014   Data           8  main.o(.data)
    retSD                                    0x20000024   Data           1  fatfs.o(.data)
    SDPath                                   0x20000025   Data           4  fatfs.o(.data)
    SystemCoreClock                          0x2000002c   Data           4  system_stm32f4xx.o(.data)
    uwTickFreq                               0x20000030   Data           1  stm32f4xx_hal.o(.data)
    uwTickPrio                               0x20000034   Data           4  stm32f4xx_hal.o(.data)
    uwTick                                   0x20000038   Data           4  stm32f4xx_hal.o(.data)
    pxCurrentTCB                             0x2000003c   Data           4  tasks.o(.data)
    Rxbuf_ino                                0x2000009c   Data          10  main.o(.bss)
    Rxbuf_ino_p                              0x200000a6   Data          10  main.o(.bss)
    adcValArray                              0x200000b0   Data          10  main.o(.bss)
    crcArray_send                            0x200000bc   Data          40  main.o(.bss)
    hadc1                                    0x200000e4   Data          72  main.o(.bss)
    hsd                                      0x2000012c   Data         132  main.o(.bss)
    htim4                                    0x200001b0   Data          64  main.o(.bss)
    huart1                                   0x200001f0   Data          64  main.o(.bss)
    huart2                                   0x20000230   Data          64  main.o(.bss)
    huart6                                   0x20000270   Data          64  main.o(.bss)
    txdata                                   0x200002b0   Data          22  main.o(.bss)
    rxBuf_sd                                 0x200002c6   Data           9  main.o(.bss)
    str_testset                              0x200002cf   Data          10  main.o(.bss)
    hdma_adc1                                0x200002dc   Data          96  main.o(.bss)
    hdma_sdio_rx                             0x2000033c   Data          96  main.o(.bss)
    hdma_sdio_tx                             0x2000039c   Data          96  main.o(.bss)
    hdma_usart6_rx                           0x200003fc   Data          96  main.o(.bss)
    htim5                                    0x200008b0   Data          64  stm32f4xx_hal_timebase_tim.o(.bss)
    disk                                     0x200008f0   Data          12  ff_gen_drv.o(.bss)
    __initial_sp                             0x200085f0   Data           0  startup_stm32f411xe.o(STACK)



==============================================================================

Memory Map of the image

  Image Entry point : 0x08000199

  Load Region LR_IROM1 (Base: 0x08000000, Size: 0x00005420, Max: 0x00040000, ABSOLUTE)

    Execution Region ER_IROM1 (Exec base: 0x08000000, Load base: 0x08000000, Size: 0x00005384, Max: 0x00040000, ABSOLUTE)

    Exec Addr    Load Addr    Size         Type   Attr      Idx    E Section Name        Object

    0x08000000   0x08000000   0x00000198   Data   RO            3    RESET               startup_stm32f411xe.o
    0x08000198   0x08000198   0x00000000   Code   RO         5947  * .ARM.Collect$$$$00000000  mc_w.l(entry.o)
    0x08000198   0x08000198   0x00000004   Code   RO         5964    .ARM.Collect$$$$00000001  mc_w.l(entry2.o)
    0x0800019c   0x0800019c   0x00000004   Code   RO         5967    .ARM.Collect$$$$00000004  mc_w.l(entry5.o)
    0x080001a0   0x080001a0   0x00000000   Code   RO         5969    .ARM.Collect$$$$00000008  mc_w.l(entry7b.o)
    0x080001a0   0x080001a0   0x00000000   Code   RO         5971    .ARM.Collect$$$$0000000A  mc_w.l(entry8b.o)
    0x080001a0   0x080001a0   0x00000008   Code   RO         5972    .ARM.Collect$$$$0000000B  mc_w.l(entry9a.o)
    0x080001a8   0x080001a8   0x00000000   Code   RO         5974    .ARM.Collect$$$$0000000D  mc_w.l(entry10a.o)
    0x080001a8   0x080001a8   0x00000000   Code   RO         5976    .ARM.Collect$$$$0000000F  mc_w.l(entry11a.o)
    0x080001a8   0x080001a8   0x00000004   Code   RO         5965    .ARM.Collect$$$$00002712  mc_w.l(entry2.o)
    0x080001ac   0x080001ac   0x000000be   Code   RO         5870    .emb_text           port.o
    0x0800026a   0x0800026a   0x00000002   PAD
    0x0800026c   0x0800026c   0x00000024   Code   RO            4    .text               startup_stm32f411xe.o
    0x08000290   0x08000290   0x00000062   Code   RO         5950    .text               mc_w.l(uldiv.o)
    0x080002f2   0x080002f2   0x00000024   Code   RO         5952    .text               mc_w.l(memcpya.o)
    0x08000316   0x08000316   0x00000024   Code   RO         5956    .text               mc_w.l(memseta.o)
    0x0800033a   0x0800033a   0x00000018   Code   RO         5958    .text               mc_w.l(strcat.o)
    0x08000352   0x08000352   0x00000018   Code   RO         5960    .text               mc_w.l(strncpy.o)
    0x0800036a   0x0800036a   0x0000001e   Code   RO         5978    .text               mc_w.l(llshl.o)
    0x08000388   0x08000388   0x00000020   Code   RO         5980    .text               mc_w.l(llushr.o)
    0x080003a8   0x080003a8   0x00000024   Code   RO         5982    .text               mc_w.l(init.o)
    0x080003cc   0x080003cc   0x0000006e   Code   RO          909    i.ADC_DMAConvCplt   stm32f4xx_hal_adc.o
    0x0800043a   0x0800043a   0x00000016   Code   RO          910    i.ADC_DMAError      stm32f4xx_hal_adc.o
    0x08000450   0x08000450   0x0000000a   Code   RO          911    i.ADC_DMAHalfConvCplt  stm32f4xx_hal_adc.o
    0x0800045a   0x0800045a   0x00000002   PAD
    0x0800045c   0x0800045c   0x00000128   Code   RO          912    i.ADC_Init          stm32f4xx_hal_adc.o
    0x08000584   0x08000584   0x00000002   Code   RO          309    i.BSP_SD_AbortCallback  bsp_driver_sd.o
    0x08000586   0x08000586   0x00000002   PAD
    0x08000588   0x08000588   0x0000000c   Code   RO          315    i.BSP_SD_GetCardInfo  bsp_driver_sd.o
    0x08000594   0x08000594   0x00000018   Code   RO          316    i.BSP_SD_GetCardState  bsp_driver_sd.o
    0x080005ac   0x080005ac   0x00000034   Code   RO          319    i.BSP_SD_Init       bsp_driver_sd.o
    0x080005e0   0x080005e0   0x0000001c   Code   RO          322    i.BSP_SD_ReadBlocks_DMA  bsp_driver_sd.o
    0x080005fc   0x080005fc   0x00000014   Code   RO          453    i.BSP_SD_ReadCpltCallback  sd_diskio.o
    0x08000610   0x08000610   0x0000001c   Code   RO          325    i.BSP_SD_WriteBlocks_DMA  bsp_driver_sd.o
    0x0800062c   0x0800062c   0x00000014   Code   RO          454    i.BSP_SD_WriteCpltCallback  sd_diskio.o
    0x08000640   0x08000640   0x00000002   Code   RO          635    i.BusFault_Handler  stm32f4xx_it.o
    0x08000642   0x08000642   0x00000002   PAD
    0x08000644   0x08000644   0x0000000c   Code   RO          636    i.DMA2_Stream0_IRQHandler  stm32f4xx_it.o
    0x08000650   0x08000650   0x0000000c   Code   RO          637    i.DMA2_Stream1_IRQHandler  stm32f4xx_it.o
    0x0800065c   0x0800065c   0x0000000c   Code   RO          638    i.DMA2_Stream3_IRQHandler  stm32f4xx_it.o
    0x08000668   0x08000668   0x0000000c   Code   RO          639    i.DMA2_Stream6_IRQHandler  stm32f4xx_it.o
    0x08000674   0x08000674   0x00000028   Code   RO         1697    i.DMA_CalcBaseAndBitshift  stm32f4xx_hal_dma.o
    0x0800069c   0x0800069c   0x00000054   Code   RO         1698    i.DMA_CheckFifoParam  stm32f4xx_hal_dma.o
    0x080006f0   0x080006f0   0x00000028   Code   RO         1699    i.DMA_SetConfig     stm32f4xx_hal_dma.o
    0x08000718   0x08000718   0x00000002   Code   RO          640    i.DebugMon_Handler  stm32f4xx_it.o
    0x0800071a   0x0800071a   0x00000002   Code   RO           13    i.Error_Handler     main.o
    0x0800071c   0x0800071c   0x00000006   Code   RO         4594    i.FATFS_LinkDriver  ff_gen_drv.o
    0x08000722   0x08000722   0x00000002   PAD
    0x08000724   0x08000724   0x00000040   Code   RO         4595    i.FATFS_LinkDriverEx  ff_gen_drv.o
    0x08000764   0x08000764   0x00000164   Code   RO          914    i.HAL_ADC_ConfigChannel  stm32f4xx_hal_adc.o
    0x080008c8   0x080008c8   0x00000002   Code   RO          915    i.HAL_ADC_ConvCpltCallback  stm32f4xx_hal_adc.o
    0x080008ca   0x080008ca   0x00000002   Code   RO          916    i.HAL_ADC_ConvHalfCpltCallback  stm32f4xx_hal_adc.o
    0x080008cc   0x080008cc   0x00000002   Code   RO          918    i.HAL_ADC_ErrorCallback  stm32f4xx_hal_adc.o
    0x080008ce   0x080008ce   0x00000054   Code   RO          923    i.HAL_ADC_Init      stm32f4xx_hal_adc.o
    0x08000922   0x08000922   0x00000002   PAD
    0x08000924   0x08000924   0x00000098   Code   RO          748    i.HAL_ADC_MspInit   stm32f4xx_hal_msp.o
    0x080009bc   0x080009bc   0x00000100   Code   RO          930    i.HAL_ADC_Start_DMA  stm32f4xx_hal_adc.o
    0x08000abc   0x08000abc   0x0000002e   Code   RO         2395    i.HAL_CRC_Calculate  stm32f4xx_hal_crc.o
    0x08000aea   0x08000aea   0x00000022   Code   RO         2398    i.HAL_CRC_Init      stm32f4xx_hal_crc.o
    0x08000b0c   0x08000b0c   0x00000028   Code   RO          750    i.HAL_CRC_MspInit   stm32f4xx_hal_msp.o
    0x08000b34   0x08000b34   0x00000024   Code   RO         1701    i.HAL_DMA_Abort_IT  stm32f4xx_hal_dma.o
    0x08000b58   0x08000b58   0x00000004   Code   RO         1703    i.HAL_DMA_GetError  stm32f4xx_hal_dma.o
    0x08000b5c   0x08000b5c   0x000001a0   Code   RO         1705    i.HAL_DMA_IRQHandler  stm32f4xx_hal_dma.o
    0x08000cfc   0x08000cfc   0x000000d4   Code   RO         1706    i.HAL_DMA_Init      stm32f4xx_hal_dma.o
    0x08000dd0   0x08000dd0   0x0000006e   Code   RO         1710    i.HAL_DMA_Start_IT  stm32f4xx_hal_dma.o
    0x08000e3e   0x08000e3e   0x00000002   PAD
    0x08000e40   0x08000e40   0x00000024   Code   RO         2143    i.HAL_Delay         stm32f4xx_hal.o
    0x08000e64   0x08000e64   0x00000194   Code   RO         1593    i.HAL_GPIO_Init     stm32f4xx_hal_gpio.o
    0x08000ff8   0x08000ff8   0x0000000e   Code   RO         1596    i.HAL_GPIO_TogglePin  stm32f4xx_hal_gpio.o
    0x08001006   0x08001006   0x0000000a   Code   RO         1597    i.HAL_GPIO_WritePin  stm32f4xx_hal_gpio.o
    0x08001010   0x08001010   0x0000000c   Code   RO         2149    i.HAL_GetTick       stm32f4xx_hal.o
    0x0800101c   0x0800101c   0x00000010   Code   RO         2155    i.HAL_IncTick       stm32f4xx_hal.o
    0x0800102c   0x0800102c   0x00000034   Code   RO         2156    i.HAL_Init          stm32f4xx_hal.o
    0x08001060   0x08001060   0x00000074   Code   RO          832    i.HAL_InitTick      stm32f4xx_hal_timebase_tim.o
    0x080010d4   0x080010d4   0x00000038   Code   RO          751    i.HAL_MspInit       stm32f4xx_hal_msp.o
    0x0800110c   0x0800110c   0x0000001a   Code   RO         2006    i.HAL_NVIC_EnableIRQ  stm32f4xx_hal_cortex.o
    0x08001126   0x08001126   0x00000002   PAD
    0x08001128   0x08001128   0x00000040   Code   RO         2012    i.HAL_NVIC_SetPriority  stm32f4xx_hal_cortex.o
    0x08001168   0x08001168   0x00000024   Code   RO         2013    i.HAL_NVIC_SetPriorityGrouping  stm32f4xx_hal_cortex.o
    0x0800118c   0x0800118c   0x00000134   Code   RO         1185    i.HAL_RCC_ClockConfig  stm32f4xx_hal_rcc.o
    0x080012c0   0x080012c0   0x00000040   Code   RO         1189    i.HAL_RCC_GetClockConfig  stm32f4xx_hal_rcc.o
    0x08001300   0x08001300   0x00000020   Code   RO         1192    i.HAL_RCC_GetPCLK1Freq  stm32f4xx_hal_rcc.o
    0x08001320   0x08001320   0x00000020   Code   RO         1193    i.HAL_RCC_GetPCLK2Freq  stm32f4xx_hal_rcc.o
    0x08001340   0x08001340   0x00000060   Code   RO         1194    i.HAL_RCC_GetSysClockFreq  stm32f4xx_hal_rcc.o
    0x080013a0   0x080013a0   0x0000035c   Code   RO         1197    i.HAL_RCC_OscConfig  stm32f4xx_hal_rcc.o
    0x080016fc   0x080016fc   0x00000008   Code   RO          327    i.HAL_SD_AbortCallback  bsp_driver_sd.o
    0x08001704   0x08001704   0x000000f4   Code   RO         2721    i.HAL_SD_ConfigWideBusOperation  stm32f4xx_hal_sd.o
    0x080017f8   0x080017f8   0x00000002   Code   RO         2724    i.HAL_SD_ErrorCallback  stm32f4xx_hal_sd.o
    0x080017fa   0x080017fa   0x00000002   PAD
    0x080017fc   0x080017fc   0x00000198   Code   RO         2726    i.HAL_SD_GetCardCSD  stm32f4xx_hal_sd.o
    0x08001994   0x08001994   0x00000024   Code   RO         2727    i.HAL_SD_GetCardInfo  stm32f4xx_hal_sd.o
    0x080019b8   0x080019b8   0x0000002c   Code   RO         2728    i.HAL_SD_GetCardState  stm32f4xx_hal_sd.o
    0x080019e4   0x080019e4   0x00000208   Code   RO         2732    i.HAL_SD_IRQHandler  stm32f4xx_hal_sd.o
    0x08001bec   0x08001bec   0x00000036   Code   RO         2733    i.HAL_SD_Init       stm32f4xx_hal_sd.o
    0x08001c22   0x08001c22   0x00000002   PAD
    0x08001c24   0x08001c24   0x00000054   Code   RO         2734    i.HAL_SD_InitCard   stm32f4xx_hal_sd.o
    0x08001c78   0x08001c78   0x00000168   Code   RO          753    i.HAL_SD_MspInit    stm32f4xx_hal_msp.o
    0x08001de0   0x08001de0   0x00000130   Code   RO         2738    i.HAL_SD_ReadBlocks_DMA  stm32f4xx_hal_sd.o
    0x08001f10   0x08001f10   0x00000008   Code   RO          328    i.HAL_SD_RxCpltCallback  bsp_driver_sd.o
    0x08001f18   0x08001f18   0x00000008   Code   RO          329    i.HAL_SD_TxCpltCallback  bsp_driver_sd.o
    0x08001f20   0x08001f20   0x00000134   Code   RO         2743    i.HAL_SD_WriteBlocks_DMA  stm32f4xx_hal_sd.o
    0x08002054   0x08002054   0x00000002   Code   RO         3620    i.HAL_TIMEx_BreakCallback  stm32f4xx_hal_tim_ex.o
    0x08002056   0x08002056   0x00000002   Code   RO         3621    i.HAL_TIMEx_CommutCallback  stm32f4xx_hal_tim_ex.o
    0x08002058   0x08002058   0x0000007c   Code   RO         3638    i.HAL_TIMEx_MasterConfigSynchronization  stm32f4xx_hal_tim_ex.o
    0x080020d4   0x080020d4   0x00000036   Code   RO         2945    i.HAL_TIM_Base_Init  stm32f4xx_hal_tim.o
    0x0800210a   0x0800210a   0x00000002   PAD
    0x0800210c   0x0800210c   0x0000003c   Code   RO          755    i.HAL_TIM_Base_MspInit  stm32f4xx_hal_msp.o
    0x08002148   0x08002148   0x00000022   Code   RO         2950    i.HAL_TIM_Base_Start_IT  stm32f4xx_hal_tim.o
    0x0800216a   0x0800216a   0x000000d6   Code   RO         2954    i.HAL_TIM_ConfigClockSource  stm32f4xx_hal_tim.o
    0x08002240   0x08002240   0x00000002   Code   RO         2974    i.HAL_TIM_IC_CaptureCallback  stm32f4xx_hal_tim.o
    0x08002242   0x08002242   0x00000166   Code   RO         2988    i.HAL_TIM_IRQHandler  stm32f4xx_hal_tim.o
    0x080023a8   0x080023a8   0x00000002   Code   RO         2991    i.HAL_TIM_OC_DelayElapsedCallback  stm32f4xx_hal_tim.o
    0x080023aa   0x080023aa   0x00000002   Code   RO         3018    i.HAL_TIM_PWM_PulseFinishedCallback  stm32f4xx_hal_tim.o
    0x080023ac   0x080023ac   0x0000008c   Code   RO           14    i.HAL_TIM_PeriodElapsedCallback  main.o
    0x08002438   0x08002438   0x00000002   Code   RO         3031    i.HAL_TIM_TriggerCallback  stm32f4xx_hal_tim.o
    0x0800243a   0x0800243a   0x00000002   Code   RO         3892    i.HAL_UART_ErrorCallback  stm32f4xx_hal_uart.o
    0x0800243c   0x0800243c   0x00000114   Code   RO         3895    i.HAL_UART_IRQHandler  stm32f4xx_hal_uart.o
    0x08002550   0x08002550   0x00000062   Code   RO         3896    i.HAL_UART_Init     stm32f4xx_hal_uart.o
    0x080025b2   0x080025b2   0x00000002   PAD
    0x080025b4   0x080025b4   0x00000150   Code   RO          757    i.HAL_UART_MspInit  stm32f4xx_hal_msp.o
    0x08002704   0x08002704   0x00000098   Code   RO         3900    i.HAL_UART_Receive_DMA  stm32f4xx_hal_uart.o
    0x0800279c   0x0800279c   0x00000052   Code   RO         3901    i.HAL_UART_Receive_IT  stm32f4xx_hal_uart.o
    0x080027ee   0x080027ee   0x00000002   PAD
    0x080027f0   0x080027f0   0x00000160   Code   RO           15    i.HAL_UART_RxCpltCallback  main.o
    0x08002950   0x08002950   0x00000002   Code   RO         3903    i.HAL_UART_RxHalfCpltCallback  stm32f4xx_hal_uart.o
    0x08002952   0x08002952   0x0000003e   Code   RO         3906    i.HAL_UART_Transmit_IT  stm32f4xx_hal_uart.o
    0x08002990   0x08002990   0x00000018   Code   RO           16    i.HAL_UART_TxCpltCallback  main.o
    0x080029a8   0x080029a8   0x00000002   Code   RO          641    i.HardFault_Handler  stm32f4xx_it.o
    0x080029aa   0x080029aa   0x00000002   PAD
    0x080029ac   0x080029ac   0x0000008c   Code   RO           17    i.MX_ADC1_Init      main.o
    0x08002a38   0x08002a38   0x0000005c   Code   RO           18    i.MX_DMA_Init       main.o
    0x08002a94   0x08002a94   0x0000001c   Code   RO          557    i.MX_FATFS_Init     fatfs.o
    0x08002ab0   0x08002ab0   0x00000060   Code   RO           19    i.MX_GPIO_Init      main.o
    0x08002b10   0x08002b10   0x00000054   Code   RO           20    i.MX_TIM4_Init      main.o
    0x08002b64   0x08002b64   0x00000002   Code   RO          642    i.MemManage_Handler  stm32f4xx_it.o
    0x08002b66   0x08002b66   0x00000002   Code   RO          643    i.NMI_Handler       stm32f4xx_it.o
    0x08002b68   0x08002b68   0x00000024   Code   RO         2454    i.SDIO_ConfigData   stm32f4xx_ll_sdmmc.o
    0x08002b8c   0x08002b8c   0x00000008   Code   RO         2458    i.SDIO_GetPowerState  stm32f4xx_ll_sdmmc.o
    0x08002b94   0x08002b94   0x00000006   Code   RO         2459    i.SDIO_GetResponse  stm32f4xx_ll_sdmmc.o
    0x08002b9a   0x08002b9a   0x00000002   PAD
    0x08002b9c   0x08002b9c   0x0000000c   Code   RO          644    i.SDIO_IRQHandler   stm32f4xx_it.o
    0x08002ba8   0x08002ba8   0x00000024   Code   RO         2460    i.SDIO_Init         stm32f4xx_ll_sdmmc.o
    0x08002bcc   0x08002bcc   0x00000010   Code   RO         2462    i.SDIO_PowerState_ON  stm32f4xx_ll_sdmmc.o
    0x08002bdc   0x08002bdc   0x00000006   Code   RO         2463    i.SDIO_ReadFIFO     stm32f4xx_ll_sdmmc.o
    0x08002be2   0x08002be2   0x00000020   Code   RO         2464    i.SDIO_SendCommand  stm32f4xx_ll_sdmmc.o
    0x08002c02   0x08002c02   0x0000000a   Code   RO         2466    i.SDIO_WriteFIFO    stm32f4xx_ll_sdmmc.o
    0x08002c0c   0x08002c0c   0x00000032   Code   RO         2467    i.SDMMC_CmdAppCommand  stm32f4xx_ll_sdmmc.o
    0x08002c3e   0x08002c3e   0x00000002   PAD
    0x08002c40   0x08002c40   0x00000034   Code   RO         2468    i.SDMMC_CmdAppOperCommand  stm32f4xx_ll_sdmmc.o
    0x08002c74   0x08002c74   0x00000032   Code   RO         2469    i.SDMMC_CmdBlockLength  stm32f4xx_ll_sdmmc.o
    0x08002ca6   0x08002ca6   0x00000032   Code   RO         2470    i.SDMMC_CmdBusWidth  stm32f4xx_ll_sdmmc.o
    0x08002cd8   0x08002cd8   0x00000050   Code   RO         2474    i.SDMMC_CmdGoIdleState  stm32f4xx_ll_sdmmc.o
    0x08002d28   0x08002d28   0x00000074   Code   RO         2476    i.SDMMC_CmdOperCond  stm32f4xx_ll_sdmmc.o
    0x08002d9c   0x08002d9c   0x00000032   Code   RO         2477    i.SDMMC_CmdReadMultiBlock  stm32f4xx_ll_sdmmc.o
    0x08002dce   0x08002dce   0x00000032   Code   RO         2478    i.SDMMC_CmdReadSingleBlock  stm32f4xx_ll_sdmmc.o
    0x08002e00   0x08002e00   0x00000032   Code   RO         2481    i.SDMMC_CmdSelDesel  stm32f4xx_ll_sdmmc.o
    0x08002e32   0x08002e32   0x0000002c   Code   RO         2482    i.SDMMC_CmdSendCID  stm32f4xx_ll_sdmmc.o
    0x08002e5e   0x08002e5e   0x0000002c   Code   RO         2483    i.SDMMC_CmdSendCSD  stm32f4xx_ll_sdmmc.o
    0x08002e8a   0x08002e8a   0x00000030   Code   RO         2484    i.SDMMC_CmdSendSCR  stm32f4xx_ll_sdmmc.o
    0x08002eba   0x08002eba   0x00000032   Code   RO         2485    i.SDMMC_CmdSendStatus  stm32f4xx_ll_sdmmc.o
    0x08002eec   0x08002eec   0x00000030   Code   RO         2486    i.SDMMC_CmdSetRelAdd  stm32f4xx_ll_sdmmc.o
    0x08002f1c   0x08002f1c   0x00000034   Code   RO         2488    i.SDMMC_CmdStopTransfer  stm32f4xx_ll_sdmmc.o
    0x08002f50   0x08002f50   0x00000032   Code   RO         2490    i.SDMMC_CmdWriteMultiBlock  stm32f4xx_ll_sdmmc.o
    0x08002f82   0x08002f82   0x00000032   Code   RO         2491    i.SDMMC_CmdWriteSingleBlock  stm32f4xx_ll_sdmmc.o
    0x08002fb4   0x08002fb4   0x00000120   Code   RO         2492    i.SDMMC_GetCmdResp1  stm32f4xx_ll_sdmmc.o
    0x080030d4   0x080030d4   0x00000050   Code   RO         2493    i.SDMMC_GetCmdResp2  stm32f4xx_ll_sdmmc.o
    0x08003124   0x08003124   0x00000044   Code   RO         2494    i.SDMMC_GetCmdResp3  stm32f4xx_ll_sdmmc.o
    0x08003168   0x08003168   0x00000088   Code   RO         2495    i.SDMMC_GetCmdResp6  stm32f4xx_ll_sdmmc.o
    0x080031f0   0x080031f0   0x00000020   Code   RO          455    i.SD_CheckStatus    sd_diskio.o
    0x08003210   0x08003210   0x00000024   Code   RO          456    i.SD_CheckStatusWithTimeout  sd_diskio.o
    0x08003234   0x08003234   0x00000064   Code   RO         2745    i.SD_DMAError       stm32f4xx_hal_sd.o
    0x08003298   0x08003298   0x00000042   Code   RO         2746    i.SD_DMAReceiveCplt  stm32f4xx_hal_sd.o
    0x080032da   0x080032da   0x00000044   Code   RO         2747    i.SD_DMARxAbort     stm32f4xx_hal_sd.o
    0x0800331e   0x0800331e   0x0000000e   Code   RO         2748    i.SD_DMATransmitCplt  stm32f4xx_hal_sd.o
    0x0800332c   0x0800332c   0x00000044   Code   RO         2749    i.SD_DMATxAbort     stm32f4xx_hal_sd.o
    0x08003370   0x08003370   0x000000d4   Code   RO         2750    i.SD_FindSCR        stm32f4xx_hal_sd.o
    0x08003444   0x08003444   0x000000ee   Code   RO         2751    i.SD_InitCard       stm32f4xx_hal_sd.o
    0x08003532   0x08003532   0x00000002   PAD
    0x08003534   0x08003534   0x000000b4   Code   RO         2752    i.SD_PowerON        stm32f4xx_hal_sd.o
    0x080035e8   0x080035e8   0x00000048   Code   RO          457    i.SD_initialize     sd_diskio.o
    0x08003630   0x08003630   0x00000050   Code   RO          458    i.SD_ioctl          sd_diskio.o
    0x08003680   0x08003680   0x000000a0   Code   RO          459    i.SD_read           sd_diskio.o
    0x08003720   0x08003720   0x00000004   Code   RO          460    i.SD_status         sd_diskio.o
    0x08003724   0x08003724   0x000000bc   Code   RO          461    i.SD_write          sd_diskio.o
    0x080037e0   0x080037e0   0x000000ac   Code   RO           21    i.StartDefaultTask  main.o
    0x0800388c   0x0800388c   0x0000002c   Code   RO         5871    i.SysTick_Handler   port.o
    0x080038b8   0x080038b8   0x00000080   Code   RO           22    i.SystemClock_Config  main.o
    0x08003938   0x08003938   0x0000001c   Code   RO          872    i.SystemInit        system_stm32f4xx.o
    0x08003954   0x08003954   0x0000000c   Code   RO          645    i.TIM4_IRQHandler   stm32f4xx_it.o
    0x08003960   0x08003960   0x0000000c   Code   RO          646    i.TIM5_IRQHandler   stm32f4xx_it.o
    0x0800396c   0x0800396c   0x00000098   Code   RO         3033    i.TIM_Base_SetConfig  stm32f4xx_hal_tim.o
    0x08003a04   0x08003a04   0x00000014   Code   RO         3044    i.TIM_ETR_SetConfig  stm32f4xx_hal_tim.o
    0x08003a18   0x08003a18   0x00000010   Code   RO         3045    i.TIM_ITRx_SetConfig  stm32f4xx_hal_tim.o
    0x08003a28   0x08003a28   0x00000022   Code   RO         3051    i.TIM_TI1_ConfigInputStage  stm32f4xx_hal_tim.o
    0x08003a4a   0x08003a4a   0x00000024   Code   RO         3053    i.TIM_TI2_ConfigInputStage  stm32f4xx_hal_tim.o
    0x08003a6e   0x08003a6e   0x00000010   Code   RO         3909    i.UART_DMAAbortOnError  stm32f4xx_hal_uart.o
    0x08003a7e   0x08003a7e   0x0000004a   Code   RO         3910    i.UART_DMAError     stm32f4xx_hal_uart.o
    0x08003ac8   0x08003ac8   0x0000003c   Code   RO         3911    i.UART_DMAReceiveCplt  stm32f4xx_hal_uart.o
    0x08003b04   0x08003b04   0x0000000a   Code   RO         3913    i.UART_DMARxHalfCplt  stm32f4xx_hal_uart.o
    0x08003b0e   0x08003b0e   0x0000001c   Code   RO         3919    i.UART_EndRxTransfer  stm32f4xx_hal_uart.o
    0x08003b2a   0x08003b2a   0x00000012   Code   RO         3920    i.UART_EndTxTransfer  stm32f4xx_hal_uart.o
    0x08003b3c   0x08003b3c   0x00000096   Code   RO         3921    i.UART_Receive_IT   stm32f4xx_hal_uart.o
    0x08003bd2   0x08003bd2   0x00000002   PAD
    0x08003bd4   0x08003bd4   0x00000128   Code   RO         3922    i.UART_SetConfig    stm32f4xx_hal_uart.o
    0x08003cfc   0x08003cfc   0x00000062   Code   RO         3923    i.UART_Transmit_IT  stm32f4xx_hal_uart.o
    0x08003d5e   0x08003d5e   0x00000002   PAD
    0x08003d60   0x08003d60   0x0000000c   Code   RO          647    i.USART1_IRQHandler  stm32f4xx_it.o
    0x08003d6c   0x08003d6c   0x0000000c   Code   RO          648    i.USART6_IRQHandler  stm32f4xx_it.o
    0x08003d78   0x08003d78   0x00000002   Code   RO          649    i.UsageFault_Handler  stm32f4xx_it.o
    0x08003d7a   0x08003d7a   0x00000020   Code   RO         2019    i.__NVIC_SetPriority  stm32f4xx_hal_cortex.o
    0x08003d9a   0x08003d9a   0x0000000e   Code   RO         5986    i.__scatterload_copy  mc_w.l(handlers.o)
    0x08003da8   0x08003da8   0x00000002   Code   RO         5987    i.__scatterload_null  mc_w.l(handlers.o)
    0x08003daa   0x08003daa   0x0000000e   Code   RO         5988    i.__scatterload_zeroinit  mc_w.l(handlers.o)
    0x08003db8   0x08003db8   0x0000000c   Code   RO         5440    i.inHandlerMode     cmsis_os.o
    0x08003dc4   0x08003dc4   0x00000100   Code   RO           23    i.main              main.o
    0x08003ec4   0x08003ec4   0x0000000c   Code   RO         5442    i.makeFreeRtosPriority  cmsis_os.o
    0x08003ed0   0x08003ed0   0x00000012   Code   RO         5446    i.osKernelRunning   cmsis_os.o
    0x08003ee2   0x08003ee2   0x0000000a   Code   RO         5447    i.osKernelStart     cmsis_os.o
    0x08003eec   0x08003eec   0x00000018   Code   RO         5448    i.osKernelSysTick   cmsis_os.o
    0x08003f04   0x08003f04   0x00000026   Code   RO         5456    i.osMessageCreate   cmsis_os.o
    0x08003f2a   0x08003f2a   0x00000002   PAD
    0x08003f2c   0x08003f2c   0x00000094   Code   RO         5458    i.osMessageGet      cmsis_os.o
    0x08003fc0   0x08003fc0   0x0000005c   Code   RO         5460    i.osMessagePut      cmsis_os.o
    0x0800401c   0x0800401c   0x00000054   Code   RO         5481    i.osThreadCreate    cmsis_os.o
    0x08004070   0x08004070   0x00000070   Code   RO         5139    i.prvAddCurrentTaskToDelayedList  tasks.o
    0x080040e0   0x080040e0   0x000000d0   Code   RO         5140    i.prvAddNewTaskToReadyList  tasks.o
    0x080041b0   0x080041b0   0x00000026   Code   RO         4833    i.prvCopyDataFromQueue  queue.o
    0x080041d6   0x080041d6   0x0000006c   Code   RO         4834    i.prvCopyDataToQueue  queue.o
    0x08004242   0x08004242   0x00000034   Code   RO         5141    i.prvDeleteTCB      tasks.o
    0x08004276   0x08004276   0x00000002   PAD
    0x08004278   0x08004278   0x0000004c   Code   RO         5809    i.prvHeapInit       heap_4.o
    0x080042c4   0x080042c4   0x00000060   Code   RO         5142    i.prvIdleTask       tasks.o
    0x08004324   0x08004324   0x00000016   Code   RO         4836    i.prvInitialiseNewQueue  queue.o
    0x0800433a   0x0800433a   0x0000008e   Code   RO         5143    i.prvInitialiseNewTask  tasks.o
    0x080043c8   0x080043c8   0x0000004c   Code   RO         5810    i.prvInsertBlockIntoFreeList  heap_4.o
    0x08004414   0x08004414   0x0000001c   Code   RO         4837    i.prvIsQueueEmpty   queue.o
    0x08004430   0x08004430   0x00000020   Code   RO         5144    i.prvResetNextTaskUnblockTime  tasks.o
    0x08004450   0x08004450   0x00000028   Code   RO         5872    i.prvTaskExitError  port.o
    0x08004478   0x08004478   0x0000006a   Code   RO         4838    i.prvUnlockQueue    queue.o
    0x080044e2   0x080044e2   0x00000002   PAD
    0x080044e4   0x080044e4   0x000000d8   Code   RO         5811    i.pvPortMalloc      heap_4.o
    0x080045bc   0x080045bc   0x0000002c   Code   RO         5873    i.pxPortInitialiseStack  port.o
    0x080045e8   0x080045e8   0x00000026   Code   RO         4793    i.uxListRemove      list.o
    0x0800460e   0x0800460e   0x00000002   PAD
    0x08004610   0x08004610   0x00000014   Code   RO          601    i.vApplicationGetIdleTaskMemory  freertos.o
    0x08004624   0x08004624   0x00000016   Code   RO         4794    i.vListInitialise   list.o
    0x0800463a   0x0800463a   0x00000006   Code   RO         4795    i.vListInitialiseItem  list.o
    0x08004640   0x08004640   0x00000030   Code   RO         4796    i.vListInsert       list.o
    0x08004670   0x08004670   0x00000018   Code   RO         4797    i.vListInsertEnd    list.o
    0x08004688   0x08004688   0x00000040   Code   RO         5875    i.vPortEnterCritical  port.o
    0x080046c8   0x080046c8   0x00000028   Code   RO         5876    i.vPortExitCritical  port.o
    0x080046f0   0x080046f0   0x0000005c   Code   RO         5812    i.vPortFree         heap_4.o
    0x0800474c   0x0800474c   0x00000024   Code   RO         5877    i.vPortSetupTimerInterrupt  port.o
    0x08004770   0x08004770   0x00000054   Code   RO         5878    i.vPortValidateInterruptPriority  port.o
    0x080047c4   0x080047c4   0x00000010   Code   RO         5155    i.vTaskInternalSetTimeOutState  tasks.o
    0x080047d4   0x080047d4   0x0000000c   Code   RO         5156    i.vTaskMissedYield  tasks.o
    0x080047e0   0x080047e0   0x00000030   Code   RO         5158    i.vTaskPlaceOnEventList  tasks.o
    0x08004810   0x08004810   0x0000006c   Code   RO         5165    i.vTaskStartScheduler  tasks.o
    0x0800487c   0x0800487c   0x00000010   Code   RO         5167    i.vTaskSuspendAll   tasks.o
    0x0800488c   0x0800488c   0x0000005c   Code   RO         5168    i.vTaskSwitchContext  tasks.o
    0x080048e8   0x080048e8   0x000000f4   Code   RO         5879    i.xPortStartScheduler  port.o
    0x080049dc   0x080049dc   0x00000048   Code   RO         4847    i.xQueueGenericCreate  queue.o
    0x08004a24   0x08004a24   0x00000066   Code   RO         4848    i.xQueueGenericCreateStatic  queue.o
    0x08004a8a   0x08004a8a   0x00000002   PAD
    0x08004a8c   0x08004a8c   0x00000088   Code   RO         4849    i.xQueueGenericReset  queue.o
    0x08004b14   0x08004b14   0x00000160   Code   RO         4850    i.xQueueGenericSend  queue.o
    0x08004c74   0x08004c74   0x000000bc   Code   RO         4851    i.xQueueGenericSendFromISR  queue.o
    0x08004d30   0x08004d30   0x00000138   Code   RO         4857    i.xQueueReceive     queue.o
    0x08004e68   0x08004e68   0x0000009a   Code   RO         4858    i.xQueueReceiveFromISR  queue.o
    0x08004f02   0x08004f02   0x00000002   PAD
    0x08004f04   0x08004f04   0x00000074   Code   RO         5169    i.xTaskCheckForTimeOut  tasks.o
    0x08004f78   0x08004f78   0x0000005a   Code   RO         5170    i.xTaskCreate       tasks.o
    0x08004fd2   0x08004fd2   0x00000056   Code   RO         5171    i.xTaskCreateStatic  tasks.o
    0x08005028   0x08005028   0x0000001c   Code   RO         5175    i.xTaskGetSchedulerState  tasks.o
    0x08005044   0x08005044   0x0000000c   Code   RO         5176    i.xTaskGetTickCount  tasks.o
    0x08005050   0x08005050   0x00000010   Code   RO         5177    i.xTaskGetTickCountFromISR  tasks.o
    0x08005060   0x08005060   0x000000c8   Code   RO         5178    i.xTaskIncrementTick  tasks.o
    0x08005128   0x08005128   0x00000098   Code   RO         5181    i.xTaskPriorityDisinherit  tasks.o
    0x080051c0   0x080051c0   0x00000074   Code   RO         5183    i.xTaskRemoveFromEventList  tasks.o
    0x08005234   0x08005234   0x000000c4   Code   RO         5184    i.xTaskResumeAll    tasks.o
    0x080052f8   0x080052f8   0x0000001c   Data   RO           32    .constdata          main.o
    0x08005314   0x08005314   0x00000014   Data   RO          463    .constdata          sd_diskio.o
    0x08005328   0x08005328   0x00000010   Data   RO          464    .constdata          sd_diskio.o
    0x08005338   0x08005338   0x00000010   Data   RO          873    .constdata          system_stm32f4xx.o
    0x08005348   0x08005348   0x00000008   Data   RO          874    .constdata          system_stm32f4xx.o
    0x08005350   0x08005350   0x00000008   Data   RO         1712    .constdata          stm32f4xx_hal_dma.o
    0x08005358   0x08005358   0x0000000c   Data   RO           33    .conststring        main.o
    0x08005364   0x08005364   0x00000020   Data   RO         5984    Region$$Table       anon$$obj.o


    Execution Region RW_IRAM1 (Exec base: 0x20000000, Load base: 0x08005384, Size: 0x000085f0, Max: 0x00020000, ABSOLUTE)

    Exec Addr    Load Addr    Size         Type   Attr      Idx    E Section Name        Object

    0x20000000   0x08005384   0x0000001c   Data   RW           34    .data               main.o
    0x2000001c   0x080053a0   0x00000008   Data   RW          465    .data               sd_diskio.o
    0x20000024   0x080053a8   0x00000005   Data   RW          561    .data               fatfs.o
    0x20000029   0x080053ad   0x00000003   PAD
    0x2000002c   0x080053b0   0x00000004   Data   RW          875    .data               system_stm32f4xx.o
    0x20000030   0x080053b4   0x0000000c   Data   RW         2163    .data               stm32f4xx_hal.o
    0x2000003c   0x080053c0   0x0000003c   Data   RW         5187    .data               tasks.o
    0x20000078   0x080053fc   0x00000018   Data   RW         5817    .data               heap_4.o
    0x20000090   0x08005414   0x0000000c   Data   RW         5880    .data               port.o
    0x2000009c        -       0x0000023d   Zero   RW           24    .bss                main.o
    0x200002d9   0x08005420   0x00000003   PAD
    0x200002dc        -       0x00000060   Zero   RW           25    .bss                main.o
    0x2000033c        -       0x00000060   Zero   RW           26    .bss                main.o
    0x2000039c        -       0x00000060   Zero   RW           27    .bss                main.o
    0x200003fc        -       0x00000060   Zero   RW           28    .bss                main.o
    0x2000045c        -       0x00000200   Zero   RW          462    .bss                sd_diskio.o
    0x2000065c        -       0x00000254   Zero   RW          602    .bss                freertos.o
    0x200008b0        -       0x00000040   Zero   RW          835    .bss                stm32f4xx_hal_timebase_tim.o
    0x200008f0        -       0x0000000c   Zero   RW         4598    .bss                ff_gen_drv.o
    0x200008fc        -       0x000000f0   Zero   RW         5186    .bss                tasks.o
    0x200009ec        -       0x00003c00   Zero   RW         5816    .bss                heap_4.o
    0x200045ec   0x08005420   0x00000004   PAD
    0x200045f0        -       0x00004000   Zero   RW            1    STACK               startup_stm32f411xe.o


==============================================================================

Image component sizes


      Code (inc. data)   RO Data    RW Data    ZI Data      Debug   Object Name

       170         20          0          0          0       5820   bsp_driver_sd.o
       438         10          0          0          0      31843   cmsis_os.o
         0          0          0          0          0      18272   event_groups.o
        28         10          0          5          0       7938   fatfs.o
        70          6          0          0         12       1739   ff_gen_drv.o
        20          4          0          0        596       1312   freertos.o
       460         24          0         24      15360       7571   heap_4.o
       138          0          0          0          0       3762   list.o
      1486        148         40         28        957     498757   main.o
       786         82          0         12          0      12373   port.o
      1618         14          0          0          0      15913   queue.o
       612         48         36          8        512      20801   sd_diskio.o
        36          8        408          0      16384        872   startup_stm32f411xe.o
       116         18          0         12          0       8822   stm32f4xx_hal.o
      1140         62          0          0          0       7761   stm32f4xx_hal_adc.o
       158         14          0          0          0      33338   stm32f4xx_hal_cortex.o
        80          0          0          0          0       1923   stm32f4xx_hal_crc.o
       942         16          8          0          0       7369   stm32f4xx_hal_dma.o
       428         34          0          0          0       3141   stm32f4xx_hal_gpio.o
      1004        104          0          0          0       5134   stm32f4xx_hal_msp.o
      1392         88          0          0          0       6137   stm32f4xx_hal_rcc.o
      2950         70          0          0          0      17239   stm32f4xx_hal_sd.o
       926         30          0          0          0      10477   stm32f4xx_hal_tim.o
       128         20          0          0          0       2597   stm32f4xx_hal_tim_ex.o
       116         16          0          0         64       1503   stm32f4xx_hal_timebase_tim.o
      1424         30          0          0          0      12389   stm32f4xx_hal_uart.o
       120         54          0          0          0       7431   stm32f4xx_it.o
      1656         46          0          0          0      24095   stm32f4xx_ll_sdmmc.o
        28          6         24          4          0       1239   system_stm32f4xx.o
      1946        148          0         60        240      23440   tasks.o

    ----------------------------------------------------------------------
     20466       1130        548        156      34132     801008   Object Totals
         0          0         32          0          0          0   (incl. Generated)
        50          0          0          3          7          0   (incl. Padding)

    ----------------------------------------------------------------------

      Code (inc. data)   RO Data    RW Data    ZI Data      Debug   Library Member Name

         0          0          0          0          0          0   entry.o
         0          0          0          0          0          0   entry10a.o
         0          0          0          0          0          0   entry11a.o
         8          4          0          0          0          0   entry2.o
         4          0          0          0          0          0   entry5.o
         0          0          0          0          0          0   entry7b.o
         0          0          0          0          0          0   entry8b.o
         8          4          0          0          0          0   entry9a.o
        30          0          0          0          0          0   handlers.o
        36          8          0          0          0         68   init.o
        30          0          0          0          0         68   llshl.o
        32          0          0          0          0         68   llushr.o
        36          0          0          0          0         68   memcpya.o
        36          0          0          0          0        108   memseta.o
        24          0          0          0          0         68   strcat.o
        24          0          0          0          0         76   strncpy.o
        98          0          0          0          0         92   uldiv.o

    ----------------------------------------------------------------------
       366         16          0          0          0        616   Library Totals
         0          0          0          0          0          0   (incl. Padding)

    ----------------------------------------------------------------------

      Code (inc. data)   RO Data    RW Data    ZI Data      Debug   Library Name

       366         16          0          0          0        616   mc_w.l

    ----------------------------------------------------------------------
       366         16          0          0          0        616   Library Totals

    ----------------------------------------------------------------------

==============================================================================


      Code (inc. data)   RO Data    RW Data    ZI Data      Debug   

     20832       1146        548        156      34132     779068   Grand Totals
     20832       1146        548        156      34132     779068   ELF Image Totals
     20832       1146        548        156          0          0   ROM Totals

==============================================================================

    Total RO  Size (Code + RO Data)                21380 (  20.88kB)
    Total RW  Size (RW Data + ZI Data)             34288 (  33.48kB)
    Total ROM Size (Code + RO Data + RW Data)      21536 (  21.03kB)

==============================================================================

