Component: ARM Compiler 5.06 update 6 (build 750) Tool: armlink [4d35ed]

==============================================================================

Section Cross References

    startup_stm32f411xe.o(RESET) refers to startup_stm32f411xe.o(STACK) for __initial_sp
    startup_stm32f411xe.o(RESET) refers to startup_stm32f411xe.o(.text) for Reset_Handler
    startup_stm32f411xe.o(RESET) refers to stm32f4xx_it.o(i.NMI_Handler) for NMI_Handler
    startup_stm32f411xe.o(RESET) refers to stm32f4xx_it.o(i.HardFault_Handler) for HardFault_Handler
    startup_stm32f411xe.o(RESET) refers to stm32f4xx_it.o(i.MemManage_Handler) for MemManage_Handler
    startup_stm32f411xe.o(RESET) refers to stm32f4xx_it.o(i.BusFault_Handler) for BusFault_Handler
    startup_stm32f411xe.o(RESET) refers to stm32f4xx_it.o(i.UsageFault_Handler) for UsageFault_Handler
    startup_stm32f411xe.o(RESET) refers to port.o(.emb_text) for SVC_Handler
    startup_stm32f411xe.o(RESET) refers to stm32f4xx_it.o(i.DebugMon_Handler) for DebugMon_Handler
    startup_stm32f411xe.o(RESET) refers to port.o(i.SysTick_Handler) for SysTick_Handler
    startup_stm32f411xe.o(RESET) refers to stm32f4xx_it.o(i.TIM4_IRQHandler) for TIM4_IRQHandler
    startup_stm32f411xe.o(RESET) refers to stm32f4xx_it.o(i.USART1_IRQHandler) for USART1_IRQHandler
    startup_stm32f411xe.o(RESET) refers to stm32f4xx_it.o(i.SDIO_IRQHandler) for SDIO_IRQHandler
    startup_stm32f411xe.o(RESET) refers to stm32f4xx_it.o(i.TIM5_IRQHandler) for TIM5_IRQHandler
    startup_stm32f411xe.o(RESET) refers to stm32f4xx_it.o(i.DMA2_Stream0_IRQHandler) for DMA2_Stream0_IRQHandler
    startup_stm32f411xe.o(RESET) refers to stm32f4xx_it.o(i.DMA2_Stream1_IRQHandler) for DMA2_Stream1_IRQHandler
    startup_stm32f411xe.o(RESET) refers to stm32f4xx_it.o(i.DMA2_Stream3_IRQHandler) for DMA2_Stream3_IRQHandler
    startup_stm32f411xe.o(RESET) refers to stm32f4xx_it.o(i.DMA2_Stream6_IRQHandler) for DMA2_Stream6_IRQHandler
    startup_stm32f411xe.o(RESET) refers to stm32f4xx_it.o(i.USART6_IRQHandler) for USART6_IRQHandler
    startup_stm32f411xe.o(.text) refers to system_stm32f4xx.o(i.SystemInit) for SystemInit
    startup_stm32f411xe.o(.text) refers to entry.o(.ARM.Collect$$$$00000000) for __main
    main.o(i.HAL_TIM_PeriodElapsedCallback) refers to stm32f4xx_hal.o(i.HAL_IncTick) for HAL_IncTick
    main.o(i.HAL_TIM_PeriodElapsedCallback) refers to stm32f4xx_hal_gpio.o(i.HAL_GPIO_TogglePin) for HAL_GPIO_TogglePin
    main.o(i.HAL_TIM_PeriodElapsedCallback) refers to main.o(.data) for .data
    main.o(i.HAL_UART_RxCpltCallback) refers to memseta.o(.text) for __aeabi_memclr4
    main.o(i.HAL_UART_RxCpltCallback) refers to stm32f4xx_hal_uart.o(i.HAL_UART_Receive_IT) for HAL_UART_Receive_IT
    main.o(i.HAL_UART_RxCpltCallback) refers to stm32f4xx_hal_gpio.o(i.HAL_GPIO_TogglePin) for HAL_GPIO_TogglePin
    main.o(i.HAL_UART_RxCpltCallback) refers to strncpy.o(.text) for strncpy
    main.o(i.HAL_UART_RxCpltCallback) refers to strcat.o(.text) for strcat
    main.o(i.HAL_UART_RxCpltCallback) refers to stm32f4xx_hal_uart.o(i.HAL_UART_Transmit_IT) for HAL_UART_Transmit_IT
    main.o(i.HAL_UART_RxCpltCallback) refers to main.o(.data) for .data
    main.o(i.HAL_UART_RxCpltCallback) refers to main.o(.bss) for .bss
    main.o(i.HAL_UART_TxCpltCallback) refers to main.o(.data) for .data
    main.o(i.MX_ADC1_Init) refers to stm32f4xx_hal_adc.o(i.HAL_ADC_Init) for HAL_ADC_Init
    main.o(i.MX_ADC1_Init) refers to stm32f4xx_hal_adc.o(i.HAL_ADC_ConfigChannel) for HAL_ADC_ConfigChannel
    main.o(i.MX_ADC1_Init) refers to main.o(.bss) for .bss
    main.o(i.MX_DMA_Init) refers to stm32f4xx_hal_cortex.o(i.HAL_NVIC_SetPriority) for HAL_NVIC_SetPriority
    main.o(i.MX_DMA_Init) refers to stm32f4xx_hal_cortex.o(i.HAL_NVIC_EnableIRQ) for HAL_NVIC_EnableIRQ
    main.o(i.MX_GPIO_Init) refers to memseta.o(.text) for __aeabi_memclr4
    main.o(i.MX_GPIO_Init) refers to stm32f4xx_hal_gpio.o(i.HAL_GPIO_WritePin) for HAL_GPIO_WritePin
    main.o(i.MX_GPIO_Init) refers to stm32f4xx_hal_gpio.o(i.HAL_GPIO_Init) for HAL_GPIO_Init
    main.o(i.MX_TIM4_Init) refers to stm32f4xx_hal_tim.o(i.HAL_TIM_Base_Init) for HAL_TIM_Base_Init
    main.o(i.MX_TIM4_Init) refers to stm32f4xx_hal_tim.o(i.HAL_TIM_ConfigClockSource) for HAL_TIM_ConfigClockSource
    main.o(i.MX_TIM4_Init) refers to stm32f4xx_hal_tim_ex.o(i.HAL_TIMEx_MasterConfigSynchronization) for HAL_TIMEx_MasterConfigSynchronization
    main.o(i.MX_TIM4_Init) refers to main.o(.bss) for .bss
    main.o(i.StartDefaultTask) refers to fatfs.o(i.MX_FATFS_Init) for MX_FATFS_Init
    main.o(i.StartDefaultTask) refers to ff.o(i.f_open) for f_open
    main.o(i.StartDefaultTask) refers to ff.o(i.f_close) for f_close
    main.o(i.StartDefaultTask) refers to memseta.o(.text) for __aeabi_memclr4
    main.o(i.StartDefaultTask) refers to memcpya.o(.text) for __aeabi_memcpy
    main.o(i.StartDefaultTask) refers to stm32f4xx_hal_crc.o(i.HAL_CRC_Calculate) for HAL_CRC_Calculate
[...]
    i.prvHeapInit                            0x0800515c   Section        0  heap_4.o(i.prvHeapInit)
    prvHeapInit                              0x0800515d   Thumb Code    66  heap_4.o(i.prvHeapInit)
    i.prvIdleTask                            0x080051a8   Section        0  tasks.o(i.prvIdleTask)
    prvIdleTask                              0x080051a9   Thumb Code    82  tasks.o(i.prvIdleTask)
    i.prvInitialiseNewQueue                  0x08005208   Section        0  queue.o(i.prvInitialiseNewQueue)
    prvInitialiseNewQueue                    0x08005209   Thumb Code    22  queue.o(i.prvInitialiseNewQueue)
    i.prvInitialiseNewTask                   0x0800521e   Section        0  tasks.o(i.prvInitialiseNewTask)
    prvInitialiseNewTask                     0x0800521f   Thumb Code   142  tasks.o(i.prvInitialiseNewTask)
    i.prvInsertBlockIntoFreeList             0x080052ac   Section        0  heap_4.o(i.prvInsertBlockIntoFreeList)
    prvInsertBlockIntoFreeList               0x080052ad   Thumb Code    72  heap_4.o(i.prvInsertBlockIntoFreeList)
    i.prvIsQueueEmpty                        0x080052f8   Section        0  queue.o(i.prvIsQueueEmpty)
    prvIsQueueEmpty                          0x080052f9   Thumb Code    28  queue.o(i.prvIsQueueEmpty)
    i.prvResetNextTaskUnblockTime            0x08005314   Section        0  tasks.o(i.prvResetNextTaskUnblockTime)
    prvResetNextTaskUnblockTime              0x08005315   Thumb Code    26  tasks.o(i.prvResetNextTaskUnblockTime)
    i.prvTaskExitError                       0x08005334   Section        0  port.o(i.prvTaskExitError)
    prvTaskExitError                         0x08005335   Thumb Code    36  port.o(i.prvTaskExitError)
    i.prvUnlockQueue                         0x0800535c   Section        0  queue.o(i.prvUnlockQueue)
    prvUnlockQueue                           0x0800535d   Thumb Code   106  queue.o(i.prvUnlockQueue)
    i.put_fat                                0x080053c6   Section        0  ff.o(i.put_fat)
    put_fat                                  0x080053c7   Thumb Code   292  ff.o(i.put_fat)
    i.pvPortMalloc                           0x080054ec   Section        0  heap_4.o(i.pvPortMalloc)
    i.pvTaskIncrementMutexHeldCount          0x080055c4   Section        0  tasks.o(i.pvTaskIncrementMutexHeldCount)
    i.pxPortInitialiseStack                  0x080055dc   Section        0  port.o(i.pxPortInitialiseStack)
    i.remove_chain                           0x08005608   Section        0  ff.o(i.remove_chain)
    remove_chain                             0x08005609   Thumb Code   116  ff.o(i.remove_chain)
    i.st_clust                               0x0800567c   Section        0  ff.o(i.st_clust)
    st_clust                                 0x0800567d   Thumb Code    40  ff.o(i.st_clust)
    i.st_dword                               0x080056a4   Section        0  ff.o(i.st_dword)
    st_dword                                 0x080056a5   Thumb Code    16  ff.o(i.st_dword)
    i.st_word                                0x080056b4   Section        0  ff.o(i.st_word)
    st_word                                  0x080056b5   Thumb Code     8  ff.o(i.st_word)
    i.sync_fs                                0x080056bc   Section        0  ff.o(i.sync_fs)
    sync_fs                                  0x080056bd   Thumb Code   126  ff.o(i.sync_fs)
    i.sync_window                            0x08005744   Section        0  ff.o(i.sync_window)
    sync_window                              0x08005745   Thumb Code    82  ff.o(i.sync_window)
    i.unlock_fs                              0x08005796   Section        0  ff.o(i.unlock_fs)
    unlock_fs                                0x08005797   Thumb Code    24  ff.o(i.unlock_fs)
    i.uxListRemove                           0x080057ae   Section        0  list.o(i.uxListRemove)
    i.vApplicationGetIdleTaskMemory          0x080057d4   Section        0  freertos.o(i.vApplicationGetIdleTaskMemory)
    i.vListInitialise                        0x080057e8   Section        0  list.o(i.vListInitialise)
    i.vListInitialiseItem                    0x080057fe   Section        0  list.o(i.vListInitialiseItem)
    i.vListInsert                            0x08005804   Section        0  list.o(i.vListInsert)
    i.vListInsertEnd                         0x08005834   Section        0  list.o(i.vListInsertEnd)
    i.vPortEnterCritical                     0x0800584c   Section        0  port.o(i.vPortEnterCritical)
    i.vPortExitCritical                      0x0800588c   Section        0  port.o(i.vPortExitCritical)
    i.vPortFree                              0x080058b4   Section        0  heap_4.o(i.vPortFree)
    i.vPortSetupTimerInterrupt               0x08005910   Section        0  port.o(i.vPortSetupTimerInterrupt)
    i.vPortValidateInterruptPriority         0x08005934   Section        0  port.o(i.vPortValidateInterruptPriority)
    i.vTaskInternalSetTimeOutState           0x08005988   Section        0  tasks.o(i.vTaskInternalSetTimeOutState)
    i.vTaskMissedYield                       0x08005998   Section        0  tasks.o(i.vTaskMissedYield)
    i.vTaskPlaceOnEventList                  0x080059a4   Section        0  tasks.o(i.vTaskPlaceOnEventList)
    i.vTaskPriorityDisinheritAfterTimeout    0x080059d4   Section        0  tasks.o(i.vTaskPriorityDisinheritAfterTimeout)
    i.vTaskStartScheduler                    0x08005a7c   Section        0  tasks.o(i.vTaskStartScheduler)
    i.vTaskSuspendAll                        0x08005ae8   Section        0  tasks.o(i.vTaskSuspendAll)
    i.vTaskSwitchContext                     0x08005af8   Section        0  tasks.o(i.vTaskSwitchContext)
    i.validate                               0x08005b54   Section        0  ff.o(i.validate)
    validate                                 0x08005b55   Thumb Code    72  ff.o(i.validate)
    i.xPortStartScheduler                    0x08005b9c   Section        0  port.o(i.xPortStartScheduler)
    i.xQueueGenericCreate                    0x08005c90   Section        0  queue.o(i.xQueueGenericCreate)
    i.xQueueGenericCreateStatic              0x08005cd8   Section        0  queue.o(i.xQueueGenericCreateStatic)
    i.xQueueGenericReset                     0x08005d40   Section        0  queue.o(i.xQueueGenericReset)
    i.xQueueGenericSend                      0x08005dc8   Section        0  queue.o(i.xQueueGenericSend)
    i.xQueueGenericSendFromISR               0x08005f28   Section        0  queue.o(i.xQueueGenericSendFromISR)
    i.xQueueGiveFromISR                      0x08005fe4   Section        0  queue.o(i.xQueueGiveFromISR)
    i.xQueueReceive                          0x08006080   Section        0  queue.o(i.xQueueReceive)
    i.xQueueReceiveFromISR                   0x080061b8   Section        0  queue.o(i.xQueueReceiveFromISR)
    i.xQueueSemaphoreTake                    0x08006254   Section        0  queue.o(i.xQueueSemaphoreTake)
    i.xTaskCheckForTimeOut                   0x080063cc   Section        0  tasks.o(i.xTaskCheckForTimeOut)
    i.xTaskCreate                            0x08006440   Section        0  tasks.o(i.xTaskCreate)
    i.xTaskCreateStatic                      0x0800649a   Section        0  tasks.o(i.xTaskCreateStatic)
    i.xTaskGetSchedulerState                 0x080064f0   Section        0  tasks.o(i.xTaskGetSchedulerState)
    i.xTaskGetTickCount                      0x0800650c   Section        0  tasks.o(i.xTaskGetTickCount)
    i.xTaskGetTickCountFromISR               0x08006518   Section        0  tasks.o(i.xTaskGetTickCountFromISR)
    i.xTaskIncrementTick                     0x08006528   Section        0  tasks.o(i.xTaskIncrementTick)
    i.xTaskPriorityDisinherit                0x080065f0   Section        0  tasks.o(i.xTaskPriorityDisinherit)
    i.xTaskPriorityInherit                   0x08006688   Section        0  tasks.o(i.xTaskPriorityInherit)
    i.xTaskRemoveFromEventList               0x0800671c   Section        0  tasks.o(i.xTaskRemoveFromEventList)
    i.xTaskResumeAll                         0x08006790   Section        0  tasks.o(i.xTaskResumeAll)
    .constdata                               0x08006854   Section       28  main.o(.constdata)
    .constdata                               0x08006870   Section       20  sd_diskio.o(.constdata)
    .constdata                               0x08006884   Section       16  sd_diskio.o(.constdata)
    .constdata                               0x08006894   Section       16  system_stm32f4xx.o(.constdata)
    .constdata                               0x080068a4   Section        8  system_stm32f4xx.o(.constdata)
    .constdata                               0x080068ac   Section        8  stm32f4xx_hal_dma.o(.constdata)
    flagBitshiftOffset                       0x080068ac   Data           8  stm32f4xx_hal_dma.o(.constdata)
    .constdata                               0x080068b4   Section      156  ff.o(.constdata)
    ExCvt                                    0x080068b4   Data         128  ff.o(.constdata)
    cst                                      0x08006934   Data          14  ff.o(.constdata)
    cst32                                    0x08006942   Data          14  ff.o(.constdata)
    .conststring                             0x08006950   Section       12  main.o(.conststring)
    .data                                    0x20000000   Section       44  main.o(.data)
    .data                                    0x2000002c   Section        8  sd_diskio.o(.data)
    Stat                                     0x2000002c   Data           1  sd_diskio.o(.data)
    SDQueueID                                0x20000030   Data           4  sd_diskio.o(.data)
    .data                                    0x20000034   Section        5  fatfs.o(.data)
    .data                                    0x2000003c   Section        4  system_stm32f4xx.o(.data)
    .data                                    0x20000040   Section       12  stm32f4xx_hal.o(.data)
    .data                                    0x2000004c   Section        8  ff.o(.data)
    Fsid                                     0x2000004c   Data           2  ff.o(.data)
    FatFs                                    0x20000050   Data           4  ff.o(.data)
    .data                                    0x20000054   Section       60  tasks.o(.data)
    pxDelayedTaskList                        0x20000058   Data           4  tasks.o(.data)
    pxOverflowDelayedTaskList                0x2000005c   Data           4  tasks.o(.data)
    uxDeletedTasksWaitingCleanUp             0x20000060   Data           4  tasks.o(.data)
    uxCurrentNumberOfTasks                   0x20000064   Data           4  tasks.o(.data)
    xTickCount                               0x20000068   Data           4  tasks.o(.data)
    uxTopReadyPriority                       0x2000006c   Data           4  tasks.o(.data)
    xSchedulerRunning                        0x20000070   Data           4  tasks.o(.data)
    uxPendedTicks                            0x20000074   Data           4  tasks.o(.data)
    xYieldPending                            0x20000078   Data           4  tasks.o(.data)
    xNumOfOverflows                          0x2000007c   Data           4  tasks.o(.data)
    uxTaskNumber                             0x20000080   Data           4  tasks.o(.data)
    xNextTaskUnblockTime                     0x20000084   Data           4  tasks.o(.data)
    xIdleTaskHandle                          0x20000088   Data           4  tasks.o(.data)
    uxSchedulerSuspended                     0x2000008c   Data           4  tasks.o(.data)
    .data                                    0x20000090   Section       24  heap_4.o(.data)
    pxEnd                                    0x20000090   Data           4  heap_4.o(.data)
    xFreeBytesRemaining                      0x20000094   Data           4  heap_4.o(.data)
    xMinimumEverFreeBytesRemaining           0x20000098   Data           4  heap_4.o(.data)
    xBlockAllocatedBit                       0x2000009c   Data           4  heap_4.o(.data)
    xStart                                   0x200000a0   Data           8  heap_4.o(.data)
    .data                                    0x200000a8   Section       12  port.o(.data)
    ucMaxSysCallPriority                     0x200000a8   Data           1  port.o(.data)
    uxCriticalNesting                        0x200000ac   Data           4  port.o(.data)
    ulMaxPRIGROUPValue                       0x200000b0   Data           4  port.o(.data)
    .bss                                     0x200000b4   Section      551  main.o(.bss)
    .bss                                     0x200002dc   Section       96  main.o(.bss)
    .bss                                     0x2000033c   Section       96  main.o(.bss)
    .bss                                     0x2000039c   Section       96  main.o(.bss)
    .bss                                     0x200003fc   Section       96  main.o(.bss)
    .bss                                     0x2000045c   Section      512  sd_diskio.o(.bss)
    scratch                                  0x2000045c   Data         512  sd_diskio.o(.bss)
    .bss                                     0x2000065c   Section     4144  fatfs.o(.bss)
    .bss                                     0x2000168c   Section      596  freertos.o(.bss)
    xIdleTaskTCBBuffer                       0x2000168c   Data          84  freertos.o(.bss)
    xIdleStack                               0x200016e0   Data         512  freertos.o(.bss)
    .bss                                     0x200018e0   Section       64  stm32f4xx_hal_timebase_tim.o(.bss)
    .bss                                     0x20001920   Section       32  ff.o(.bss)
    Files                                    0x20001920   Data          32  ff.o(.bss)
    .bss                                     0x20001940   Section       12  ff_gen_drv.o(.bss)
    .bss                                     0x2000194c   Section      240  tasks.o(.bss)
    pxReadyTasksLists                        0x2000194c   Data         140  tasks.o(.bss)
    xDelayedTaskList1                        0x200019d8   Data          20  tasks.o(.bss)
    xDelayedTaskList2                        0x200019ec   Data          20  tasks.o(.bss)
    xPendingReadyList                        0x20001a00   Data          20  tasks.o(.bss)
    xTasksWaitingTermination                 0x20001a14   Data          20  tasks.o(.bss)
    xSuspendedTaskList                       0x20001a28   Data          20  tasks.o(.bss)
    .bss                                     0x20001a3c   Section    15360  heap_4.o(.bss)
    ucHeap                                   0x20001a3c   Data       15360  heap_4.o(.bss)
    STACK                                    0x20005640   Section    16384  startup_stm32f411xe.o(STACK)

    Global Symbols

    Symbol Name                              Value     Ov Type        Size  Object(Section)

    BuildAttributes$$THM_ISAv4$E$P$D$K$B$S$7EM$VFPi3$EXTD16$VFPS$VFMA$PE$A:L22UL41UL21$X:L11$S22US41US21$IEEE1$IW$USESV6$~STKCKD$USESV7$~SHL$OSPACE$EBA8$MICROLIB$REQ8$PRES8$EABIv2 0x00000000   Number         0  anon$$obj.o ABSOLUTE
    __ARM_use_no_argv                        0x00000000   Number         0  main.o ABSOLUTE
    __cpp_initialize__aeabi_                  - Undefined Weak Reference
    __cxa_finalize                            - Undefined Weak Reference
    __decompress                              - Undefined Weak Reference
    _clock_init                               - Undefined Weak Reference
    _microlib_exit                            - Undefined Weak Reference
    __Vectors_Size                           0x00000198   Number         0  startup_stm32f411xe.o ABSOLUTE
    __Vectors                                0x08000000   Data           4  startup_stm32f411xe.o(RESET)
    __Vectors_End                            0x08000198   Data           0  startup_stm32f411xe.o(RESET)
    __main                                   0x08000199   Thumb Code     0  entry.o(.ARM.Collect$$$$00000000)
    _main_stk                                0x08000199   Thumb Code     0  entry2.o(.ARM.Collect$$$$00000001)
    _main_scatterload                        0x0800019d   Thumb Code     0  entry5.o(.ARM.Collect$$$$00000004)
    __main_after_scatterload                 0x080001a1   Thumb Code     0  entry5.o(.ARM.Collect$$$$00000004)
    _main_clock                              0x080001a1   Thumb Code     0  entry7b.o(.ARM.Collect$$$$00000008)
    _main_cpp_init                           0x080001a1   Thumb Code     0  entry8b.o(.ARM.Collect$$$$0000000A)
    _main_init                               0x080001a1   Thumb Code     0  entry9a.o(.ARM.Collect$$$$0000000B)
    __rt_final_cpp                           0x080001a9   Thumb Code     0  entry10a.o(.ARM.Collect$$$$0000000D)
    __rt_final_exit                          0x080001a9   Thumb Code     0  entry11a.o(.ARM.Collect$$$$0000000F)
    SVC_Handler                              0x080001ad   Thumb Code    28  port.o(.emb_text)
    __asm___6_port_c_39a90d8d__prvStartFirstTask 0x080001cd   Thumb Code    36  port.o(.emb_text)
    __asm___6_port_c_39a90d8d__prvEnableVFP  0x080001f5   Thumb Code    16  port.o(.emb_text)
    PendSV_Handler                           0x08000209   Thumb Code    88  port.o(.emb_text)
    vPortGetIPSR                             0x08000265   Thumb Code     6  port.o(.emb_text)
    Reset_Handler                            0x0800026d   Thumb Code     8  startup_stm32f411xe.o(.text)
    ADC_IRQHandler                           0x08000287   Thumb Code     0  startup_stm32f411xe.o(.text)
    DMA1_Stream0_IRQHandler                  0x08000287   Thumb Code     0  startup_stm32f411xe.o(.text)
    DMA1_Stream1_IRQHandler                  0x08000287   Thumb Code     0  startup_stm32f411xe.o(.text)
    DMA1_Stream2_IRQHandler                  0x08000287   Thumb Code     0  startup_stm32f411xe.o(.text)
    DMA1_Stream3_IRQHandler                  0x08000287   Thumb Code     0  startup_stm32f411xe.o(.text)
    DMA1_Stream4_IRQHandler                  0x08000287   Thumb Code     0  startup_stm32f411xe.o(.text)
    DMA1_Stream5_IRQHandler                  0x08000287   Thumb Code     0  startup_stm32f411xe.o(.text)
    DMA1_Stream6_IRQHandler                  0x08000287   Thumb Code     0  startup_stm32f411xe.o(.text)
    DMA1_Stream7_IRQHandler                  0x08000287   Thumb Code     0  startup_stm32f411xe.o(.text)
    DMA2_Stream2_IRQHandler                  0x08000287   Thumb Code     0  startup_stm32f411xe.o(.text)
    DMA2_Stream4_IRQHandler                  0x08000287   Thumb Code     0  startup_stm32f411xe.o(.text)
    DMA2_Stream5_IRQHandler                  0x08000287   Thumb Code     0  startup_stm32f411xe.o(.text)
    DMA2_Stream7_IRQHandler                  0x08000287   Thumb Code     0  startup_stm32f411xe.o(.text)
    EXTI0_IRQHandler                         0x08000287   Thumb Code     0  startup_stm32f411xe.o(.text)
    EXTI15_10_IRQHandler                     0x08000287   Thumb Code     0  startup_stm32f411xe.o(.text)
    EXTI1_IRQHandler                         0x08000287   Thumb Code     0  startup_stm32f411xe.o(.text)
    EXTI2_IRQHandler                         0x08000287   Thumb Code     0  startup_stm32f411xe.o(.text)
    EXTI3_IRQHandler                         0x08000287   Thumb Code     0  startup_stm32f411xe.o(.text)
    EXTI4_IRQHandler                         0x08000287   Thumb Code     0  startup_stm32f411xe.o(.text)
    EXTI9_5_IRQHandler                       0x08000287   Thumb Code     0  startup_stm32f411xe.o(.text)
    FLASH_IRQHandler                         0x08000287   Thumb Code     0  startup_stm32f411xe.o(.text)
    FPU_IRQHandler                           0x08000287   Thumb Code     0  startup_stm32f411xe.o(.text)
    I2C1_ER_IRQHandler                       0x08000287   Thumb Code     0  startup_stm32f411xe.o(.text)
    I2C1_EV_IRQHandler                       0x08000287   Thumb Code     0  startup_stm32f411xe.o(.text)
    I2C2_ER_IRQHandler                       0x08000287   Thumb Code     0  startup_stm32f411xe.o(.text)
    I2C2_EV_IRQHandler                       0x08000287   Thumb Code     0  startup_stm32f411xe.o(.text)
    I2C3_ER_IRQHandler                       0x08000287   Thumb Code     0  startup_stm32f411xe.o(.text)
    I2C3_EV_IRQHandler                       0x08000287   Thumb Code     0  startup_stm32f411xe.o(.text)
    OTG_FS_IRQHandler                        0x08000287   Thumb Code     0  startup_stm32f411xe.o(.text)
    OTG_FS_WKUP_IRQHandler                   0x08000287   Thumb Code     0  startup_stm32f411xe.o(.text)
    PVD_IRQHandler                           0x08000287   Thumb Code     0  startup_stm32f411xe.o(.text)
    RCC_IRQHandler                           0x08000287   Thumb Code     0  startup_stm32f411xe.o(.text)
    RTC_Alarm_IRQHandler                     0x08000287   Thumb Code     0  startup_stm32f411xe.o(.text)
    RTC_WKUP_IRQHandler                      0x08000287   Thumb Code     0  startup_stm32f411xe.o(.text)
    SPI1_IRQHandler                          0x08000287   Thumb Code     0  startup_stm32f411xe.o(.text)
    SPI2_IRQHandler                          0x08000287   Thumb Code     0  startup_stm32f411xe.o(.text)
    SPI3_IRQHandler                          0x08000287   Thumb Code     0  startup_stm32f411xe.o(.text)
    SPI4_IRQHandler                          0x08000287   Thumb Code     0  startup_stm32f411xe.o(.text)
    SPI5_IRQHandler                          0x08000287   Thumb Code     0  startup_stm32f411xe.o(.text)
    TAMP_STAMP_IRQHandler                    0x08000287   Thumb Code     0  startup_stm32f411xe.o(.text)
    TIM1_BRK_TIM9_IRQHandler                 0x08000287   Thumb Code     0  startup_stm32f411xe.o(.text)
    TIM1_CC_IRQHandler                       0x08000287   Thumb Code     0  startup_stm32f411xe.o(.text)
    TIM1_TRG_COM_TIM11_IRQHandler            0x08000287   Thumb Code     0  startup_stm32f411xe.o(.text)
    TIM1_UP_TIM10_IRQHandler                 0x08000287   Thumb Code     0  startup_stm32f411xe.o(.text)
    TIM2_IRQHandler                          0x08000287   Thumb Code     0  startup_stm32f411xe.o(.text)
    TIM3_IRQHandler                          0x08000287   Thumb Code     0  startup_stm32f411xe.o(.text)
    USART2_IRQHandler                        0x08000287   Thumb Code     0  startup_stm32f411xe.o(.text)
    WWDG_IRQHandler                          0x08000287   Thumb Code     0  startup_stm32f411xe.o(.text)
    __aeabi_uldivmod                         0x08000291   Thumb Code    98  uldiv.o(.text)
    __aeabi_memcpy                           0x080002f3   Thumb Code    36  memcpya.o(.text)
    __aeabi_memcpy4                          0x080002f3   Thumb Code     0  memcpya.o(.text)
    __aeabi_memcpy8                          0x080002f3   Thumb Code     0  memcpya.o(.text)
    __aeabi_memset                           0x08000317   Thumb Code    14  memseta.o(.text)
    __aeabi_memset4                          0x08000317   Thumb Code     0  memseta.o(.text)
    __aeabi_memset8                          0x08000317   Thumb Code     0  memseta.o(.text)
    __aeabi_memclr                           0x08000325   Thumb Code     4  memseta.o(.text)
    __aeabi_memclr4                          0x08000325   Thumb Code     0  memseta.o(.text)
    __aeabi_memclr8                          0x08000325   Thumb Code     0  memseta.o(.text)
    memset                                   0x08000329   Thumb Code    18  memseta.o(.text)
    strcat                                   0x0800033b   Thumb Code    24  strcat.o(.text)
    strncpy                                  0x08000353   Thumb Code    24  strncpy.o(.text)
    __aeabi_llsl                             0x0800036b   Thumb Code    30  llshl.o(.text)
    _ll_shift_l                              0x0800036b   Thumb Code     0  llshl.o(.text)
    __aeabi_llsr                             0x08000389   Thumb Code    32  llushr.o(.text)
    _ll_ushift_r                             0x08000389   Thumb Code     0  llushr.o(.text)
    __scatterload                            0x080003a9   Thumb Code    28  init.o(.text)
    __scatterload_rt2                        0x080003a9   Thumb Code     0  init.o(.text)
    BSP_SD_AbortCallback                     0x08000585   Thumb Code     2  bsp_driver_sd.o(i.BSP_SD_AbortCallback)
    BSP_SD_GetCardInfo                       0x08000589   Thumb Code     8  bsp_driver_sd.o(i.BSP_SD_GetCardInfo)
    BSP_SD_GetCardState                      0x08000595   Thumb Code    20  bsp_driver_sd.o(i.BSP_SD_GetCardState)
    BSP_SD_Init                              0x080005ad   Thumb Code    48  bsp_driver_sd.o(i.BSP_SD_Init)
    BSP_SD_ReadBlocks_DMA                    0x080005e1   Thumb Code    24  bsp_driver_sd.o(i.BSP_SD_ReadBlocks_DMA)
    BSP_SD_ReadCpltCallback                  0x080005fd   Thumb Code    14  sd_diskio.o(i.BSP_SD_ReadCpltCallback)
    BSP_SD_WriteBlocks_DMA                   0x08000611   Thumb Code    24  bsp_driver_sd.o(i.BSP_SD_WriteBlocks_DMA)
    BSP_SD_WriteCpltCallback                 0x0800062d   Thumb Code    14  sd_diskio.o(i.BSP_SD_WriteCpltCallback)
    BusFault_Handler                         0x08000641   Thumb Code     2  stm32f4xx_it.o(i.BusFault_Handler)
    DMA2_Stream0_IRQHandler                  0x08000645   Thumb Code     6  stm32f4xx_it.o(i.DMA2_Stream0_IRQHandler)
    DMA2_Stream1_IRQHandler                  0x08000651   Thumb Code     6  stm32f4xx_it.o(i.DMA2_Stream1_IRQHandler)
    DMA2_Stream3_IRQHandler                  0x0800065d   Thumb Code     6  stm32f4xx_it.o(i.DMA2_Stream3_IRQHandler)
    DMA2_Stream6_IRQHandler                  0x08000669   Thumb Code     6  stm32f4xx_it.o(i.DMA2_Stream6_IRQHandler)
    DebugMon_Handler                         0x08000719   Thumb Code     2  stm32f4xx_it.o(i.DebugMon_Handler)
    Error_Handler                            0x0800071b   Thumb Code     2  main.o(i.Error_Handler)
    FATFS_LinkDriver                         0x0800071d   Thumb Code     6  ff_gen_drv.o(i.FATFS_LinkDriver)
    FATFS_LinkDriverEx                       0x08000725   Thumb Code    58  ff_gen_drv.o(i.FATFS_LinkDriverEx)
    HAL_ADC_ConfigChannel                    0x08000765   Thumb Code   334  stm32f4xx_hal_adc.o(i.HAL_ADC_ConfigChannel)
    HAL_ADC_ConvCpltCallback                 0x080008c9   Thumb Code     2  stm32f4xx_hal_adc.o(i.HAL_ADC_ConvCpltCallback)
    HAL_ADC_ConvHalfCpltCallback             0x080008cb   Thumb Code     2  stm32f4xx_hal_adc.o(i.HAL_ADC_ConvHalfCpltCallback)
    HAL_ADC_ErrorCallback                    0x080008cd   Thumb Code     2  stm32f4xx_hal_adc.o(i.HAL_ADC_ErrorCallback)
    HAL_ADC_Init                             0x080008cf   Thumb Code    84  stm32f4xx_hal_adc.o(i.HAL_ADC_Init)
    HAL_ADC_MspInit                          0x08000925   Thumb Code   132  stm32f4xx_hal_msp.o(i.HAL_ADC_MspInit)
    HAL_ADC_Start_DMA                        0x080009bd   Thumb Code   228  stm32f4xx_hal_adc.o(i.HAL_ADC_Start_DMA)
    HAL_CRC_Calculate                        0x08000abd   Thumb Code    46  stm32f4xx_hal_crc.o(i.HAL_CRC_Calculate)
    HAL_CRC_Init                             0x08000aeb   Thumb Code    34  stm32f4xx_hal_crc.o(i.HAL_CRC_Init)
    HAL_CRC_MspInit                          0x08000b0d   Thumb Code    30  stm32f4xx_hal_msp.o(i.HAL_CRC_MspInit)
    HAL_DMA_Abort_IT                         0x08000b35   Thumb Code    36  stm32f4xx_hal_dma.o(i.HAL_DMA_Abort_IT)
    HAL_DMA_GetError                         0x08000b59   Thumb Code     4  stm32f4xx_hal_dma.o(i.HAL_DMA_GetError)
    HAL_DMA_IRQHandler                       0x08000b5d   Thumb Code   412  stm32f4xx_hal_dma.o(i.HAL_DMA_IRQHandler)
    HAL_DMA_Init                             0x08000cfd   Thumb Code   206  stm32f4xx_hal_dma.o(i.HAL_DMA_Init)
    HAL_DMA_Start_IT                         0x08000dd1   Thumb Code   110  stm32f4xx_hal_dma.o(i.HAL_DMA_Start_IT)
    HAL_Delay                                0x08000e41   Thumb Code    32  stm32f4xx_hal.o(i.HAL_Delay)
    HAL_GPIO_Init                            0x08000e65   Thumb Code   370  stm32f4xx_hal_gpio.o(i.HAL_GPIO_Init)
    HAL_GPIO_TogglePin                       0x08000ff9   Thumb Code    14  stm32f4xx_hal_gpio.o(i.HAL_GPIO_TogglePin)
    HAL_GPIO_WritePin                        0x08001007   Thumb Code    10  stm32f4xx_hal_gpio.o(i.HAL_GPIO_WritePin)
    HAL_GetTick                              0x08001011   Thumb Code     6  stm32f4xx_hal.o(i.HAL_GetTick)
    HAL_IncTick                              0x0800101d   Thumb Code    12  stm32f4xx_hal.o(i.HAL_IncTick)
    HAL_Init                                 0x0800102d   Thumb Code    48  stm32f4xx_hal.o(i.HAL_Init)
    HAL_InitTick                             0x08001061   Thumb Code   100  stm32f4xx_hal_timebase_tim.o(i.HAL_InitTick)
    HAL_MspInit                              0x080010d5   Thumb Code    52  stm32f4xx_hal_msp.o(i.HAL_MspInit)
    HAL_NVIC_EnableIRQ                       0x0800110d   Thumb Code    26  stm32f4xx_hal_cortex.o(i.HAL_NVIC_EnableIRQ)
    HAL_NVIC_SetPriority                     0x08001129   Thumb Code    60  stm32f4xx_hal_cortex.o(i.HAL_NVIC_SetPriority)
    HAL_NVIC_SetPriorityGrouping             0x08001169   Thumb Code    26  stm32f4xx_hal_cortex.o(i.HAL_NVIC_SetPriorityGrouping)
    HAL_RCC_ClockConfig                      0x0800118d   Thumb Code   288  stm32f4xx_hal_rcc.o(i.HAL_RCC_ClockConfig)
    HAL_RCC_GetClockConfig                   0x080012c1   Thumb Code    54  stm32f4xx_hal_rcc.o(i.HAL_RCC_GetClockConfig)
    HAL_RCC_GetPCLK1Freq                     0x08001301   Thumb Code    20  stm32f4xx_hal_rcc.o(i.HAL_RCC_GetPCLK1Freq)
    HAL_RCC_GetPCLK2Freq                     0x08001321   Thumb Code    20  stm32f4xx_hal_rcc.o(i.HAL_RCC_GetPCLK2Freq)
    HAL_RCC_GetSysClockFreq                  0x08001341   Thumb Code    88  stm32f4xx_hal_rcc.o(i.HAL_RCC_GetSysClockFreq)
    HAL_RCC_OscConfig                        0x080013a1   Thumb Code   834  stm32f4xx_hal_rcc.o(i.HAL_RCC_OscConfig)
    HAL_SD_AbortCallback                     0x080016fd   Thumb Code     8  bsp_driver_sd.o(i.HAL_SD_AbortCallback)
    HAL_SD_ConfigWideBusOperation            0x08001705   Thumb Code   238  stm32f4xx_hal_sd.o(i.HAL_SD_ConfigWideBusOperation)
    HAL_SD_ErrorCallback                     0x080017f9   Thumb Code     2  stm32f4xx_hal_sd.o(i.HAL_SD_ErrorCallback)
    HAL_SD_GetCardCSD                        0x080017fd   Thumb Code   402  stm32f4xx_hal_sd.o(i.HAL_SD_GetCardCSD)
    HAL_SD_GetCardInfo                       0x08001995   Thumb Code    36  stm32f4xx_hal_sd.o(i.HAL_SD_GetCardInfo)
    HAL_SD_GetCardState                      0x080019b9   Thumb Code    44  stm32f4xx_hal_sd.o(i.HAL_SD_GetCardState)
    HAL_SD_IRQHandler                        0x080019e5   Thumb Code   512  stm32f4xx_hal_sd.o(i.HAL_SD_IRQHandler)
    HAL_SD_Init                              0x08001bed   Thumb Code    54  stm32f4xx_hal_sd.o(i.HAL_SD_Init)
    HAL_SD_InitCard                          0x08001c25   Thumb Code    78  stm32f4xx_hal_sd.o(i.HAL_SD_InitCard)
    HAL_SD_MspInit                           0x08001c79   Thumb Code   330  stm32f4xx_hal_msp.o(i.HAL_SD_MspInit)
    HAL_SD_ReadBlocks_DMA                    0x08001de1   Thumb Code   288  stm32f4xx_hal_sd.o(i.HAL_SD_ReadBlocks_DMA)
    HAL_SD_RxCpltCallback                    0x08001f11   Thumb Code     8  bsp_driver_sd.o(i.HAL_SD_RxCpltCallback)
    HAL_SD_TxCpltCallback                    0x08001f19   Thumb Code     8  bsp_driver_sd.o(i.HAL_SD_TxCpltCallback)
    HAL_SD_WriteBlocks_DMA                   0x08001f21   Thumb Code   290  stm32f4xx_hal_sd.o(i.HAL_SD_WriteBlocks_DMA)
    HAL_TIMEx_BreakCallback                  0x08002055   Thumb Code     2  stm32f4xx_hal_tim_ex.o(i.HAL_TIMEx_BreakCallback)
    HAL_TIMEx_CommutCallback                 0x08002057   Thumb Code     2  stm32f4xx_hal_tim_ex.o(i.HAL_TIMEx_CommutCallback)
    HAL_TIMEx_MasterConfigSynchronization    0x08002059   Thumb Code   104  stm32f4xx_hal_tim_ex.o(i.HAL_TIMEx_MasterConfigSynchronization)
    HAL_TIM_Base_Init                        0x080020d5   Thumb Code    54  stm32f4xx_hal_tim.o(i.HAL_TIM_Base_Init)
    HAL_TIM_Base_MspInit                     0x0800210d   Thumb Code    50  stm32f4xx_hal_msp.o(i.HAL_TIM_Base_MspInit)
    HAL_TIM_Base_Start_IT                    0x08002149   Thumb Code    34  stm32f4xx_hal_tim.o(i.HAL_TIM_Base_Start_IT)
    HAL_TIM_ConfigClockSource                0x0800216b   Thumb Code   214  stm32f4xx_hal_tim.o(i.HAL_TIM_ConfigClockSource)
    HAL_TIM_IC_CaptureCallback               0x08002241   Thumb Code     2  stm32f4xx_hal_tim.o(i.HAL_TIM_IC_CaptureCallback)
    HAL_TIM_IRQHandler                       0x08002243   Thumb Code   358  stm32f4xx_hal_tim.o(i.HAL_TIM_IRQHandler)
    HAL_TIM_OC_DelayElapsedCallback          0x080023a9   Thumb Code     2  stm32f4xx_hal_tim.o(i.HAL_TIM_OC_DelayElapsedCallback)
    HAL_TIM_PWM_PulseFinishedCallback        0x080023ab   Thumb Code     2  stm32f4xx_hal_tim.o(i.HAL_TIM_PWM_PulseFinishedCallback)
    HAL_TIM_PeriodElapsedCallback            0x080023ad   Thumb Code   124  main.o(i.HAL_TIM_PeriodElapsedCallback)
    HAL_TIM_TriggerCallback                  0x08002439   Thumb Code     2  stm32f4xx_hal_tim.o(i.HAL_TIM_TriggerCallback)
    HAL_UART_ErrorCallback                   0x0800243b   Thumb Code     2  stm32f4xx_hal_uart.o(i.HAL_UART_ErrorCallback)
    HAL_UART_IRQHandler                      0x0800243d   Thumb Code   270  stm32f4xx_hal_uart.o(i.HAL_UART_IRQHandler)
    HAL_UART_Init                            0x08002551   Thumb Code    98  stm32f4xx_hal_uart.o(i.HAL_UART_Init)
    HAL_UART_MspInit                         0x080025b5   Thumb Code   306  stm32f4xx_hal_msp.o(i.HAL_UART_MspInit)
    HAL_UART_Receive_DMA                     0x08002705   Thumb Code   138  stm32f4xx_hal_uart.o(i.HAL_UART_Receive_DMA)
    HAL_UART_Receive_IT                      0x0800279d   Thumb Code    82  stm32f4xx_hal_uart.o(i.HAL_UART_Receive_IT)
    HAL_UART_RxCpltCallback                  0x080027f1   Thumb Code   314  main.o(i.HAL_UART_RxCpltCallback)
    HAL_UART_RxHalfCpltCallback              0x08002949   Thumb Code     2  stm32f4xx_hal_uart.o(i.HAL_UART_RxHalfCpltCallback)
    HAL_UART_Transmit_IT                     0x0800294b   Thumb Code    62  stm32f4xx_hal_uart.o(i.HAL_UART_Transmit_IT)
    HAL_UART_TxCpltCallback                  0x08002989   Thumb Code    16  main.o(i.HAL_UART_TxCpltCallback)
    HardFault_Handler                        0x080029a1   Thumb Code     2  stm32f4xx_it.o(i.HardFault_Handler)
    MX_FATFS_Init                            0x08002a8d   Thumb Code    18  fatfs.o(i.MX_FATFS_Init)
    MemManage_Handler                        0x08002b5d   Thumb Code     2  stm32f4xx_it.o(i.MemManage_Handler)
    NMI_Handler                              0x08002b5f   Thumb Code     2  stm32f4xx_it.o(i.NMI_Handler)
    SDIO_ConfigData                          0x08002b61   Thumb Code    36  stm32f4xx_ll_sdmmc.o(i.SDIO_ConfigData)
    SDIO_GetPowerState                       0x08002b85   Thumb Code     8  stm32f4xx_ll_sdmmc.o(i.SDIO_GetPowerState)
    SDIO_GetResponse                         0x08002b8d   Thumb Code     6  stm32f4xx_ll_sdmmc.o(i.SDIO_GetResponse)
    SDIO_IRQHandler                          0x08002b95   Thumb Code     6  stm32f4xx_it.o(i.SDIO_IRQHandler)
    SDIO_Init                                0x08002ba1   Thumb Code    36  stm32f4xx_ll_sdmmc.o(i.SDIO_Init)
    SDIO_PowerState_ON                       0x08002bc5   Thumb Code    16  stm32f4xx_ll_sdmmc.o(i.SDIO_PowerState_ON)
    SDIO_ReadFIFO                            0x08002bd5   Thumb Code     6  stm32f4xx_ll_sdmmc.o(i.SDIO_ReadFIFO)
    SDIO_SendCommand                         0x08002bdb   Thumb Code    32  stm32f4xx_ll_sdmmc.o(i.SDIO_SendCommand)
    SDIO_WriteFIFO                           0x08002bfb   Thumb Code    10  stm32f4xx_ll_sdmmc.o(i.SDIO_WriteFIFO)
    SDMMC_CmdAppCommand                      0x08002c05   Thumb Code    50  stm32f4xx_ll_sdmmc.o(i.SDMMC_CmdAppCommand)
    SDMMC_CmdAppOperCommand                  0x08002c39   Thumb Code    48  stm32f4xx_ll_sdmmc.o(i.SDMMC_CmdAppOperCommand)
    SDMMC_CmdBlockLength                     0x08002c6d   Thumb Code    50  stm32f4xx_ll_sdmmc.o(i.SDMMC_CmdBlockLength)
    SDMMC_CmdBusWidth                        0x08002c9f   Thumb Code    50  stm32f4xx_ll_sdmmc.o(i.SDMMC_CmdBusWidth)
    SDMMC_CmdGoIdleState                     0x08002cd1   Thumb Code    74  stm32f4xx_ll_sdmmc.o(i.SDMMC_CmdGoIdleState)
    SDMMC_CmdOperCond                        0x08002d21   Thumb Code   112  stm32f4xx_ll_sdmmc.o(i.SDMMC_CmdOperCond)
    SDMMC_CmdReadMultiBlock                  0x08002d95   Thumb Code    50  stm32f4xx_ll_sdmmc.o(i.SDMMC_CmdReadMultiBlock)
    SDMMC_CmdReadSingleBlock                 0x08002dc7   Thumb Code    50  stm32f4xx_ll_sdmmc.o(i.SDMMC_CmdReadSingleBlock)
    SDMMC_CmdSelDesel                        0x08002df9   Thumb Code    50  stm32f4xx_ll_sdmmc.o(i.SDMMC_CmdSelDesel)
    SDMMC_CmdSendCID                         0x08002e2b   Thumb Code    44  stm32f4xx_ll_sdmmc.o(i.SDMMC_CmdSendCID)
    SDMMC_CmdSendCSD                         0x08002e57   Thumb Code    44  stm32f4xx_ll_sdmmc.o(i.SDMMC_CmdSendCSD)
    SDMMC_CmdSendSCR                         0x08002e83   Thumb Code    48  stm32f4xx_ll_sdmmc.o(i.SDMMC_CmdSendSCR)
    SDMMC_CmdSendStatus                      0x08002eb3   Thumb Code    50  stm32f4xx_ll_sdmmc.o(i.SDMMC_CmdSendStatus)
    SDMMC_CmdSetRelAdd                       0x08002ee5   Thumb Code    48  stm32f4xx_ll_sdmmc.o(i.SDMMC_CmdSetRelAdd)
    SDMMC_CmdStopTransfer                    0x08002f15   Thumb Code    46  stm32f4xx_ll_sdmmc.o(i.SDMMC_CmdStopTransfer)
    SDMMC_CmdWriteMultiBlock                 0x08002f49   Thumb Code    50  stm32f4xx_ll_sdmmc.o(i.SDMMC_CmdWriteMultiBlock)
    SDMMC_CmdWriteSingleBlock                0x08002f7b   Thumb Code    50  stm32f4xx_ll_sdmmc.o(i.SDMMC_CmdWriteSingleBlock)
    SD_initialize                            0x080035e1   Thumb Code    64  sd_diskio.o(i.SD_initialize)
    SD_ioctl                                 0x08003629   Thumb Code    76  sd_diskio.o(i.SD_ioctl)
    SD_read                                  0x08003679   Thumb Code   152  sd_diskio.o(i.SD_read)
    SD_status                                0x08003719   Thumb Code     4  sd_diskio.o(i.SD_status)
    SD_write                                 0x0800371d   Thumb Code   178  sd_diskio.o(i.SD_write)
    StartDefaultTask                         0x080037d9   Thumb Code   206  main.o(i.StartDefaultTask)
    SysTick_Handler                          0x080038bd   Thumb Code    38  port.o(i.SysTick_Handler)
    SystemClock_Config                       0x080038e9   Thumb Code   120  main.o(i.SystemClock_Config)
    SystemInit                               0x08003969   Thumb Code    22  system_stm32f4xx.o(i.SystemInit)
    TIM4_IRQHandler                          0x08003985   Thumb Code     6  stm32f4xx_it.o(i.TIM4_IRQHandler)
    TIM5_IRQHandler                          0x08003991   Thumb Code     6  stm32f4xx_it.o(i.TIM5_IRQHandler)
    TIM_Base_SetConfig                       0x0800399d   Thumb Code   122  stm32f4xx_hal_tim.o(i.TIM_Base_SetConfig)
    TIM_ETR_SetConfig                        0x08003a35   Thumb Code    20  stm32f4xx_hal_tim.o(i.TIM_ETR_SetConfig)
    USART1_IRQHandler                        0x08003d91   Thumb Code     6  stm32f4xx_it.o(i.USART1_IRQHandler)
    USART6_IRQHandler                        0x08003d9d   Thumb Code     6  stm32f4xx_it.o(i.USART6_IRQHandler)
    UsageFault_Handler                       0x08003da9   Thumb Code     2  stm32f4xx_it.o(i.UsageFault_Handler)
    __scatterload_copy                       0x08003dcb   Thumb Code    14  handlers.o(i.__scatterload_copy)
    __scatterload_null                       0x08003dd9   Thumb Code     2  handlers.o(i.__scatterload_null)
    __scatterload_zeroinit                   0x08003ddb   Thumb Code    14  handlers.o(i.__scatterload_zeroinit)
    disk_initialize                          0x080042dd   Thumb Code    36  diskio.o(i.disk_initialize)
    disk_ioctl                               0x08004305   Thumb Code    24  diskio.o(i.disk_ioctl)
    disk_read                                0x08004321   Thumb Code    24  diskio.o(i.disk_read)
    disk_status                              0x0800433d   Thumb Code    18  diskio.o(i.disk_status)
    disk_write                               0x08004355   Thumb Code    24  diskio.o(i.disk_write)
    f_close                                  0x08004371   Thumb Code    48  ff.o(i.f_close)
    f_open                                   0x080043a1   Thumb Code   542  ff.o(i.f_open)
    f_sync                                   0x080045c5   Thumb Code   162  ff.o(i.f_sync)
    ff_rel_grant                             0x08004667   Thumb Code     4  syscall.o(i.ff_rel_grant)
    ff_req_grant                             0x0800466b   Thumb Code    20  syscall.o(i.ff_req_grant)
    get_fattime                              0x08004a77   Thumb Code     4  fatfs.o(i.get_fattime)
    main                                     0x08004ba1   Thumb Code   220  main.o(i.main)
    osKernelRunning                          0x08004d01   Thumb Code    18  cmsis_os.o(i.osKernelRunning)
    osKernelStart                            0x08004d13   Thumb Code    10  cmsis_os.o(i.osKernelStart)
    osKernelSysTick                          0x08004d1d   Thumb Code    24  cmsis_os.o(i.osKernelSysTick)
    osMessageCreate                          0x08004d35   Thumb Code    38  cmsis_os.o(i.osMessageCreate)
    osMessageGet                             0x08004d5d   Thumb Code   144  cmsis_os.o(i.osMessageGet)
    osMessagePut                             0x08004df1   Thumb Code    86  cmsis_os.o(i.osMessagePut)
    osSemaphoreRelease                       0x08004e4d   Thumb Code    74  cmsis_os.o(i.osSemaphoreRelease)
    osSemaphoreWait                          0x08004e9d   Thumb Code    96  cmsis_os.o(i.osSemaphoreWait)
    osThreadCreate                           0x08004f01   Thumb Code    84  cmsis_os.o(i.osThreadCreate)
    pvPortMalloc                             0x080054ed   Thumb Code   210  heap_4.o(i.pvPortMalloc)
    pvTaskIncrementMutexHeldCount            0x080055c5   Thumb Code    18  tasks.o(i.pvTaskIncrementMutexHeldCount)
    pxPortInitialiseStack                    0x080055dd   Thumb Code    40  port.o(i.pxPortInitialiseStack)
    uxListRemove                             0x080057af   Thumb Code    38  list.o(i.uxListRemove)
    vApplicationGetIdleTaskMemory            0x080057d5   Thumb Code    16  freertos.o(i.vApplicationGetIdleTaskMemory)
    vListInitialise                          0x080057e9   Thumb Code    22  list.o(i.vListInitialise)
    vListInitialiseItem                      0x080057ff   Thumb Code     6  list.o(i.vListInitialiseItem)
    vListInsert                              0x08005805   Thumb Code    48  list.o(i.vListInsert)
    vListInsertEnd                           0x08005835   Thumb Code    24  list.o(i.vListInsertEnd)
    vPortEnterCritical                       0x0800584d   Thumb Code    54  port.o(i.vPortEnterCritical)
    vPortExitCritical                        0x0800588d   Thumb Code    34  port.o(i.vPortExitCritical)
    vPortFree                                0x080058b5   Thumb Code    88  heap_4.o(i.vPortFree)
    vPortSetupTimerInterrupt                 0x08005911   Thumb Code    32  port.o(i.vPortSetupTimerInterrupt)
    vPortValidateInterruptPriority           0x08005935   Thumb Code    74  port.o(i.vPortValidateInterruptPriority)
    vTaskInternalSetTimeOutState             0x08005989   Thumb Code    12  tasks.o(i.vTaskInternalSetTimeOutState)
    vTaskMissedYield                         0x08005999   Thumb Code     8  tasks.o(i.vTaskMissedYield)
    vTaskPlaceOnEventList                    0x080059a5   Thumb Code    44  tasks.o(i.vTaskPlaceOnEventList)
    vTaskPriorityDisinheritAfterTimeout      0x080059d5   Thumb Code   160  tasks.o(i.vTaskPriorityDisinheritAfterTimeout)
    vTaskStartScheduler                      0x08005a7d   Thumb Code    90  tasks.o(i.vTaskStartScheduler)
    vTaskSuspendAll                          0x08005ae9   Thumb Code    10  tasks.o(i.vTaskSuspendAll)
    vTaskSwitchContext                       0x08005af9   Thumb Code    82  tasks.o(i.vTaskSwitchContext)
    xPortStartScheduler                      0x08005b9d   Thumb Code   222  port.o(i.xPortStartScheduler)
    xQueueGenericCreate                      0x08005c91   Thumb Code    72  queue.o(i.xQueueGenericCreate)
    xQueueGenericCreateStatic                0x08005cd9   Thumb Code   102  queue.o(i.xQueueGenericCreateStatic)
    xQueueGenericReset                       0x08005d41   Thumb Code   132  queue.o(i.xQueueGenericReset)
    xQueueGenericSend                        0x08005dc9   Thumb Code   346  queue.o(i.xQueueGenericSend)
    xQueueGenericSendFromISR                 0x08005f29   Thumb Code   188  queue.o(i.xQueueGenericSendFromISR)
    xQueueGiveFromISR                        0x08005fe5   Thumb Code   156  queue.o(i.xQueueGiveFromISR)
    xQueueReceive                            0x08006081   Thumb Code   308  queue.o(i.xQueueReceive)
    xQueueReceiveFromISR                     0x080061b9   Thumb Code   154  queue.o(i.xQueueReceiveFromISR)
    xQueueSemaphoreTake                      0x08006255   Thumb Code   372  queue.o(i.xQueueSemaphoreTake)
    xTaskCheckForTimeOut                     0x080063cd   Thumb Code   112  tasks.o(i.xTaskCheckForTimeOut)
    xTaskCreate                              0x08006441   Thumb Code    90  tasks.o(i.xTaskCreate)
    xTaskCreateStatic                        0x0800649b   Thumb Code    86  tasks.o(i.xTaskCreateStatic)
    xTaskGetSchedulerState                   0x080064f1   Thumb Code    22  tasks.o(i.xTaskGetSchedulerState)
    xTaskGetTickCount                        0x0800650d   Thumb Code     6  tasks.o(i.xTaskGetTickCount)
    xTaskGetTickCountFromISR                 0x08006519   Thumb Code    12  tasks.o(i.xTaskGetTickCountFromISR)
    xTaskIncrementTick                       0x08006529   Thumb Code   192  tasks.o(i.xTaskIncrementTick)
    xTaskPriorityDisinherit                  0x080065f1   Thumb Code   144  tasks.o(i.xTaskPriorityDisinherit)
    xTaskPriorityInherit                     0x08006689   Thumb Code   138  tasks.o(i.xTaskPriorityInherit)
    xTaskRemoveFromEventList                 0x0800671d   Thumb Code   108  tasks.o(i.xTaskRemoveFromEventList)
    xTaskResumeAll                           0x08006791   Thumb Code   182  tasks.o(i.xTaskResumeAll)
    SD_Driver                                0x08006870   Data          20  sd_diskio.o(.constdata)
    AHBPrescTable                            0x08006894   Data          16  system_stm32f4xx.o(.constdata)
    APBPrescTable                            0x080068a4   Data           8  system_stm32f4xx.o(.constdata)
    Region$$Table$$Base                      0x0800695c   Number         0  anon$$obj.o(Region$$Table)
    Region$$Table$$Limit                     0x0800697c   Number         0  anon$$obj.o(Region$$Table)
    sdcard_save                              0x20000000   Data           1  main.o(.data)
    sdcard_save_check                        0x20000001   Data           1  main.o(.data)
    sdcard_save_ongoing                      0x20000002   Data           1  main.o(.data)
    _1000ms_flg                              0x20000003   Data           1  main.o(.data)
    datasave_flg                             0x20000004   Data           1  main.o(.data)
    k                                        0x20000005   Data           1  main.o(.data)
    datatrans_flg                            0x20000006   Data           1  main.o(.data)
    datatest_flg                             0x20000007   Data           1  main.o(.data)
    crcval                                   0x20000008   Data           2  main.o(.data)
    tmr_ms                                   0x2000000a   Data           2  main.o(.data)
    tmr_1000ms                               0x2000000c   Data           2  main.o(.data)
    svtmr_ms                                 0x2000000e   Data           2  main.o(.data)
    defaultTaskHandle                        0x20000010   Data           4  main.o(.data)
    Rxbuf_ino                                0x20000014   Data           8  main.o(.data)
    Rxbuf_ino_p                              0x2000001c   Data           8  main.o(.data)
    hcrc                                     0x20000024   Data           8  main.o(.data)
    retSD                                    0x20000034   Data           1  fatfs.o(.data)
    SDPath                                   0x20000035   Data           4  fatfs.o(.data)
    SystemCoreClock                          0x2000003c   Data           4  system_stm32f4xx.o(.data)
    uwTickFreq                               0x20000040   Data           1  stm32f4xx_hal.o(.data)
    uwTickPrio                               0x20000044   Data           4  stm32f4xx_hal.o(.data)
    uwTick                                   0x20000048   Data           4  stm32f4xx_hal.o(.data)
    pxCurrentTCB                             0x20000054   Data           4  tasks.o(.data)
    adcValArray                              0x200000b4   Data          10  main.o(.bss)
    crcArray_send                            0x200000c0   Data          40  main.o(.bss)
    hadc1                                    0x200000e8   Data          72  main.o(.bss)
    hsd                                      0x20000130   Data         132  main.o(.bss)
    htim4                                    0x200001b4   Data          64  main.o(.bss)
    huart1                                   0x200001f4   Data          64  main.o(.bss)
    huart2                                   0x20000234   Data          64  main.o(.bss)
    huart6                                   0x20000274   Data          64  main.o(.bss)
    txdata                                   0x200002b4   Data          20  main.o(.bss)
    rxBuf_sd                                 0x200002c8   Data           9  main.o(.bss)
    str_testset                              0x200002d1   Data          10  main.o(.bss)
    hdma_adc1                                0x200002dc   Data          96  main.o(.bss)
    hdma_sdio_rx                             0x2000033c   Data          96  main.o(.bss)
    hdma_sdio_tx                             0x2000039c   Data          96  main.o(.bss)
    hdma_usart6_rx                           0x200003fc   Data          96  main.o(.bss)
    SDFile                                   0x2000065c   Data        4144  fatfs.o(.bss)
    htim5                                    0x200018e0   Data          64  stm32f4xx_hal_timebase_tim.o(.bss)
    disk                                     0x20001940   Data          12  ff_gen_drv.o(.bss)
    __initial_sp                             0x20009640   Data           0  startup_stm32f411xe.o(STACK)



==============================================================================

Memory Map of the image

  Image Entry point : 0x08000199

  Load Region LR_IROM1 (Base: 0x08000000, Size: 0x00006a30, Max: 0x00040000, ABSOLUTE)

    Execution Region ER_IROM1 (Exec base: 0x08000000, Load base: 0x08000000, Size: 0x0000697c, Max: 0x00040000, ABSOLUTE)

    Exec Addr    Load Addr    Size         Type   Attr      Idx    E Section Name        Object

    0x08000000   0x08000000   0x00000198   Data   RO            3    RESET               startup_stm32f411xe.o
    0x08000198   0x08000198   0x00000000   Code   RO         5944  * .ARM.Collect$$$$00000000  mc_w.l(entry.o)
    0x08000198   0x08000198   0x00000004   Code   RO         5961    .ARM.Collect$$$$00000001  mc_w.l(entry2.o)
    0x0800019c   0x0800019c   0x00000004   Code   RO         5964    .ARM.Collect$$$$00000004  mc_w.l(entry5.o)
    0x080001a0   0x080001a0   0x00000000   Code   RO         5966    .ARM.Collect$$$$00000008  mc_w.l(entry7b.o)
    0x080001a0   0x080001a0   0x00000000   Code   RO         5968    .ARM.Collect$$$$0000000A  mc_w.l(entry8b.o)
    0x080001a0   0x080001a0   0x00000008   Code   RO         5969    .ARM.Collect$$$$0000000B  mc_w.l(entry9a.o)
    0x080001a8   0x080001a8   0x00000000   Code   RO         5971    .ARM.Collect$$$$0000000D  mc_w.l(entry10a.o)
    0x080001a8   0x080001a8   0x00000000   Code   RO         5973    .ARM.Collect$$$$0000000F  mc_w.l(entry11a.o)
    0x080001a8   0x080001a8   0x00000004   Code   RO         5962    .ARM.Collect$$$$00002712  mc_w.l(entry2.o)
    0x080001ac   0x080001ac   0x000000be   Code   RO         5867    .emb_text           port.o
    0x0800026a   0x0800026a   0x00000002   PAD
    0x0800026c   0x0800026c   0x00000024   Code   RO            4    .text               startup_stm32f411xe.o
    0x08000290   0x08000290   0x00000062   Code   RO         5947    .text               mc_w.l(uldiv.o)
    0x080002f2   0x080002f2   0x00000024   Code   RO         5949    .text               mc_w.l(memcpya.o)
    0x08000316   0x08000316   0x00000024   Code   RO         5953    .text               mc_w.l(memseta.o)
    0x0800033a   0x0800033a   0x00000018   Code   RO         5955    .text               mc_w.l(strcat.o)
    0x08000352   0x08000352   0x00000018   Code   RO         5957    .text               mc_w.l(strncpy.o)
    0x0800036a   0x0800036a   0x0000001e   Code   RO         5975    .text               mc_w.l(llshl.o)
    0x08000388   0x08000388   0x00000020   Code   RO         5977    .text               mc_w.l(llushr.o)
    0x080003a8   0x080003a8   0x00000024   Code   RO         5979    .text               mc_w.l(init.o)
    0x080003cc   0x080003cc   0x0000006e   Code   RO          906    i.ADC_DMAConvCplt   stm32f4xx_hal_adc.o
    0x0800043a   0x0800043a   0x00000016   Code   RO          907    i.ADC_DMAError      stm32f4xx_hal_adc.o
    0x08000450   0x08000450   0x0000000a   Code   RO          908    i.ADC_DMAHalfConvCplt  stm32f4xx_hal_adc.o
    0x0800045a   0x0800045a   0x00000002   PAD
    0x0800045c   0x0800045c   0x00000128   Code   RO          909    i.ADC_Init          stm32f4xx_hal_adc.o
    0x08000584   0x08000584   0x00000002   Code   RO          306    i.BSP_SD_AbortCallback  bsp_driver_sd.o
    0x08000586   0x08000586   0x00000002   PAD
    0x08000588   0x08000588   0x0000000c   Code   RO          312    i.BSP_SD_GetCardInfo  bsp_driver_sd.o
    0x08000594   0x08000594   0x00000018   Code   RO          313    i.BSP_SD_GetCardState  bsp_driver_sd.o
    0x080005ac   0x080005ac   0x00000034   Code   RO          316    i.BSP_SD_Init       bsp_driver_sd.o
    0x080005e0   0x080005e0   0x0000001c   Code   RO          319    i.BSP_SD_ReadBlocks_DMA  bsp_driver_sd.o
    0x080005fc   0x080005fc   0x00000014   Code   RO          450    i.BSP_SD_ReadCpltCallback  sd_diskio.o
    0x08000610   0x08000610   0x0000001c   Code   RO          322    i.BSP_SD_WriteBlocks_DMA  bsp_driver_sd.o
    0x0800062c   0x0800062c   0x00000014   Code   RO          451    i.BSP_SD_WriteCpltCallback  sd_diskio.o
    0x08000640   0x08000640   0x00000002   Code   RO          632    i.BusFault_Handler  stm32f4xx_it.o
    0x08000642   0x08000642   0x00000002   PAD
    0x08000644   0x08000644   0x0000000c   Code   RO          633    i.DMA2_Stream0_IRQHandler  stm32f4xx_it.o
    0x08000650   0x08000650   0x0000000c   Code   RO          634    i.DMA2_Stream1_IRQHandler  stm32f4xx_it.o
    0x0800065c   0x0800065c   0x0000000c   Code   RO          635    i.DMA2_Stream3_IRQHandler  stm32f4xx_it.o
    0x08000668   0x08000668   0x0000000c   Code   RO          636    i.DMA2_Stream6_IRQHandler  stm32f4xx_it.o
    0x08000674   0x08000674   0x00000028   Code   RO         1694    i.DMA_CalcBaseAndBitshift  stm32f4xx_hal_dma.o
    0x0800069c   0x0800069c   0x00000054   Code   RO         1695    i.DMA_CheckFifoParam  stm32f4xx_hal_dma.o
    0x080006f0   0x080006f0   0x00000028   Code   RO         1696    i.DMA_SetConfig     stm32f4xx_hal_dma.o
    0x08000718   0x08000718   0x00000002   Code   RO          637    i.DebugMon_Handler  stm32f4xx_it.o
    0x0800071a   0x0800071a   0x00000002   Code   RO           13    i.Error_Handler     main.o
    0x0800071c   0x0800071c   0x00000006   Code   RO         4591    i.FATFS_LinkDriver  ff_gen_drv.o
    0x08000722   0x08000722   0x00000002   PAD
    0x08000724   0x08000724   0x00000040   Code   RO         4592    i.FATFS_LinkDriverEx  ff_gen_drv.o
    0x08000764   0x08000764   0x00000164   Code   RO          911    i.HAL_ADC_ConfigChannel  stm32f4xx_hal_adc.o
    0x080008c8   0x080008c8   0x00000002   Code   RO          912    i.HAL_ADC_ConvCpltCallback  stm32f4xx_hal_adc.o
    0x080008ca   0x080008ca   0x00000002   Code   RO          913    i.HAL_ADC_ConvHalfCpltCallback  stm32f4xx_hal_adc.o
    0x080008cc   0x080008cc   0x00000002   Code   RO          915    i.HAL_ADC_ErrorCallback  stm32f4xx_hal_adc.o
    0x080008ce   0x080008ce   0x00000054   Code   RO          920    i.HAL_ADC_Init      stm32f4xx_hal_adc.o
    0x08000922   0x08000922   0x00000002   PAD
    0x08000924   0x08000924   0x00000098   Code   RO          745    i.HAL_ADC_MspInit   stm32f4xx_hal_msp.o
    0x080009bc   0x080009bc   0x00000100   Code   RO          927    i.HAL_ADC_Start_DMA  stm32f4xx_hal_adc.o
    0x08000abc   0x08000abc   0x0000002e   Code   RO         2392    i.HAL_CRC_Calculate  stm32f4xx_hal_crc.o
    0x08000aea   0x08000aea   0x00000022   Code   RO         2395    i.HAL_CRC_Init      stm32f4xx_hal_crc.o
    0x08000b0c   0x08000b0c   0x00000028   Code   RO          747    i.HAL_CRC_MspInit   stm32f4xx_hal_msp.o
    0x08000b34   0x08000b34   0x00000024   Code   RO         1698    i.HAL_DMA_Abort_IT  stm32f4xx_hal_dma.o
    0x08000b58   0x08000b58   0x00000004   Code   RO         1700    i.HAL_DMA_GetError  stm32f4xx_hal_dma.o
    0x08000b5c   0x08000b5c   0x000001a0   Code   RO         1702    i.HAL_DMA_IRQHandler  stm32f4xx_hal_dma.o
    0x08000cfc   0x08000cfc   0x000000d4   Code   RO         1703    i.HAL_DMA_Init      stm32f4xx_hal_dma.o
    0x08000dd0   0x08000dd0   0x0000006e   Code   RO         1707    i.HAL_DMA_Start_IT  stm32f4xx_hal_dma.o
    0x08000e3e   0x08000e3e   0x00000002   PAD
    0x08000e40   0x08000e40   0x00000024   Code   RO         2140    i.HAL_Delay         stm32f4xx_hal.o
    0x08000e64   0x08000e64   0x00000194   Code   RO         1590    i.HAL_GPIO_Init     stm32f4xx_hal_gpio.o
    0x08000ff8   0x08000ff8   0x0000000e   Code   RO         1593    i.HAL_GPIO_TogglePin  stm32f4xx_hal_gpio.o
    0x08001006   0x08001006   0x0000000a   Code   RO         1594    i.HAL_GPIO_WritePin  stm32f4xx_hal_gpio.o
    0x08001010   0x08001010   0x0000000c   Code   RO         2146    i.HAL_GetTick       stm32f4xx_hal.o
    0x0800101c   0x0800101c   0x00000010   Code   RO         2152    i.HAL_IncTick       stm32f4xx_hal.o
    0x0800102c   0x0800102c   0x00000034   Code   RO         2153    i.HAL_Init          stm32f4xx_hal.o
    0x08001060   0x08001060   0x00000074   Code   RO          829    i.HAL_InitTick      stm32f4xx_hal_timebase_tim.o
    0x080010d4   0x080010d4   0x00000038   Code   RO          748    i.HAL_MspInit       stm32f4xx_hal_msp.o
    0x0800110c   0x0800110c   0x0000001a   Code   RO         2003    i.HAL_NVIC_EnableIRQ  stm32f4xx_hal_cortex.o
    0x08001126   0x08001126   0x00000002   PAD
    0x08001128   0x08001128   0x00000040   Code   RO         2009    i.HAL_NVIC_SetPriority  stm32f4xx_hal_cortex.o
    0x08001168   0x08001168   0x00000024   Code   RO         2010    i.HAL_NVIC_SetPriorityGrouping  stm32f4xx_hal_cortex.o
    0x0800118c   0x0800118c   0x00000134   Code   RO         1182    i.HAL_RCC_ClockConfig  stm32f4xx_hal_rcc.o
    0x080012c0   0x080012c0   0x00000040   Code   RO         1186    i.HAL_RCC_GetClockConfig  stm32f4xx_hal_rcc.o
    0x08001300   0x08001300   0x00000020   Code   RO         1189    i.HAL_RCC_GetPCLK1Freq  stm32f4xx_hal_rcc.o
    0x08001320   0x08001320   0x00000020   Code   RO         1190    i.HAL_RCC_GetPCLK2Freq  stm32f4xx_hal_rcc.o
    0x08001340   0x08001340   0x00000060   Code   RO         1191    i.HAL_RCC_GetSysClockFreq  stm32f4xx_hal_rcc.o
    0x080013a0   0x080013a0   0x0000035c   Code   RO         1194    i.HAL_RCC_OscConfig  stm32f4xx_hal_rcc.o
    0x080016fc   0x080016fc   0x00000008   Code   RO          324    i.HAL_SD_AbortCallback  bsp_driver_sd.o
    0x08001704   0x08001704   0x000000f4   Code   RO         2718    i.HAL_SD_ConfigWideBusOperation  stm32f4xx_hal_sd.o
    0x080017f8   0x080017f8   0x00000002   Code   RO         2721    i.HAL_SD_ErrorCallback  stm32f4xx_hal_sd.o
    0x080017fa   0x080017fa   0x00000002   PAD
    0x080017fc   0x080017fc   0x00000198   Code   RO         2723    i.HAL_SD_GetCardCSD  stm32f4xx_hal_sd.o
    0x08001994   0x08001994   0x00000024   Code   RO         2724    i.HAL_SD_GetCardInfo  stm32f4xx_hal_sd.o
    0x080019b8   0x080019b8   0x0000002c   Code   RO         2725    i.HAL_SD_GetCardState  stm32f4xx_hal_sd.o
    0x080019e4   0x080019e4   0x00000208   Code   RO         2729    i.HAL_SD_IRQHandler  stm32f4xx_hal_sd.o
    0x08001bec   0x08001bec   0x00000036   Code   RO         2730    i.HAL_SD_Init       stm32f4xx_hal_sd.o
    0x08001c22   0x08001c22   0x00000002   PAD
    0x08001c24   0x08001c24   0x00000054   Code   RO         2731    i.HAL_SD_InitCard   stm32f4xx_hal_sd.o
    0x08001c78   0x08001c78   0x00000168   Code   RO          750    i.HAL_SD_MspInit    stm32f4xx_hal_msp.o
    0x08001de0   0x08001de0   0x00000130   Code   RO         2735    i.HAL_SD_ReadBlocks_DMA  stm32f4xx_hal_sd.o
    0x08001f10   0x08001f10   0x00000008   Code   RO          325    i.HAL_SD_RxCpltCallback  bsp_driver_sd.o
    0x08001f18   0x08001f18   0x00000008   Code   RO          326    i.HAL_SD_TxCpltCallback  bsp_driver_sd.o
    0x08001f20   0x08001f20   0x00000134   Code   RO         2740    i.HAL_SD_WriteBlocks_DMA  stm32f4xx_hal_sd.o
    0x08002054   0x08002054   0x00000002   Code   RO         3617    i.HAL_TIMEx_BreakCallback  stm32f4xx_hal_tim_ex.o
    0x08002056   0x08002056   0x00000002   Code   RO         3618    i.HAL_TIMEx_CommutCallback  stm32f4xx_hal_tim_ex.o
    0x08002058   0x08002058   0x0000007c   Code   RO         3635    i.HAL_TIMEx_MasterConfigSynchronization  stm32f4xx_hal_tim_ex.o
    0x080020d4   0x080020d4   0x00000036   Code   RO         2942    i.HAL_TIM_Base_Init  stm32f4xx_hal_tim.o
    0x0800210a   0x0800210a   0x00000002   PAD
    0x0800210c   0x0800210c   0x0000003c   Code   RO          752    i.HAL_TIM_Base_MspInit  stm32f4xx_hal_msp.o
    0x08002148   0x08002148   0x00000022   Code   RO         2947    i.HAL_TIM_Base_Start_IT  stm32f4xx_hal_tim.o
    0x0800216a   0x0800216a   0x000000d6   Code   RO         2951    i.HAL_TIM_ConfigClockSource  stm32f4xx_hal_tim.o
    0x08002240   0x08002240   0x00000002   Code   RO         2971    i.HAL_TIM_IC_CaptureCallback  stm32f4xx_hal_tim.o
    0x08002242   0x08002242   0x00000166   Code   RO         2985    i.HAL_TIM_IRQHandler  stm32f4xx_hal_tim.o
    0x080023a8   0x080023a8   0x00000002   Code   RO         2988    i.HAL_TIM_OC_DelayElapsedCallback  stm32f4xx_hal_tim.o
    0x080023aa   0x080023aa   0x00000002   Code   RO         3015    i.HAL_TIM_PWM_PulseFinishedCallback  stm32f4xx_hal_tim.o
    0x080023ac   0x080023ac   0x0000008c   Code   RO           14    i.HAL_TIM_PeriodElapsedCallback  main.o
    0x08002438   0x08002438   0x00000002   Code   RO         3028    i.HAL_TIM_TriggerCallback  stm32f4xx_hal_tim.o
    0x0800243a   0x0800243a   0x00000002   Code   RO         3889    i.HAL_UART_ErrorCallback  stm32f4xx_hal_uart.o
    0x0800243c   0x0800243c   0x00000114   Code   RO         3892    i.HAL_UART_IRQHandler  stm32f4xx_hal_uart.o
    0x08002550   0x08002550   0x00000062   Code   RO         3893    i.HAL_UART_Init     stm32f4xx_hal_uart.o
    0x080025b2   0x080025b2   0x00000002   PAD
    0x080025b4   0x080025b4   0x00000150   Code   RO          754    i.HAL_UART_MspInit  stm32f4xx_hal_msp.o
    0x08002704   0x08002704   0x00000098   Code   RO         3897    i.HAL_UART_Receive_DMA  stm32f4xx_hal_uart.o
    0x0800279c   0x0800279c   0x00000052   Code   RO         3898    i.HAL_UART_Receive_IT  stm32f4xx_hal_uart.o
    0x080027ee   0x080027ee   0x00000002   PAD
    0x080027f0   0x080027f0   0x00000158   Code   RO           15    i.HAL_UART_RxCpltCallback  main.o
    0x08002948   0x08002948   0x00000002   Code   RO         3900    i.HAL_UART_RxHalfCpltCallback  stm32f4xx_hal_uart.o
    0x0800294a   0x0800294a   0x0000003e   Code   RO         3903    i.HAL_UART_Transmit_IT  stm32f4xx_hal_uart.o
    0x08002988   0x08002988   0x00000018   Code   RO           16    i.HAL_UART_TxCpltCallback  main.o
    0x080029a0   0x080029a0   0x00000002   Code   RO          638    i.HardFault_Handler  stm32f4xx_it.o
    0x080029a2   0x080029a2   0x00000002   PAD
    0x080029a4   0x080029a4   0x0000008c   Code   RO           17    i.MX_ADC1_Init      main.o
    0x08002a30   0x08002a30   0x0000005c   Code   RO           18    i.MX_DMA_Init       main.o
    0x08002a8c   0x08002a8c   0x0000001c   Code   RO          554    i.MX_FATFS_Init     fatfs.o
    0x08002aa8   0x08002aa8   0x00000060   Code   RO           19    i.MX_GPIO_Init      main.o
    0x08002b08   0x08002b08   0x00000054   Code   RO           20    i.MX_TIM4_Init      main.o
    0x08002b5c   0x08002b5c   0x00000002   Code   RO          639    i.MemManage_Handler  stm32f4xx_it.o
    0x08002b5e   0x08002b5e   0x00000002   Code   RO          640    i.NMI_Handler       stm32f4xx_it.o
    0x08002b60   0x08002b60   0x00000024   Code   RO         2451    i.SDIO_ConfigData   stm32f4xx_ll_sdmmc.o
    0x08002b84   0x08002b84   0x00000008   Code   RO         2455    i.SDIO_GetPowerState  stm32f4xx_ll_sdmmc.o
    0x08002b8c   0x08002b8c   0x00000006   Code   RO         2456    i.SDIO_GetResponse  stm32f4xx_ll_sdmmc.o
    0x08002b92   0x08002b92   0x00000002   PAD
    0x08002b94   0x08002b94   0x0000000c   Code   RO          641    i.SDIO_IRQHandler   stm32f4xx_it.o
    0x08002ba0   0x08002ba0   0x00000024   Code   RO         2457    i.SDIO_Init         stm32f4xx_ll_sdmmc.o
    0x08002bc4   0x08002bc4   0x00000010   Code   RO         2459    i.SDIO_PowerState_ON  stm32f4xx_ll_sdmmc.o
    0x08002bd4   0x08002bd4   0x00000006   Code   RO         2460    i.SDIO_ReadFIFO     stm32f4xx_ll_sdmmc.o
    0x08002bda   0x08002bda   0x00000020   Code   RO         2461    i.SDIO_SendCommand  stm32f4xx_ll_sdmmc.o
    0x08002bfa   0x08002bfa   0x0000000a   Code   RO         2463    i.SDIO_WriteFIFO    stm32f4xx_ll_sdmmc.o
    0x08002c04   0x08002c04   0x00000032   Code   RO         2464    i.SDMMC_CmdAppCommand  stm32f4xx_ll_sdmmc.o
    0x08002c36   0x08002c36   0x00000002   PAD
    0x08002c38   0x08002c38   0x00000034   Code   RO         2465    i.SDMMC_CmdAppOperCommand  stm32f4xx_ll_sdmmc.o
    0x08002c6c   0x08002c6c   0x00000032   Code   RO         2466    i.SDMMC_CmdBlockLength  stm32f4xx_ll_sdmmc.o
    0x08002c9e   0x08002c9e   0x00000032   Code   RO         2467    i.SDMMC_CmdBusWidth  stm32f4xx_ll_sdmmc.o
    0x08002cd0   0x08002cd0   0x00000050   Code   RO         2471    i.SDMMC_CmdGoIdleState  stm32f4xx_ll_sdmmc.o
    0x08002d20   0x08002d20   0x00000074   Code   RO         2473    i.SDMMC_CmdOperCond  stm32f4xx_ll_sdmmc.o
    0x08002d94   0x08002d94   0x00000032   Code   RO         2474    i.SDMMC_CmdReadMultiBlock  stm32f4xx_ll_sdmmc.o
    0x08002dc6   0x08002dc6   0x00000032   Code   RO         2475    i.SDMMC_CmdReadSingleBlock  stm32f4xx_ll_sdmmc.o
    0x08002df8   0x08002df8   0x00000032   Code   RO         2478    i.SDMMC_CmdSelDesel  stm32f4xx_ll_sdmmc.o
    0x08002e2a   0x08002e2a   0x0000002c   Code   RO         2479    i.SDMMC_CmdSendCID  stm32f4xx_ll_sdmmc.o
    0x08002e56   0x08002e56   0x0000002c   Code   RO         2480    i.SDMMC_CmdSendCSD  stm32f4xx_ll_sdmmc.o
    0x08002e82   0x08002e82   0x00000030   Code   RO         2481    i.SDMMC_CmdSendSCR  stm32f4xx_ll_sdmmc.o
    0x08002eb2   0x08002eb2   0x00000032   Code   RO         2482    i.SDMMC_CmdSendStatus  stm32f4xx_ll_sdmmc.o
    0x08002ee4   0x08002ee4   0x00000030   Code   RO         2483    i.SDMMC_CmdSetRelAdd  stm32f4xx_ll_sdmmc.o
    0x08002f14   0x08002f14   0x00000034   Code   RO         2485    i.SDMMC_CmdStopTransfer  stm32f4xx_ll_sdmmc.o
    0x08002f48   0x08002f48   0x00000032   Code   RO         2487    i.SDMMC_CmdWriteMultiBlock  stm32f4xx_ll_sdmmc.o
    0x08002f7a   0x08002f7a   0x00000032   Code   RO         2488    i.SDMMC_CmdWriteSingleBlock  stm32f4xx_ll_sdmmc.o
    0x08002fac   0x08002fac   0x00000120   Code   RO         2489    i.SDMMC_GetCmdResp1  stm32f4xx_ll_sdmmc.o
    0x080030cc   0x080030cc   0x00000050   Code   RO         2490    i.SDMMC_GetCmdResp2  stm32f4xx_ll_sdmmc.o
    0x0800311c   0x0800311c   0x00000044   Code   RO         2491    i.SDMMC_GetCmdResp3  stm32f4xx_ll_sdmmc.o
    0x08003160   0x08003160   0x00000088   Code   RO         2492    i.SDMMC_GetCmdResp6  stm32f4xx_ll_sdmmc.o
    0x080031e8   0x080031e8   0x00000020   Code   RO          452    i.SD_CheckStatus    sd_diskio.o
    0x08003208   0x08003208   0x00000024   Code   RO          453    i.SD_CheckStatusWithTimeout  sd_diskio.o
    0x0800322c   0x0800322c   0x00000064   Code   RO         2742    i.SD_DMAError       stm32f4xx_hal_sd.o
    0x08003290   0x08003290   0x00000042   Code   RO         2743    i.SD_DMAReceiveCplt  stm32f4xx_hal_sd.o
    0x080032d2   0x080032d2   0x00000044   Code   RO         2744    i.SD_DMARxAbort     stm32f4xx_hal_sd.o
    0x08003316   0x08003316   0x0000000e   Code   RO         2745    i.SD_DMATransmitCplt  stm32f4xx_hal_sd.o
    0x08003324   0x08003324   0x00000044   Code   RO         2746    i.SD_DMATxAbort     stm32f4xx_hal_sd.o
    0x08003368   0x08003368   0x000000d4   Code   RO         2747    i.SD_FindSCR        stm32f4xx_hal_sd.o
    0x0800343c   0x0800343c   0x000000ee   Code   RO         2748    i.SD_InitCard       stm32f4xx_hal_sd.o
    0x0800352a   0x0800352a   0x00000002   PAD
    0x0800352c   0x0800352c   0x000000b4   Code   RO         2749    i.SD_PowerON        stm32f4xx_hal_sd.o
    0x080035e0   0x080035e0   0x00000048   Code   RO          454    i.SD_initialize     sd_diskio.o
    0x08003628   0x08003628   0x00000050   Code   RO          455    i.SD_ioctl          sd_diskio.o
    0x08003678   0x08003678   0x000000a0   Code   RO          456    i.SD_read           sd_diskio.o
    0x08003718   0x08003718   0x00000004   Code   RO          457    i.SD_status         sd_diskio.o
    0x0800371c   0x0800371c   0x000000bc   Code   RO          458    i.SD_write          sd_diskio.o
    0x080037d8   0x080037d8   0x000000e4   Code   RO           21    i.StartDefaultTask  main.o
    0x080038bc   0x080038bc   0x0000002c   Code   RO         5868    i.SysTick_Handler   port.o
    0x080038e8   0x080038e8   0x00000080   Code   RO           22    i.SystemClock_Config  main.o
    0x08003968   0x08003968   0x0000001c   Code   RO          869    i.SystemInit        system_stm32f4xx.o
    0x08003984   0x08003984   0x0000000c   Code   RO          642    i.TIM4_IRQHandler   stm32f4xx_it.o
    0x08003990   0x08003990   0x0000000c   Code   RO          643    i.TIM5_IRQHandler   stm32f4xx_it.o
    0x0800399c   0x0800399c   0x00000098   Code   RO         3030    i.TIM_Base_SetConfig  stm32f4xx_hal_tim.o
    0x08003a34   0x08003a34   0x00000014   Code   RO         3041    i.TIM_ETR_SetConfig  stm32f4xx_hal_tim.o
    0x08003a48   0x08003a48   0x00000010   Code   RO         3042    i.TIM_ITRx_SetConfig  stm32f4xx_hal_tim.o
    0x08003a58   0x08003a58   0x00000022   Code   RO         3048    i.TIM_TI1_ConfigInputStage  stm32f4xx_hal_tim.o
    0x08003a7a   0x08003a7a   0x00000024   Code   RO         3050    i.TIM_TI2_ConfigInputStage  stm32f4xx_hal_tim.o
    0x08003a9e   0x08003a9e   0x00000010   Code   RO         3906    i.UART_DMAAbortOnError  stm32f4xx_hal_uart.o
    0x08003aae   0x08003aae   0x0000004a   Code   RO         3907    i.UART_DMAError     stm32f4xx_hal_uart.o
    0x08003af8   0x08003af8   0x0000003c   Code   RO         3908    i.UART_DMAReceiveCplt  stm32f4xx_hal_uart.o
    0x08003b34   0x08003b34   0x0000000a   Code   RO         3910    i.UART_DMARxHalfCplt  stm32f4xx_hal_uart.o
    0x08003b3e   0x08003b3e   0x0000001c   Code   RO         3916    i.UART_EndRxTransfer  stm32f4xx_hal_uart.o
    0x08003b5a   0x08003b5a   0x00000012   Code   RO         3917    i.UART_EndTxTransfer  stm32f4xx_hal_uart.o
    0x08003b6c   0x08003b6c   0x00000096   Code   RO         3918    i.UART_Receive_IT   stm32f4xx_hal_uart.o
    0x08003c02   0x08003c02   0x00000002   PAD
    0x08003c04   0x08003c04   0x00000128   Code   RO         3919    i.UART_SetConfig    stm32f4xx_hal_uart.o
    0x08003d2c   0x08003d2c   0x00000062   Code   RO         3920    i.UART_Transmit_IT  stm32f4xx_hal_uart.o
    0x08003d8e   0x08003d8e   0x00000002   PAD
    0x08003d90   0x08003d90   0x0000000c   Code   RO          644    i.USART1_IRQHandler  stm32f4xx_it.o
    0x08003d9c   0x08003d9c   0x0000000c   Code   RO          645    i.USART6_IRQHandler  stm32f4xx_it.o
    0x08003da8   0x08003da8   0x00000002   Code   RO          646    i.UsageFault_Handler  stm32f4xx_it.o
    0x08003daa   0x08003daa   0x00000020   Code   RO         2016    i.__NVIC_SetPriority  stm32f4xx_hal_cortex.o
    0x08003dca   0x08003dca   0x0000000e   Code   RO         5983    i.__scatterload_copy  mc_w.l(handlers.o)
    0x08003dd8   0x08003dd8   0x00000002   Code   RO         5984    i.__scatterload_null  mc_w.l(handlers.o)
    0x08003dda   0x08003dda   0x0000000e   Code   RO         5985    i.__scatterload_zeroinit  mc_w.l(handlers.o)
    0x08003de8   0x08003de8   0x00000070   Code   RO         4249    i.check_fs          ff.o
    0x08003e58   0x08003e58   0x0000005c   Code   RO         4250    i.chk_lock          ff.o
    0x08003eb4   0x08003eb4   0x00000020   Code   RO         4251    i.clear_lock        ff.o
    0x08003ed4   0x08003ed4   0x00000018   Code   RO         4253    i.clust2sect        ff.o
    0x08003eec   0x08003eec   0x000000a4   Code   RO         4254    i.create_chain      ff.o
    0x08003f90   0x08003f90   0x000000bc   Code   RO         4255    i.create_name       ff.o
    0x0800404c   0x0800404c   0x00000034   Code   RO         4256    i.dec_lock          ff.o
    0x08004080   0x08004080   0x00000064   Code   RO         4257    i.dir_find          ff.o
    0x080040e4   0x080040e4   0x00000102   Code   RO         4258    i.dir_next          ff.o
    0x080041e6   0x080041e6   0x00000066   Code   RO         4260    i.dir_register      ff.o
    0x0800424c   0x0800424c   0x0000008e   Code   RO         4262    i.dir_sdi           ff.o
    0x080042da   0x080042da   0x00000002   PAD
    0x080042dc   0x080042dc   0x00000028   Code   RO         4194    i.disk_initialize   diskio.o
    0x08004304   0x08004304   0x0000001c   Code   RO         4195    i.disk_ioctl        diskio.o
    0x08004320   0x08004320   0x0000001c   Code   RO         4196    i.disk_read         diskio.o
    0x0800433c   0x0800433c   0x00000018   Code   RO         4197    i.disk_status       diskio.o
    0x08004354   0x08004354   0x0000001c   Code   RO         4198    i.disk_write        diskio.o
    0x08004370   0x08004370   0x00000030   Code   RO         4263    i.f_close           ff.o
    0x080043a0   0x080043a0   0x00000224   Code   RO         4271    i.f_open            ff.o
    0x080045c4   0x080045c4   0x000000a2   Code   RO         4280    i.f_sync            ff.o
    0x08004666   0x08004666   0x00000004   Code   RO         4643    i.ff_rel_grant      syscall.o
    0x0800466a   0x0800466a   0x00000014   Code   RO         4644    i.ff_req_grant      syscall.o
    0x0800467e   0x0800467e   0x00000002   PAD
    0x08004680   0x08004680   0x00000294   Code   RO         4284    i.find_volume       ff.o
    0x08004914   0x08004914   0x0000007a   Code   RO         4285    i.follow_path       ff.o
    0x0800498e   0x0800498e   0x000000e8   Code   RO         4286    i.get_fat           ff.o
    0x08004a76   0x08004a76   0x00000004   Code   RO          555    i.get_fattime       fatfs.o
    0x08004a7a   0x08004a7a   0x0000003c   Code   RO         4288    i.get_ldnumber      ff.o
    0x08004ab6   0x08004ab6   0x0000000c   Code   RO         5437    i.inHandlerMode     cmsis_os.o
    0x08004ac2   0x08004ac2   0x00000002   PAD
    0x08004ac4   0x08004ac4   0x00000080   Code   RO         4289    i.inc_lock          ff.o
    0x08004b44   0x08004b44   0x00000026   Code   RO         4290    i.ld_clust          ff.o
    0x08004b6a   0x08004b6a   0x00000016   Code   RO         4291    i.ld_dword          ff.o
    0x08004b80   0x08004b80   0x0000000a   Code   RO         4292    i.ld_word           ff.o
    0x08004b8a   0x08004b8a   0x00000014   Code   RO         4293    i.lock_fs           ff.o
    0x08004b9e   0x08004b9e   0x00000002   PAD
    0x08004ba0   0x08004ba0   0x00000100   Code   RO           23    i.main              main.o
    0x08004ca0   0x08004ca0   0x0000000c   Code   RO         5439    i.makeFreeRtosPriority  cmsis_os.o
    0x08004cac   0x08004cac   0x00000012   Code   RO         4294    i.mem_cpy           ff.o
    0x08004cbe   0x08004cbe   0x00000002   PAD
    0x08004cc0   0x08004cc0   0x0000000e   Code   RO         4295    i.mem_set           ff.o
    0x08004cce   0x08004cce   0x00000032   Code   RO         4296    i.move_window       ff.o
    0x08004d00   0x08004d00   0x00000012   Code   RO         5443    i.osKernelRunning   cmsis_os.o
    0x08004d12   0x08004d12   0x0000000a   Code   RO         5444    i.osKernelStart     cmsis_os.o
    0x08004d1c   0x08004d1c   0x00000018   Code   RO         5445    i.osKernelSysTick   cmsis_os.o
    0x08004d34   0x08004d34   0x00000026   Code   RO         5453    i.osMessageCreate   cmsis_os.o
    0x08004d5a   0x08004d5a   0x00000002   PAD
    0x08004d5c   0x08004d5c   0x00000094   Code   RO         5455    i.osMessageGet      cmsis_os.o
    0x08004df0   0x08004df0   0x0000005c   Code   RO         5457    i.osMessagePut      cmsis_os.o
    0x08004e4c   0x08004e4c   0x00000050   Code   RO         5473    i.osSemaphoreRelease  cmsis_os.o
    0x08004e9c   0x08004e9c   0x00000064   Code   RO         5474    i.osSemaphoreWait   cmsis_os.o
    0x08004f00   0x08004f00   0x00000054   Code   RO         5478    i.osThreadCreate    cmsis_os.o
    0x08004f54   0x08004f54   0x00000070   Code   RO         5136    i.prvAddCurrentTaskToDelayedList  tasks.o
    0x08004fc4   0x08004fc4   0x000000d0   Code   RO         5137    i.prvAddNewTaskToReadyList  tasks.o
    0x08005094   0x08005094   0x00000026   Code   RO         4830    i.prvCopyDataFromQueue  queue.o
    0x080050ba   0x080050ba   0x0000006c   Code   RO         4831    i.prvCopyDataToQueue  queue.o
    0x08005126   0x08005126   0x00000034   Code   RO         5138    i.prvDeleteTCB      tasks.o
    0x0800515a   0x0800515a   0x00000002   PAD
    0x0800515c   0x0800515c   0x0000004c   Code   RO         5806    i.prvHeapInit       heap_4.o
    0x080051a8   0x080051a8   0x00000060   Code   RO         5139    i.prvIdleTask       tasks.o
    0x08005208   0x08005208   0x00000016   Code   RO         4833    i.prvInitialiseNewQueue  queue.o
    0x0800521e   0x0800521e   0x0000008e   Code   RO         5140    i.prvInitialiseNewTask  tasks.o
    0x080052ac   0x080052ac   0x0000004c   Code   RO         5807    i.prvInsertBlockIntoFreeList  heap_4.o
    0x080052f8   0x080052f8   0x0000001c   Code   RO         4834    i.prvIsQueueEmpty   queue.o
    0x08005314   0x08005314   0x00000020   Code   RO         5141    i.prvResetNextTaskUnblockTime  tasks.o
    0x08005334   0x08005334   0x00000028   Code   RO         5869    i.prvTaskExitError  port.o
    0x0800535c   0x0800535c   0x0000006a   Code   RO         4835    i.prvUnlockQueue    queue.o
    0x080053c6   0x080053c6   0x00000124   Code   RO         4297    i.put_fat           ff.o
    0x080054ea   0x080054ea   0x00000002   PAD
    0x080054ec   0x080054ec   0x000000d8   Code   RO         5808    i.pvPortMalloc      heap_4.o
    0x080055c4   0x080055c4   0x00000018   Code   RO         5143    i.pvTaskIncrementMutexHeldCount  tasks.o
    0x080055dc   0x080055dc   0x0000002c   Code   RO         5870    i.pxPortInitialiseStack  port.o
    0x08005608   0x08005608   0x00000074   Code   RO         4300    i.remove_chain      ff.o
    0x0800567c   0x0800567c   0x00000028   Code   RO         4301    i.st_clust          ff.o
    0x080056a4   0x080056a4   0x00000010   Code   RO         4302    i.st_dword          ff.o
    0x080056b4   0x080056b4   0x00000008   Code   RO         4303    i.st_word           ff.o
    0x080056bc   0x080056bc   0x00000088   Code   RO         4304    i.sync_fs           ff.o
    0x08005744   0x08005744   0x00000052   Code   RO         4305    i.sync_window       ff.o
    0x08005796   0x08005796   0x00000018   Code   RO         4306    i.unlock_fs         ff.o
    0x080057ae   0x080057ae   0x00000026   Code   RO         4790    i.uxListRemove      list.o
    0x080057d4   0x080057d4   0x00000014   Code   RO          598    i.vApplicationGetIdleTaskMemory  freertos.o
    0x080057e8   0x080057e8   0x00000016   Code   RO         4791    i.vListInitialise   list.o
    0x080057fe   0x080057fe   0x00000006   Code   RO         4792    i.vListInitialiseItem  list.o
    0x08005804   0x08005804   0x00000030   Code   RO         4793    i.vListInsert       list.o
    0x08005834   0x08005834   0x00000018   Code   RO         4794    i.vListInsertEnd    list.o
    0x0800584c   0x0800584c   0x00000040   Code   RO         5872    i.vPortEnterCritical  port.o
    0x0800588c   0x0800588c   0x00000028   Code   RO         5873    i.vPortExitCritical  port.o
    0x080058b4   0x080058b4   0x0000005c   Code   RO         5809    i.vPortFree         heap_4.o
    0x08005910   0x08005910   0x00000024   Code   RO         5874    i.vPortSetupTimerInterrupt  port.o
    0x08005934   0x08005934   0x00000054   Code   RO         5875    i.vPortValidateInterruptPriority  port.o
    0x08005988   0x08005988   0x00000010   Code   RO         5152    i.vTaskInternalSetTimeOutState  tasks.o
    0x08005998   0x08005998   0x0000000c   Code   RO         5153    i.vTaskMissedYield  tasks.o
    0x080059a4   0x080059a4   0x00000030   Code   RO         5155    i.vTaskPlaceOnEventList  tasks.o
    0x080059d4   0x080059d4   0x000000a8   Code   RO         5157    i.vTaskPriorityDisinheritAfterTimeout  tasks.o
    0x08005a7c   0x08005a7c   0x0000006c   Code   RO         5162    i.vTaskStartScheduler  tasks.o
    0x08005ae8   0x08005ae8   0x00000010   Code   RO         5164    i.vTaskSuspendAll   tasks.o
    0x08005af8   0x08005af8   0x0000005c   Code   RO         5165    i.vTaskSwitchContext  tasks.o
    0x08005b54   0x08005b54   0x00000048   Code   RO         4307    i.validate          ff.o
    0x08005b9c   0x08005b9c   0x000000f4   Code   RO         5876    i.xPortStartScheduler  port.o
    0x08005c90   0x08005c90   0x00000048   Code   RO         4844    i.xQueueGenericCreate  queue.o
    0x08005cd8   0x08005cd8   0x00000066   Code   RO         4845    i.xQueueGenericCreateStatic  queue.o
    0x08005d3e   0x08005d3e   0x00000002   PAD
    0x08005d40   0x08005d40   0x00000088   Code   RO         4846    i.xQueueGenericReset  queue.o
    0x08005dc8   0x08005dc8   0x00000160   Code   RO         4847    i.xQueueGenericSend  queue.o
    0x08005f28   0x08005f28   0x000000bc   Code   RO         4848    i.xQueueGenericSendFromISR  queue.o
    0x08005fe4   0x08005fe4   0x0000009c   Code   RO         4849    i.xQueueGiveFromISR  queue.o
    0x08006080   0x08006080   0x00000138   Code   RO         4854    i.xQueueReceive     queue.o
    0x080061b8   0x080061b8   0x0000009a   Code   RO         4855    i.xQueueReceiveFromISR  queue.o
    0x08006252   0x08006252   0x00000002   PAD
    0x08006254   0x08006254   0x00000178   Code   RO         4856    i.xQueueSemaphoreTake  queue.o
    0x080063cc   0x080063cc   0x00000074   Code   RO         5166    i.xTaskCheckForTimeOut  tasks.o
    0x08006440   0x08006440   0x0000005a   Code   RO         5167    i.xTaskCreate       tasks.o
    0x0800649a   0x0800649a   0x00000056   Code   RO         5168    i.xTaskCreateStatic  tasks.o
    0x080064f0   0x080064f0   0x0000001c   Code   RO         5172    i.xTaskGetSchedulerState  tasks.o
    0x0800650c   0x0800650c   0x0000000c   Code   RO         5173    i.xTaskGetTickCount  tasks.o
    0x08006518   0x08006518   0x00000010   Code   RO         5174    i.xTaskGetTickCountFromISR  tasks.o
    0x08006528   0x08006528   0x000000c8   Code   RO         5175    i.xTaskIncrementTick  tasks.o
    0x080065f0   0x080065f0   0x00000098   Code   RO         5178    i.xTaskPriorityDisinherit  tasks.o
    0x08006688   0x08006688   0x00000094   Code   RO         5179    i.xTaskPriorityInherit  tasks.o
    0x0800671c   0x0800671c   0x00000074   Code   RO         5180    i.xTaskRemoveFromEventList  tasks.o
    0x08006790   0x08006790   0x000000c4   Code   RO         5181    i.xTaskResumeAll    tasks.o
    0x08006854   0x08006854   0x0000001c   Data   RO           33    .constdata          main.o
    0x08006870   0x08006870   0x00000014   Data   RO          460    .constdata          sd_diskio.o
    0x08006884   0x08006884   0x00000010   Data   RO          461    .constdata          sd_diskio.o
    0x08006894   0x08006894   0x00000010   Data   RO          870    .constdata          system_stm32f4xx.o
    0x080068a4   0x080068a4   0x00000008   Data   RO          871    .constdata          system_stm32f4xx.o
    0x080068ac   0x080068ac   0x00000008   Data   RO         1709    .constdata          stm32f4xx_hal_dma.o
    0x080068b4   0x080068b4   0x0000009c   Data   RO         4309    .constdata          ff.o
    0x08006950   0x08006950   0x0000000c   Data   RO           34    .conststring        main.o
    0x0800695c   0x0800695c   0x00000020   Data   RO         5981    Region$$Table       anon$$obj.o


    Execution Region RW_IRAM1 (Exec base: 0x20000000, Load base: 0x0800697c, Size: 0x00009640, Max: 0x00020000, ABSOLUTE)

    Exec Addr    Load Addr    Size         Type   Attr      Idx    E Section Name        Object

    0x20000000   0x0800697c   0x0000002c   Data   RW           35    .data               main.o
    0x2000002c   0x080069a8   0x00000008   Data   RW          462    .data               sd_diskio.o
    0x20000034   0x080069b0   0x00000005   Data   RW          558    .data               fatfs.o
    0x20000039   0x080069b5   0x00000003   PAD
    0x2000003c   0x080069b8   0x00000004   Data   RW          872    .data               system_stm32f4xx.o
    0x20000040   0x080069bc   0x0000000c   Data   RW         2160    .data               stm32f4xx_hal.o
    0x2000004c   0x080069c8   0x00000008   Data   RW         4310    .data               ff.o
    0x20000054   0x080069d0   0x0000003c   Data   RW         5184    .data               tasks.o
    0x20000090   0x08006a0c   0x00000018   Data   RW         5814    .data               heap_4.o
    0x200000a8   0x08006a24   0x0000000c   Data   RW         5877    .data               port.o
    0x200000b4        -       0x00000227   Zero   RW           25    .bss                main.o
    0x200002db   0x08006a30   0x00000001   PAD
    0x200002dc        -       0x00000060   Zero   RW           26    .bss                main.o
    0x2000033c        -       0x00000060   Zero   RW           27    .bss                main.o
    0x2000039c        -       0x00000060   Zero   RW           28    .bss                main.o
    0x200003fc        -       0x00000060   Zero   RW           29    .bss                main.o
    0x2000045c        -       0x00000200   Zero   RW          459    .bss                sd_diskio.o
    0x2000065c        -       0x00001030   Zero   RW          557    .bss                fatfs.o
    0x2000168c        -       0x00000254   Zero   RW          599    .bss                freertos.o
    0x200018e0        -       0x00000040   Zero   RW          832    .bss                stm32f4xx_hal_timebase_tim.o
    0x20001920        -       0x00000020   Zero   RW         4308    .bss                ff.o
    0x20001940        -       0x0000000c   Zero   RW         4595    .bss                ff_gen_drv.o
    0x2000194c        -       0x000000f0   Zero   RW         5183    .bss                tasks.o
    0x20001a3c        -       0x00003c00   Zero   RW         5813    .bss                heap_4.o
    0x2000563c   0x08006a30   0x00000004   PAD
    0x20005640        -       0x00004000   Zero   RW            1    STACK               startup_stm32f411xe.o


==============================================================================

Image component sizes


      Code (inc. data)   RO Data    RW Data    ZI Data      Debug   Object Name

       170         20          0          0          0       5844   bsp_driver_sd.o
       618         20          0          0          0      33674   cmsis_os.o
       148         22          0          0          0       3961   diskio.o
         0          0          0          0          0      18280   event_groups.o
        32         10          0          5       4144       8444   fatfs.o
      4184         76        156          8         32      37249   ff.o
        70          6          0          0         12       1747   ff_gen_drv.o
        20          4          0          0        596       1324   freertos.o
       460         24          0         24      15360       7587   heap_4.o
       138          0          0          0          0       3774   list.o
      1534        156         40         44        935     498890   main.o
       786         82          0         12          0      12393   port.o
      2150         18          0          0          0      19235   queue.o
       612         48         36          8        512      20825   sd_diskio.o
        36          8        408          0      16384        872   startup_stm32f411xe.o
       116         18          0         12          0       8834   stm32f4xx_hal.o
      1140         62          0          0          0       7777   stm32f4xx_hal_adc.o
       158         14          0          0          0      33346   stm32f4xx_hal_cortex.o
        80          0          0          0          0       1931   stm32f4xx_hal_crc.o
       942         16          8          0          0       7389   stm32f4xx_hal_dma.o
       428         34          0          0          0       3153   stm32f4xx_hal_gpio.o
      1004        104          0          0          0       5146   stm32f4xx_hal_msp.o
      1392         88          0          0          0       6153   stm32f4xx_hal_rcc.o
      2950         70          0          0          0      17287   stm32f4xx_hal_sd.o
       926         30          0          0          0      10517   stm32f4xx_hal_tim.o
       128         20          0          0          0       2609   stm32f4xx_hal_tim_ex.o
       116         16          0          0         64       1507   stm32f4xx_hal_timebase_tim.o
      1424         30          0          0          0      12401   stm32f4xx_hal_uart.o
       120         54          0          0          0       7475   stm32f4xx_it.o
      1656         46          0          0          0      24155   stm32f4xx_ll_sdmmc.o
        24          0          0          0          0       1242   syscall.o
        28          6         24          4          0       1239   system_stm32f4xx.o
      2286        172          0         60        240      26209   tasks.o

    ----------------------------------------------------------------------
     25934       1274        704        180      38284     852469   Object Totals
         0          0         32          0          0          0   (incl. Generated)
        58          0          0          3          5          0   (incl. Padding)

    ----------------------------------------------------------------------

      Code (inc. data)   RO Data    RW Data    ZI Data      Debug   Library Member Name

         0          0          0          0          0          0   entry.o
         0          0          0          0          0          0   entry10a.o
         0          0          0          0          0          0   entry11a.o
         8          4          0          0          0          0   entry2.o
         4          0          0          0          0          0   entry5.o
         0          0          0          0          0          0   entry7b.o
         0          0          0          0          0          0   entry8b.o
         8          4          0          0          0          0   entry9a.o
        30          0          0          0          0          0   handlers.o
        36          8          0          0          0         68   init.o
        30          0          0          0          0         68   llshl.o
        32          0          0          0          0         68   llushr.o
        36          0          0          0          0         68   memcpya.o
        36          0          0          0          0        108   memseta.o
        24          0          0          0          0         68   strcat.o
        24          0          0          0          0         76   strncpy.o
        98          0          0          0          0         92   uldiv.o

    ----------------------------------------------------------------------
       366         16          0          0          0        616   Library Totals
         0          0          0          0          0          0   (incl. Padding)

    ----------------------------------------------------------------------

      Code (inc. data)   RO Data    RW Data    ZI Data      Debug   Library Name

       366         16          0          0          0        616   mc_w.l

    ----------------------------------------------------------------------
       366         16          0          0          0        616   Library Totals

    ----------------------------------------------------------------------

==============================================================================


      Code (inc. data)   RO Data    RW Data    ZI Data      Debug   

     26300       1290        704        180      38284     825529   Grand Totals
     26300       1290        704        180      38284     825529   ELF Image Totals
     26300       1290        704        180          0          0   ROM Totals

==============================================================================

    Total RO  Size (Code + RO Data)                27004 (  26.37kB)
    Total RW  Size (RW Data + ZI Data)             38464 (  37.56kB)
    Total ROM Size (Code + RO Data + RW Data)      27184 (  26.55kB)

==============================================================================

