Component: ARM Compiler 5.06 update 6 (build 750) Tool: armlink [4d35ed]

==============================================================================

Section Cross References

    startup_stm32f411xe.o(RESET) refers to startup_stm32f411xe.o(STACK) for __initial_sp
    startup_stm32f411xe.o(RESET) refers to startup_stm32f411xe.o(.text) for Reset_Handler
    startup_stm32f411xe.o(RESET) refers to stm32f4xx_it.o(i.NMI_Handler) for NMI_Handler
    startup_stm32f411xe.o(RESET) refers to stm32f4xx_it.o(i.HardFault_Handler) for HardFault_Handler
    startup_stm32f411xe.o(RESET) refers to stm32f4xx_it.o(i.MemManage_Handler) for MemManage_Handler
    startup_stm32f411xe.o(RESET) refers to stm32f4xx_it.o(i.BusFault_Handler) for BusFault_Handler
    startup_stm32f411xe.o(RESET) refers to stm32f4xx_it.o(i.UsageFault_Handler) for UsageFault_Handler
    startup_stm32f411xe.o(RESET) refers to port.o(.emb_text) for SVC_Handler
    startup_stm32f411xe.o(RESET) refers to stm32f4xx_it.o(i.DebugMon_Handler) for DebugMon_Handler
    startup_stm32f411xe.o(RESET) refers to port.o(i.SysTick_Handler) for SysTick_Handler
    startup_stm32f411xe.o(RESET) refers to stm32f4xx_it.o(i.TIM4_IRQHandler) for TIM4_IRQHandler
    startup_stm32f411xe.o(RESET) refers to stm32f4xx_it.o(i.USART1_IRQHandler) for USART1_IRQHandler
    startup_stm32f411xe.o(RESET) refers to stm32f4xx_it.o(i.SDIO_IRQHandler) for SDIO_IRQHandler
    startup_stm32f411xe.o(RESET) refers to stm32f4xx_it.o(i.TIM5_IRQHandler) for TIM5_IRQHandler
    startup_stm32f411xe.o(RESET) refers to stm32f4xx_it.o(i.DMA2_Stream0_IRQHandler) for DMA2_Stream0_IRQHandler
    startup_stm32f411xe.o(RESET) refers to stm32f4xx_it.o(i.DMA2_Stream3_IRQHandler) for DMA2_Stream3_IRQHandler
    startup_stm32f411xe.o(RESET) refers to stm32f4xx_it.o(i.DMA2_Stream6_IRQHandler) for DMA2_Stream6_IRQHandler
    startup_stm32f411xe.o(.text) refers to system_stm32f4xx.o(i.SystemInit) for SystemInit
    startup_stm32f411xe.o(.text) refers to entry.o(.ARM.Collect$$$$00000000) for __main
    main.o(i.HAL_TIM_PeriodElapsedCallback) refers to stm32f4xx_hal.o(i.HAL_IncTick) for HAL_IncTick
    main.o(i.HAL_TIM_PeriodElapsedCallback) refers to main.o(.data) for .data
    main.o(i.HAL_UART_TxCpltCallback) refers to main.o(.data) for .data
    main.o(i.MX_ADC1_Init) refers to stm32f4xx_hal_adc.o(i.HAL_ADC_Init) for HAL_ADC_Init
    main.o(i.MX_ADC1_Init) refers to stm32f4xx_hal_adc.o(i.HAL_ADC_ConfigChannel) for HAL_ADC_ConfigChannel
    main.o(i.MX_ADC1_Init) refers to main.o(.bss) for .bss
    main.o(i.MX_GPIO_Init) refers to memseta.o(.text) for __aeabi_memclr4
    main.o(i.MX_GPIO_Init) refers to stm32f4xx_hal_gpio.o(i.HAL_GPIO_WritePin) for HAL_GPIO_WritePin
    main.o(i.MX_GPIO_Init) refers to stm32f4xx_hal_gpio.o(i.HAL_GPIO_Init) for HAL_GPIO_Init
    main.o(i.MX_TIM4_Init) refers to stm32f4xx_hal_tim.o(i.HAL_TIM_Base_Init) for HAL_TIM_Base_Init
    main.o(i.MX_TIM4_Init) refers to stm32f4xx_hal_tim.o(i.HAL_TIM_ConfigClockSource) for HAL_TIM_ConfigClockSource
    main.o(i.MX_TIM4_Init) refers to stm32f4xx_hal_tim_ex.o(i.HAL_TIMEx_MasterConfigSynchronization) for HAL_TIMEx_MasterConfigSynchronization
    main.o(i.MX_TIM4_Init) refers to main.o(.bss) for .bss
    main.o(i.StartDefaultTask) refers to fatfs.o(i.MX_FATFS_Init) for MX_FATFS_Init
    main.o(i.StartDefaultTask) refers to ff.o(i.f_mount) for f_mount
    main.o(i.StartDefaultTask) refers to ff.o(i.f_open) for f_open
    main.o(i.StartDefaultTask) refers to stm32f4xx_hal_gpio.o(i.HAL_GPIO_TogglePin) for HAL_GPIO_TogglePin
    main.o(i.StartDefaultTask) refers to cmsis_os.o(i.osDelay) for osDelay
    main.o(i.StartDefaultTask) refers to memseta.o(.text) for __aeabi_memclr4
    main.o(i.StartDefaultTask) refers to stm32f4xx_hal_crc.o(i.HAL_CRC_Calculate) for HAL_CRC_Calculate
    main.o(i.StartDefaultTask) refers to ff.o(i.f_printf) for f_printf
    main.o(i.StartDefaultTask) refers to ff.o(i.f_close) for f_close
    main.o(i.StartDefaultTask) refers to stm32f4xx_hal_uart.o(i.HAL_UART_Transmit_IT) for HAL_UART_Transmit_IT
    main.o(i.StartDefaultTask) refers to fatfs.o(.data) for SDPath
    main.o(i.StartDefaultTask) refers to fatfs.o(.bss) for SDFatFS
    main.o(i.StartDefaultTask) refers to fatfs.o(.bss) for SDFile
    main.o(i.StartDefaultTask) refers to main.o(.bss) for .bss
    main.o(i.StartDefaultTask) refers to main.o(.data) for .data
    main.o(i.SystemClock_Config) refers to memseta.o(.text) for __aeabi_memclr4
    main.o(i.SystemClock_Config) refers to stm32f4xx_hal_rcc.o(i.HAL_RCC_OscConfig) for HAL_RCC_OscConfig
    main.o(i.SystemClock_Config) refers to stm32f4xx_hal_rcc.o(i.HAL_RCC_ClockConfig) for HAL_RCC_ClockConfig
    main.o(i.main) refers to stm32f4xx_hal.o(i.HAL_Init) for HAL_Init
    main.o(i.main) refers to main.o(i.SystemClock_Config) for SystemClock_Config
    main.o(i.main) refers to main.o(i.MX_GPIO_Init) for MX_GPIO_Init
[...]
    i.prvUnlockQueue                         0x080054f0   Section        0  queue.o(i.prvUnlockQueue)
    prvUnlockQueue                           0x080054f1   Thumb Code   106  queue.o(i.prvUnlockQueue)
    i.put_fat                                0x0800555a   Section        0  ff.o(i.put_fat)
    put_fat                                  0x0800555b   Thumb Code   292  ff.o(i.put_fat)
    i.putc_bfd                               0x0800567e   Section        0  ff.o(i.putc_bfd)
    putc_bfd                                 0x0800567f   Thumb Code    70  ff.o(i.putc_bfd)
    i.putc_flush                             0x080056c4   Section        0  ff.o(i.putc_flush)
    putc_flush                               0x080056c5   Thumb Code    42  ff.o(i.putc_flush)
    i.pvPortMalloc                           0x080056f0   Section        0  heap_4.o(i.pvPortMalloc)
    i.pvTaskIncrementMutexHeldCount          0x080057c8   Section        0  tasks.o(i.pvTaskIncrementMutexHeldCount)
    i.pxPortInitialiseStack                  0x080057e0   Section        0  port.o(i.pxPortInitialiseStack)
    i.remove_chain                           0x0800580c   Section        0  ff.o(i.remove_chain)
    remove_chain                             0x0800580d   Thumb Code   116  ff.o(i.remove_chain)
    i.st_clust                               0x08005880   Section        0  ff.o(i.st_clust)
    st_clust                                 0x08005881   Thumb Code    40  ff.o(i.st_clust)
    i.st_dword                               0x080058a8   Section        0  ff.o(i.st_dword)
    st_dword                                 0x080058a9   Thumb Code    16  ff.o(i.st_dword)
    i.st_word                                0x080058b8   Section        0  ff.o(i.st_word)
    st_word                                  0x080058b9   Thumb Code     8  ff.o(i.st_word)
    i.sync_fs                                0x080058c0   Section        0  ff.o(i.sync_fs)
    sync_fs                                  0x080058c1   Thumb Code   126  ff.o(i.sync_fs)
    i.sync_window                            0x08005948   Section        0  ff.o(i.sync_window)
    sync_window                              0x08005949   Thumb Code    82  ff.o(i.sync_window)
    i.unlock_fs                              0x0800599a   Section        0  ff.o(i.unlock_fs)
    unlock_fs                                0x0800599b   Thumb Code    24  ff.o(i.unlock_fs)
    i.uxListRemove                           0x080059b2   Section        0  list.o(i.uxListRemove)
    i.vApplicationGetIdleTaskMemory          0x080059d8   Section        0  freertos.o(i.vApplicationGetIdleTaskMemory)
    i.vListInitialise                        0x080059ec   Section        0  list.o(i.vListInitialise)
    i.vListInitialiseItem                    0x08005a02   Section        0  list.o(i.vListInitialiseItem)
    i.vListInsert                            0x08005a08   Section        0  list.o(i.vListInsert)
    i.vListInsertEnd                         0x08005a38   Section        0  list.o(i.vListInsertEnd)
    i.vPortEnterCritical                     0x08005a50   Section        0  port.o(i.vPortEnterCritical)
    i.vPortExitCritical                      0x08005a90   Section        0  port.o(i.vPortExitCritical)
    i.vPortFree                              0x08005ab8   Section        0  heap_4.o(i.vPortFree)
    i.vPortSetupTimerInterrupt               0x08005b14   Section        0  port.o(i.vPortSetupTimerInterrupt)
    i.vPortValidateInterruptPriority         0x08005b38   Section        0  port.o(i.vPortValidateInterruptPriority)
    i.vQueueDelete                           0x08005b8c   Section        0  queue.o(i.vQueueDelete)
    i.vQueueUnregisterQueue                  0x08005bbc   Section        0  queue.o(i.vQueueUnregisterQueue)
    i.vTaskDelay                             0x08005be4   Section        0  tasks.o(i.vTaskDelay)
    i.vTaskInternalSetTimeOutState           0x08005c30   Section        0  tasks.o(i.vTaskInternalSetTimeOutState)
    i.vTaskMissedYield                       0x08005c40   Section        0  tasks.o(i.vTaskMissedYield)
    i.vTaskPlaceOnEventList                  0x08005c4c   Section        0  tasks.o(i.vTaskPlaceOnEventList)
    i.vTaskPriorityDisinheritAfterTimeout    0x08005c7c   Section        0  tasks.o(i.vTaskPriorityDisinheritAfterTimeout)
    i.vTaskStartScheduler                    0x08005d24   Section        0  tasks.o(i.vTaskStartScheduler)
    i.vTaskSuspendAll                        0x08005d90   Section        0  tasks.o(i.vTaskSuspendAll)
    i.vTaskSwitchContext                     0x08005da0   Section        0  tasks.o(i.vTaskSwitchContext)
    i.validate                               0x08005dfc   Section        0  ff.o(i.validate)
    validate                                 0x08005dfd   Thumb Code    72  ff.o(i.validate)
    i.xPortStartScheduler                    0x08005e44   Section        0  port.o(i.xPortStartScheduler)
    i.xQueueGenericCreate                    0x08005f38   Section        0  queue.o(i.xQueueGenericCreate)
    i.xQueueGenericCreateStatic              0x08005f80   Section        0  queue.o(i.xQueueGenericCreateStatic)
    i.xQueueGenericReset                     0x08005fe8   Section        0  queue.o(i.xQueueGenericReset)
    i.xQueueGenericSend                      0x08006070   Section        0  queue.o(i.xQueueGenericSend)
    i.xQueueGenericSendFromISR               0x080061d0   Section        0  queue.o(i.xQueueGenericSendFromISR)
    i.xQueueGiveFromISR                      0x0800628c   Section        0  queue.o(i.xQueueGiveFromISR)
    i.xQueueReceive                          0x08006328   Section        0  queue.o(i.xQueueReceive)
    i.xQueueReceiveFromISR                   0x08006460   Section        0  queue.o(i.xQueueReceiveFromISR)
    i.xQueueSemaphoreTake                    0x080064fc   Section        0  queue.o(i.xQueueSemaphoreTake)
    i.xTaskCheckForTimeOut                   0x08006674   Section        0  tasks.o(i.xTaskCheckForTimeOut)
    i.xTaskCreate                            0x080066e8   Section        0  tasks.o(i.xTaskCreate)
    i.xTaskCreateStatic                      0x08006742   Section        0  tasks.o(i.xTaskCreateStatic)
    i.xTaskGetSchedulerState                 0x08006798   Section        0  tasks.o(i.xTaskGetSchedulerState)
    i.xTaskGetTickCount                      0x080067b4   Section        0  tasks.o(i.xTaskGetTickCount)
    i.xTaskGetTickCountFromISR               0x080067c0   Section        0  tasks.o(i.xTaskGetTickCountFromISR)
    i.xTaskIncrementTick                     0x080067d0   Section        0  tasks.o(i.xTaskIncrementTick)
    i.xTaskPriorityDisinherit                0x08006898   Section        0  tasks.o(i.xTaskPriorityDisinherit)
    i.xTaskPriorityInherit                   0x08006930   Section        0  tasks.o(i.xTaskPriorityInherit)
    i.xTaskRemoveFromEventList               0x080069c4   Section        0  tasks.o(i.xTaskRemoveFromEventList)
    i.xTaskResumeAll                         0x08006a38   Section        0  tasks.o(i.xTaskResumeAll)
    .constdata                               0x08006afc   Section       28  main.o(.constdata)
    .constdata                               0x08006b18   Section       20  sd_diskio.o(.constdata)
    .constdata                               0x08006b2c   Section       16  sd_diskio.o(.constdata)
    .constdata                               0x08006b3c   Section       16  system_stm32f4xx.o(.constdata)
    .constdata                               0x08006b4c   Section        8  system_stm32f4xx.o(.constdata)
    .constdata                               0x08006b54   Section        8  stm32f4xx_hal_dma.o(.constdata)
    flagBitshiftOffset                       0x08006b54   Data           8  stm32f4xx_hal_dma.o(.constdata)
    .constdata                               0x08006b5c   Section      156  ff.o(.constdata)
    ExCvt                                    0x08006b5c   Data         128  ff.o(.constdata)
    cst                                      0x08006bdc   Data          14  ff.o(.constdata)
    cst32                                    0x08006bea   Data          14  ff.o(.constdata)
    .conststring                             0x08006bf8   Section       12  main.o(.conststring)
    .data                                    0x20000000   Section       28  main.o(.data)
    .data                                    0x2000001c   Section        8  sd_diskio.o(.data)
    Stat                                     0x2000001c   Data           1  sd_diskio.o(.data)
    SDQueueID                                0x20000020   Data           4  sd_diskio.o(.data)
    .data                                    0x20000024   Section        5  fatfs.o(.data)
    .data                                    0x2000002c   Section        4  system_stm32f4xx.o(.data)
    .data                                    0x20000030   Section       12  stm32f4xx_hal.o(.data)
    .data                                    0x2000003c   Section        8  ff.o(.data)
    Fsid                                     0x2000003c   Data           2  ff.o(.data)
    FatFs                                    0x20000040   Data           4  ff.o(.data)
    .data                                    0x20000044   Section       60  tasks.o(.data)
    pxDelayedTaskList                        0x20000048   Data           4  tasks.o(.data)
    pxOverflowDelayedTaskList                0x2000004c   Data           4  tasks.o(.data)
    uxDeletedTasksWaitingCleanUp             0x20000050   Data           4  tasks.o(.data)
    uxCurrentNumberOfTasks                   0x20000054   Data           4  tasks.o(.data)
    xTickCount                               0x20000058   Data           4  tasks.o(.data)
    uxTopReadyPriority                       0x2000005c   Data           4  tasks.o(.data)
    xSchedulerRunning                        0x20000060   Data           4  tasks.o(.data)
    uxPendedTicks                            0x20000064   Data           4  tasks.o(.data)
    xYieldPending                            0x20000068   Data           4  tasks.o(.data)
    xNumOfOverflows                          0x2000006c   Data           4  tasks.o(.data)
    uxTaskNumber                             0x20000070   Data           4  tasks.o(.data)
    xNextTaskUnblockTime                     0x20000074   Data           4  tasks.o(.data)
    xIdleTaskHandle                          0x20000078   Data           4  tasks.o(.data)
    uxSchedulerSuspended                     0x2000007c   Data           4  tasks.o(.data)
    .data                                    0x20000080   Section       24  heap_4.o(.data)
    pxEnd                                    0x20000080   Data           4  heap_4.o(.data)
    xFreeBytesRemaining                      0x20000084   Data           4  heap_4.o(.data)
    xMinimumEverFreeBytesRemaining           0x20000088   Data           4  heap_4.o(.data)
    xBlockAllocatedBit                       0x2000008c   Data           4  heap_4.o(.data)
    xStart                                   0x20000090   Data           8  heap_4.o(.data)
    .data                                    0x20000098   Section       12  port.o(.data)
    ucMaxSysCallPriority                     0x20000098   Data           1  port.o(.data)
    uxCriticalNesting                        0x2000009c   Data           4  port.o(.data)
    ulMaxPRIGROUPValue                       0x200000a0   Data           4  port.o(.data)
    .bss                                     0x200000a4   Section      528  main.o(.bss)
    .bss                                     0x200002b4   Section       96  main.o(.bss)
    .bss                                     0x20000314   Section       96  main.o(.bss)
    .bss                                     0x20000374   Section       96  main.o(.bss)
    .bss                                     0x200003d4   Section      512  sd_diskio.o(.bss)
    scratch                                  0x200003d4   Data         512  sd_diskio.o(.bss)
    .bss                                     0x200005d4   Section     4152  fatfs.o(.bss)
    .bss                                     0x2000160c   Section     4144  fatfs.o(.bss)
    .bss                                     0x2000263c   Section      596  freertos.o(.bss)
    xIdleTaskTCBBuffer                       0x2000263c   Data          84  freertos.o(.bss)
    xIdleStack                               0x20002690   Data         512  freertos.o(.bss)
    .bss                                     0x20002890   Section       64  stm32f4xx_hal_timebase_tim.o(.bss)
    .bss                                     0x200028d0   Section       32  ff.o(.bss)
    Files                                    0x200028d0   Data          32  ff.o(.bss)
    .bss                                     0x200028f0   Section       12  ff_gen_drv.o(.bss)
    .bss                                     0x200028fc   Section       64  queue.o(.bss)
    .bss                                     0x2000293c   Section      240  tasks.o(.bss)
    pxReadyTasksLists                        0x2000293c   Data         140  tasks.o(.bss)
    xDelayedTaskList1                        0x200029c8   Data          20  tasks.o(.bss)
    xDelayedTaskList2                        0x200029dc   Data          20  tasks.o(.bss)
    xPendingReadyList                        0x200029f0   Data          20  tasks.o(.bss)
    xTasksWaitingTermination                 0x20002a04   Data          20  tasks.o(.bss)
    xSuspendedTaskList                       0x20002a18   Data          20  tasks.o(.bss)
    .bss                                     0x20002a2c   Section    15360  heap_4.o(.bss)
    ucHeap                                   0x20002a2c   Data       15360  heap_4.o(.bss)
    STACK                                    0x20006630   Section    16384  startup_stm32f411xe.o(STACK)

    Global Symbols

    Symbol Name                              Value     Ov Type        Size  Object(Section)

    BuildAttributes$$THM_ISAv4$E$P$D$K$B$S$7EM$VFPi3$EXTD16$VFPS$VFMA$PE$A:L22UL41UL21$X:L11$S22US41US21$IEEE1$IW$USESV6$~STKCKD$USESV7$~SHL$OSPACE$EBA8$MICROLIB$REQ8$PRES8$EABIv2 0x00000000   Number         0  anon$$obj.o ABSOLUTE
    __ARM_use_no_argv                        0x00000000   Number         0  main.o ABSOLUTE
    __cpp_initialize__aeabi_                  - Undefined Weak Reference
    __cxa_finalize                            - Undefined Weak Reference
    __decompress                              - Undefined Weak Reference
    _clock_init                               - Undefined Weak Reference
    _microlib_exit                            - Undefined Weak Reference
    __Vectors_Size                           0x00000198   Number         0  startup_stm32f411xe.o ABSOLUTE
    __Vectors                                0x08000000   Data           4  startup_stm32f411xe.o(RESET)
    __Vectors_End                            0x08000198   Data           0  startup_stm32f411xe.o(RESET)
    __main                                   0x08000199   Thumb Code     0  entry.o(.ARM.Collect$$$$00000000)
    _main_stk                                0x08000199   Thumb Code     0  entry2.o(.ARM.Collect$$$$00000001)
    _main_scatterload                        0x0800019d   Thumb Code     0  entry5.o(.ARM.Collect$$$$00000004)
    __main_after_scatterload                 0x080001a1   Thumb Code     0  entry5.o(.ARM.Collect$$$$00000004)
    _main_clock                              0x080001a1   Thumb Code     0  entry7b.o(.ARM.Collect$$$$00000008)
    _main_cpp_init                           0x080001a1   Thumb Code     0  entry8b.o(.ARM.Collect$$$$0000000A)
    _main_init                               0x080001a1   Thumb Code     0  entry9a.o(.ARM.Collect$$$$0000000B)
    __rt_final_cpp                           0x080001a9   Thumb Code     0  entry10a.o(.ARM.Collect$$$$0000000D)
    __rt_final_exit                          0x080001a9   Thumb Code     0  entry11a.o(.ARM.Collect$$$$0000000F)
    SVC_Handler                              0x080001ad   Thumb Code    28  port.o(.emb_text)
    __asm___6_port_c_39a90d8d__prvStartFirstTask 0x080001cd   Thumb Code    36  port.o(.emb_text)
    __asm___6_port_c_39a90d8d__prvEnableVFP  0x080001f5   Thumb Code    16  port.o(.emb_text)
    PendSV_Handler                           0x08000209   Thumb Code    88  port.o(.emb_text)
    vPortGetIPSR                             0x08000265   Thumb Code     6  port.o(.emb_text)
    Reset_Handler                            0x0800026d   Thumb Code     8  startup_stm32f411xe.o(.text)
    ADC_IRQHandler                           0x08000287   Thumb Code     0  startup_stm32f411xe.o(.text)
    DMA1_Stream0_IRQHandler                  0x08000287   Thumb Code     0  startup_stm32f411xe.o(.text)
    DMA1_Stream1_IRQHandler                  0x08000287   Thumb Code     0  startup_stm32f411xe.o(.text)
    DMA1_Stream2_IRQHandler                  0x08000287   Thumb Code     0  startup_stm32f411xe.o(.text)
    DMA1_Stream3_IRQHandler                  0x08000287   Thumb Code     0  startup_stm32f411xe.o(.text)
    DMA1_Stream4_IRQHandler                  0x08000287   Thumb Code     0  startup_stm32f411xe.o(.text)
    DMA1_Stream5_IRQHandler                  0x08000287   Thumb Code     0  startup_stm32f411xe.o(.text)
    DMA1_Stream6_IRQHandler                  0x08000287   Thumb Code     0  startup_stm32f411xe.o(.text)
    DMA1_Stream7_IRQHandler                  0x08000287   Thumb Code     0  startup_stm32f411xe.o(.text)
    DMA2_Stream1_IRQHandler                  0x08000287   Thumb Code     0  startup_stm32f411xe.o(.text)
    DMA2_Stream2_IRQHandler                  0x08000287   Thumb Code     0  startup_stm32f411xe.o(.text)
    DMA2_Stream4_IRQHandler                  0x08000287   Thumb Code     0  startup_stm32f411xe.o(.text)
    DMA2_Stream5_IRQHandler                  0x08000287   Thumb Code     0  startup_stm32f411xe.o(.text)
    DMA2_Stream7_IRQHandler                  0x08000287   Thumb Code     0  startup_stm32f411xe.o(.text)
    EXTI0_IRQHandler                         0x08000287   Thumb Code     0  startup_stm32f411xe.o(.text)
    EXTI15_10_IRQHandler                     0x08000287   Thumb Code     0  startup_stm32f411xe.o(.text)
    EXTI1_IRQHandler                         0x08000287   Thumb Code     0  startup_stm32f411xe.o(.text)
    EXTI2_IRQHandler                         0x08000287   Thumb Code     0  startup_stm32f411xe.o(.text)
    EXTI3_IRQHandler                         0x08000287   Thumb Code     0  startup_stm32f411xe.o(.text)
    EXTI4_IRQHandler                         0x08000287   Thumb Code     0  startup_stm32f411xe.o(.text)
    EXTI9_5_IRQHandler                       0x08000287   Thumb Code     0  startup_stm32f411xe.o(.text)
    FLASH_IRQHandler                         0x08000287   Thumb Code     0  startup_stm32f411xe.o(.text)
    FPU_IRQHandler                           0x08000287   Thumb Code     0  startup_stm32f411xe.o(.text)
    I2C1_ER_IRQHandler                       0x08000287   Thumb Code     0  startup_stm32f411xe.o(.text)
    I2C1_EV_IRQHandler                       0x08000287   Thumb Code     0  startup_stm32f411xe.o(.text)
    I2C2_ER_IRQHandler                       0x08000287   Thumb Code     0  startup_stm32f411xe.o(.text)
    I2C2_EV_IRQHandler                       0x08000287   Thumb Code     0  startup_stm32f411xe.o(.text)
    I2C3_ER_IRQHandler                       0x08000287   Thumb Code     0  startup_stm32f411xe.o(.text)
    I2C3_EV_IRQHandler                       0x08000287   Thumb Code     0  startup_stm32f411xe.o(.text)
    OTG_FS_IRQHandler                        0x08000287   Thumb Code     0  startup_stm32f411xe.o(.text)
    OTG_FS_WKUP_IRQHandler                   0x08000287   Thumb Code     0  startup_stm32f411xe.o(.text)
    PVD_IRQHandler                           0x08000287   Thumb Code     0  startup_stm32f411xe.o(.text)
    RCC_IRQHandler                           0x08000287   Thumb Code     0  startup_stm32f411xe.o(.text)
    RTC_Alarm_IRQHandler                     0x08000287   Thumb Code     0  startup_stm32f411xe.o(.text)
    RTC_WKUP_IRQHandler                      0x08000287   Thumb Code     0  startup_stm32f411xe.o(.text)
    SPI1_IRQHandler                          0x08000287   Thumb Code     0  startup_stm32f411xe.o(.text)
    SPI2_IRQHandler                          0x08000287   Thumb Code     0  startup_stm32f411xe.o(.text)
    SPI3_IRQHandler                          0x08000287   Thumb Code     0  startup_stm32f411xe.o(.text)
    SPI4_IRQHandler                          0x08000287   Thumb Code     0  startup_stm32f411xe.o(.text)
    SPI5_IRQHandler                          0x08000287   Thumb Code     0  startup_stm32f411xe.o(.text)
    TAMP_STAMP_IRQHandler                    0x08000287   Thumb Code     0  startup_stm32f411xe.o(.text)
    TIM1_BRK_TIM9_IRQHandler                 0x08000287   Thumb Code     0  startup_stm32f411xe.o(.text)
    TIM1_CC_IRQHandler                       0x08000287   Thumb Code     0  startup_stm32f411xe.o(.text)
    TIM1_TRG_COM_TIM11_IRQHandler            0x08000287   Thumb Code     0  startup_stm32f411xe.o(.text)
    TIM1_UP_TIM10_IRQHandler                 0x08000287   Thumb Code     0  startup_stm32f411xe.o(.text)
    TIM2_IRQHandler                          0x08000287   Thumb Code     0  startup_stm32f411xe.o(.text)
    TIM3_IRQHandler                          0x08000287   Thumb Code     0  startup_stm32f411xe.o(.text)
    USART2_IRQHandler                        0x08000287   Thumb Code     0  startup_stm32f411xe.o(.text)
    USART6_IRQHandler                        0x08000287   Thumb Code     0  startup_stm32f411xe.o(.text)
    WWDG_IRQHandler                          0x08000287   Thumb Code     0  startup_stm32f411xe.o(.text)
    __aeabi_uldivmod                         0x08000291   Thumb Code    98  uldiv.o(.text)
    __aeabi_memcpy                           0x080002f3   Thumb Code    36  memcpya.o(.text)
    __aeabi_memcpy4                          0x080002f3   Thumb Code     0  memcpya.o(.text)
    __aeabi_memcpy8                          0x080002f3   Thumb Code     0  memcpya.o(.text)
    __aeabi_memset                           0x08000317   Thumb Code    14  memseta.o(.text)
    __aeabi_memset4                          0x08000317   Thumb Code     0  memseta.o(.text)
    __aeabi_memset8                          0x08000317   Thumb Code     0  memseta.o(.text)
    __aeabi_memclr                           0x08000325   Thumb Code     4  memseta.o(.text)
    __aeabi_memclr4                          0x08000325   Thumb Code     0  memseta.o(.text)
    __aeabi_memclr8                          0x08000325   Thumb Code     0  memseta.o(.text)
    memset                                   0x08000329   Thumb Code    18  memseta.o(.text)
    __aeabi_llsl                             0x0800033b   Thumb Code    30  llshl.o(.text)
    _ll_shift_l                              0x0800033b   Thumb Code     0  llshl.o(.text)
    __aeabi_llsr                             0x08000359   Thumb Code    32  llushr.o(.text)
    _ll_ushift_r                             0x08000359   Thumb Code     0  llushr.o(.text)
    __scatterload                            0x08000379   Thumb Code    28  init.o(.text)
    __scatterload_rt2                        0x08000379   Thumb Code     0  init.o(.text)
    BSP_SD_AbortCallback                     0x08000555   Thumb Code     2  bsp_driver_sd.o(i.BSP_SD_AbortCallback)
    BSP_SD_GetCardInfo                       0x08000559   Thumb Code     8  bsp_driver_sd.o(i.BSP_SD_GetCardInfo)
    BSP_SD_GetCardState                      0x08000565   Thumb Code    20  bsp_driver_sd.o(i.BSP_SD_GetCardState)
    BSP_SD_Init                              0x0800057d   Thumb Code    48  bsp_driver_sd.o(i.BSP_SD_Init)
    BSP_SD_ReadBlocks_DMA                    0x080005b1   Thumb Code    24  bsp_driver_sd.o(i.BSP_SD_ReadBlocks_DMA)
    BSP_SD_ReadCpltCallback                  0x080005cd   Thumb Code    14  sd_diskio.o(i.BSP_SD_ReadCpltCallback)
    BSP_SD_WriteBlocks_DMA                   0x080005e1   Thumb Code    24  bsp_driver_sd.o(i.BSP_SD_WriteBlocks_DMA)
    BSP_SD_WriteCpltCallback                 0x080005fd   Thumb Code    14  sd_diskio.o(i.BSP_SD_WriteCpltCallback)
    BusFault_Handler                         0x08000611   Thumb Code     2  stm32f4xx_it.o(i.BusFault_Handler)
    DMA2_Stream0_IRQHandler                  0x08000615   Thumb Code     6  stm32f4xx_it.o(i.DMA2_Stream0_IRQHandler)
    DMA2_Stream3_IRQHandler                  0x08000621   Thumb Code     6  stm32f4xx_it.o(i.DMA2_Stream3_IRQHandler)
    DMA2_Stream6_IRQHandler                  0x0800062d   Thumb Code     6  stm32f4xx_it.o(i.DMA2_Stream6_IRQHandler)
    DebugMon_Handler                         0x080006dd   Thumb Code     2  stm32f4xx_it.o(i.DebugMon_Handler)
    Error_Handler                            0x080006df   Thumb Code     2  main.o(i.Error_Handler)
    FATFS_LinkDriver                         0x080006e1   Thumb Code     6  ff_gen_drv.o(i.FATFS_LinkDriver)
    FATFS_LinkDriverEx                       0x080006e9   Thumb Code    58  ff_gen_drv.o(i.FATFS_LinkDriverEx)
    HAL_ADC_ConfigChannel                    0x08000729   Thumb Code   334  stm32f4xx_hal_adc.o(i.HAL_ADC_ConfigChannel)
    HAL_ADC_ConvCpltCallback                 0x0800088d   Thumb Code     2  stm32f4xx_hal_adc.o(i.HAL_ADC_ConvCpltCallback)
    HAL_ADC_ConvHalfCpltCallback             0x0800088f   Thumb Code     2  stm32f4xx_hal_adc.o(i.HAL_ADC_ConvHalfCpltCallback)
    HAL_ADC_ErrorCallback                    0x08000891   Thumb Code     2  stm32f4xx_hal_adc.o(i.HAL_ADC_ErrorCallback)
    HAL_ADC_Init                             0x08000893   Thumb Code    84  stm32f4xx_hal_adc.o(i.HAL_ADC_Init)
    HAL_ADC_MspInit                          0x080008e9   Thumb Code   132  stm32f4xx_hal_msp.o(i.HAL_ADC_MspInit)
    HAL_ADC_Start_DMA                        0x08000981   Thumb Code   228  stm32f4xx_hal_adc.o(i.HAL_ADC_Start_DMA)
    HAL_CRC_Calculate                        0x08000a81   Thumb Code    46  stm32f4xx_hal_crc.o(i.HAL_CRC_Calculate)
    HAL_CRC_Init                             0x08000aaf   Thumb Code    34  stm32f4xx_hal_crc.o(i.HAL_CRC_Init)
    HAL_CRC_MspInit                          0x08000ad1   Thumb Code    30  stm32f4xx_hal_msp.o(i.HAL_CRC_MspInit)
    HAL_DMA_Abort_IT                         0x08000af9   Thumb Code    36  stm32f4xx_hal_dma.o(i.HAL_DMA_Abort_IT)
    HAL_DMA_GetError                         0x08000b1d   Thumb Code     4  stm32f4xx_hal_dma.o(i.HAL_DMA_GetError)
    HAL_DMA_IRQHandler                       0x08000b21   Thumb Code   412  stm32f4xx_hal_dma.o(i.HAL_DMA_IRQHandler)
    HAL_DMA_Init                             0x08000cc1   Thumb Code   206  stm32f4xx_hal_dma.o(i.HAL_DMA_Init)
    HAL_DMA_Start_IT                         0x08000d95   Thumb Code   110  stm32f4xx_hal_dma.o(i.HAL_DMA_Start_IT)
    HAL_Delay                                0x08000e05   Thumb Code    32  stm32f4xx_hal.o(i.HAL_Delay)
    HAL_GPIO_Init                            0x08000e29   Thumb Code   370  stm32f4xx_hal_gpio.o(i.HAL_GPIO_Init)
    HAL_GPIO_TogglePin                       0x08000fbd   Thumb Code    14  stm32f4xx_hal_gpio.o(i.HAL_GPIO_TogglePin)
    HAL_GPIO_WritePin                        0x08000fcb   Thumb Code    10  stm32f4xx_hal_gpio.o(i.HAL_GPIO_WritePin)
    HAL_GetTick                              0x08000fd5   Thumb Code     6  stm32f4xx_hal.o(i.HAL_GetTick)
    HAL_IncTick                              0x08000fe1   Thumb Code    12  stm32f4xx_hal.o(i.HAL_IncTick)
    HAL_Init                                 0x08000ff1   Thumb Code    48  stm32f4xx_hal.o(i.HAL_Init)
    HAL_InitTick                             0x08001025   Thumb Code   100  stm32f4xx_hal_timebase_tim.o(i.HAL_InitTick)
    HAL_MspInit                              0x08001099   Thumb Code    52  stm32f4xx_hal_msp.o(i.HAL_MspInit)
    HAL_NVIC_EnableIRQ                       0x080010d1   Thumb Code    26  stm32f4xx_hal_cortex.o(i.HAL_NVIC_EnableIRQ)
    HAL_NVIC_SetPriority                     0x080010ed   Thumb Code    60  stm32f4xx_hal_cortex.o(i.HAL_NVIC_SetPriority)
    HAL_NVIC_SetPriorityGrouping             0x0800112d   Thumb Code    26  stm32f4xx_hal_cortex.o(i.HAL_NVIC_SetPriorityGrouping)
    HAL_RCC_ClockConfig                      0x08001151   Thumb Code   288  stm32f4xx_hal_rcc.o(i.HAL_RCC_ClockConfig)
    HAL_RCC_GetClockConfig                   0x08001285   Thumb Code    54  stm32f4xx_hal_rcc.o(i.HAL_RCC_GetClockConfig)
    HAL_RCC_GetPCLK1Freq                     0x080012c5   Thumb Code    20  stm32f4xx_hal_rcc.o(i.HAL_RCC_GetPCLK1Freq)
    HAL_RCC_GetPCLK2Freq                     0x080012e5   Thumb Code    20  stm32f4xx_hal_rcc.o(i.HAL_RCC_GetPCLK2Freq)
    HAL_RCC_GetSysClockFreq                  0x08001305   Thumb Code    88  stm32f4xx_hal_rcc.o(i.HAL_RCC_GetSysClockFreq)
    HAL_RCC_OscConfig                        0x08001365   Thumb Code   834  stm32f4xx_hal_rcc.o(i.HAL_RCC_OscConfig)
    HAL_SD_AbortCallback                     0x080016c1   Thumb Code     8  bsp_driver_sd.o(i.HAL_SD_AbortCallback)
    HAL_SD_ConfigWideBusOperation            0x080016c9   Thumb Code   238  stm32f4xx_hal_sd.o(i.HAL_SD_ConfigWideBusOperation)
    HAL_SD_ErrorCallback                     0x080017bd   Thumb Code     2  stm32f4xx_hal_sd.o(i.HAL_SD_ErrorCallback)
    HAL_SD_GetCardCSD                        0x080017c1   Thumb Code   402  stm32f4xx_hal_sd.o(i.HAL_SD_GetCardCSD)
    HAL_SD_GetCardInfo                       0x08001959   Thumb Code    36  stm32f4xx_hal_sd.o(i.HAL_SD_GetCardInfo)
    HAL_SD_GetCardState                      0x0800197d   Thumb Code    44  stm32f4xx_hal_sd.o(i.HAL_SD_GetCardState)
    HAL_SD_IRQHandler                        0x080019a9   Thumb Code   512  stm32f4xx_hal_sd.o(i.HAL_SD_IRQHandler)
    HAL_SD_Init                              0x08001bb1   Thumb Code    54  stm32f4xx_hal_sd.o(i.HAL_SD_Init)
    HAL_SD_InitCard                          0x08001be9   Thumb Code    78  stm32f4xx_hal_sd.o(i.HAL_SD_InitCard)
    HAL_SD_MspInit                           0x08001c3d   Thumb Code   330  stm32f4xx_hal_msp.o(i.HAL_SD_MspInit)
    HAL_SD_ReadBlocks_DMA                    0x08001da5   Thumb Code   288  stm32f4xx_hal_sd.o(i.HAL_SD_ReadBlocks_DMA)
    HAL_SD_RxCpltCallback                    0x08001ed5   Thumb Code     8  bsp_driver_sd.o(i.HAL_SD_RxCpltCallback)
    HAL_SD_TxCpltCallback                    0x08001edd   Thumb Code     8  bsp_driver_sd.o(i.HAL_SD_TxCpltCallback)
    HAL_SD_WriteBlocks_DMA                   0x08001ee5   Thumb Code   290  stm32f4xx_hal_sd.o(i.HAL_SD_WriteBlocks_DMA)
    HAL_TIMEx_BreakCallback                  0x08002019   Thumb Code     2  stm32f4xx_hal_tim_ex.o(i.HAL_TIMEx_BreakCallback)
    HAL_TIMEx_CommutCallback                 0x0800201b   Thumb Code     2  stm32f4xx_hal_tim_ex.o(i.HAL_TIMEx_CommutCallback)
    HAL_TIMEx_MasterConfigSynchronization    0x0800201d   Thumb Code   104  stm32f4xx_hal_tim_ex.o(i.HAL_TIMEx_MasterConfigSynchronization)
    HAL_TIM_Base_Init                        0x08002099   Thumb Code    54  stm32f4xx_hal_tim.o(i.HAL_TIM_Base_Init)
    HAL_TIM_Base_MspInit                     0x080020d1   Thumb Code    50  stm32f4xx_hal_msp.o(i.HAL_TIM_Base_MspInit)
    HAL_TIM_Base_Start_IT                    0x0800210d   Thumb Code    34  stm32f4xx_hal_tim.o(i.HAL_TIM_Base_Start_IT)
    HAL_TIM_ConfigClockSource                0x0800212f   Thumb Code   214  stm32f4xx_hal_tim.o(i.HAL_TIM_ConfigClockSource)
    HAL_TIM_IC_CaptureCallback               0x08002205   Thumb Code     2  stm32f4xx_hal_tim.o(i.HAL_TIM_IC_CaptureCallback)
    HAL_TIM_IRQHandler                       0x08002207   Thumb Code   358  stm32f4xx_hal_tim.o(i.HAL_TIM_IRQHandler)
    HAL_TIM_OC_DelayElapsedCallback          0x0800236d   Thumb Code     2  stm32f4xx_hal_tim.o(i.HAL_TIM_OC_DelayElapsedCallback)
    HAL_TIM_PWM_PulseFinishedCallback        0x0800236f   Thumb Code     2  stm32f4xx_hal_tim.o(i.HAL_TIM_PWM_PulseFinishedCallback)
    HAL_TIM_PeriodElapsedCallback            0x08002371   Thumb Code   116  main.o(i.HAL_TIM_PeriodElapsedCallback)
    HAL_TIM_TriggerCallback                  0x080023f1   Thumb Code     2  stm32f4xx_hal_tim.o(i.HAL_TIM_TriggerCallback)
    HAL_UART_ErrorCallback                   0x080023f3   Thumb Code     2  stm32f4xx_hal_uart.o(i.HAL_UART_ErrorCallback)
    HAL_UART_IRQHandler                      0x080023f5   Thumb Code   270  stm32f4xx_hal_uart.o(i.HAL_UART_IRQHandler)
    HAL_UART_Init                            0x08002509   Thumb Code    98  stm32f4xx_hal_uart.o(i.HAL_UART_Init)
    HAL_UART_MspInit                         0x0800256d   Thumb Code   216  stm32f4xx_hal_msp.o(i.HAL_UART_MspInit)
    HAL_UART_RxCpltCallback                  0x08002659   Thumb Code     2  main.o(i.HAL_UART_RxCpltCallback)
    HAL_UART_Transmit_IT                     0x0800265b   Thumb Code    62  stm32f4xx_hal_uart.o(i.HAL_UART_Transmit_IT)
    HAL_UART_TxCpltCallback                  0x08002699   Thumb Code    16  main.o(i.HAL_UART_TxCpltCallback)
    HardFault_Handler                        0x080026b1   Thumb Code     2  stm32f4xx_it.o(i.HardFault_Handler)
    MX_FATFS_Init                            0x08002745   Thumb Code    18  fatfs.o(i.MX_FATFS_Init)
    MemManage_Handler                        0x08002815   Thumb Code     2  stm32f4xx_it.o(i.MemManage_Handler)
    NMI_Handler                              0x08002817   Thumb Code     2  stm32f4xx_it.o(i.NMI_Handler)
    SDIO_ConfigData                          0x08002819   Thumb Code    36  stm32f4xx_ll_sdmmc.o(i.SDIO_ConfigData)
    SDIO_GetPowerState                       0x0800283d   Thumb Code     8  stm32f4xx_ll_sdmmc.o(i.SDIO_GetPowerState)
    SDIO_GetResponse                         0x08002845   Thumb Code     6  stm32f4xx_ll_sdmmc.o(i.SDIO_GetResponse)
    SDIO_IRQHandler                          0x0800284d   Thumb Code     6  stm32f4xx_it.o(i.SDIO_IRQHandler)
    SDIO_Init                                0x08002859   Thumb Code    36  stm32f4xx_ll_sdmmc.o(i.SDIO_Init)
    SDIO_PowerState_ON                       0x0800287d   Thumb Code    16  stm32f4xx_ll_sdmmc.o(i.SDIO_PowerState_ON)
    SDIO_ReadFIFO                            0x0800288d   Thumb Code     6  stm32f4xx_ll_sdmmc.o(i.SDIO_ReadFIFO)
    SDIO_SendCommand                         0x08002893   Thumb Code    32  stm32f4xx_ll_sdmmc.o(i.SDIO_SendCommand)
    SDIO_WriteFIFO                           0x080028b3   Thumb Code    10  stm32f4xx_ll_sdmmc.o(i.SDIO_WriteFIFO)
    SDMMC_CmdAppCommand                      0x080028bd   Thumb Code    50  stm32f4xx_ll_sdmmc.o(i.SDMMC_CmdAppCommand)
    SDMMC_CmdAppOperCommand                  0x080028f1   Thumb Code    48  stm32f4xx_ll_sdmmc.o(i.SDMMC_CmdAppOperCommand)
    SDMMC_CmdBlockLength                     0x08002925   Thumb Code    50  stm32f4xx_ll_sdmmc.o(i.SDMMC_CmdBlockLength)
    SDMMC_CmdBusWidth                        0x08002957   Thumb Code    50  stm32f4xx_ll_sdmmc.o(i.SDMMC_CmdBusWidth)
    SDMMC_CmdGoIdleState                     0x08002989   Thumb Code    74  stm32f4xx_ll_sdmmc.o(i.SDMMC_CmdGoIdleState)
    SDMMC_CmdOperCond                        0x080029d9   Thumb Code   112  stm32f4xx_ll_sdmmc.o(i.SDMMC_CmdOperCond)
    SDMMC_CmdReadMultiBlock                  0x08002a4d   Thumb Code    50  stm32f4xx_ll_sdmmc.o(i.SDMMC_CmdReadMultiBlock)
    SDMMC_CmdReadSingleBlock                 0x08002a7f   Thumb Code    50  stm32f4xx_ll_sdmmc.o(i.SDMMC_CmdReadSingleBlock)
    SDMMC_CmdSelDesel                        0x08002ab1   Thumb Code    50  stm32f4xx_ll_sdmmc.o(i.SDMMC_CmdSelDesel)
    SDMMC_CmdSendCID                         0x08002ae3   Thumb Code    44  stm32f4xx_ll_sdmmc.o(i.SDMMC_CmdSendCID)
    SDMMC_CmdSendCSD                         0x08002b0f   Thumb Code    44  stm32f4xx_ll_sdmmc.o(i.SDMMC_CmdSendCSD)
    SDMMC_CmdSendSCR                         0x08002b3b   Thumb Code    48  stm32f4xx_ll_sdmmc.o(i.SDMMC_CmdSendSCR)
    SDMMC_CmdSendStatus                      0x08002b6b   Thumb Code    50  stm32f4xx_ll_sdmmc.o(i.SDMMC_CmdSendStatus)
    SDMMC_CmdSetRelAdd                       0x08002b9d   Thumb Code    48  stm32f4xx_ll_sdmmc.o(i.SDMMC_CmdSetRelAdd)
    SDMMC_CmdStopTransfer                    0x08002bcd   Thumb Code    46  stm32f4xx_ll_sdmmc.o(i.SDMMC_CmdStopTransfer)
    SDMMC_CmdWriteMultiBlock                 0x08002c01   Thumb Code    50  stm32f4xx_ll_sdmmc.o(i.SDMMC_CmdWriteMultiBlock)
    SDMMC_CmdWriteSingleBlock                0x08002c33   Thumb Code    50  stm32f4xx_ll_sdmmc.o(i.SDMMC_CmdWriteSingleBlock)
    SD_initialize                            0x08003299   Thumb Code    64  sd_diskio.o(i.SD_initialize)
    SD_ioctl                                 0x080032e1   Thumb Code    76  sd_diskio.o(i.SD_ioctl)
    SD_read                                  0x08003331   Thumb Code   152  sd_diskio.o(i.SD_read)
    SD_status                                0x080033d1   Thumb Code     4  sd_diskio.o(i.SD_status)
    SD_write                                 0x080033d5   Thumb Code   178  sd_diskio.o(i.SD_write)
    StartDefaultTask                         0x08003491   Thumb Code   320  main.o(i.StartDefaultTask)
    SysTick_Handler                          0x08003605   Thumb Code    38  port.o(i.SysTick_Handler)
    SystemClock_Config                       0x08003631   Thumb Code   120  main.o(i.SystemClock_Config)
    SystemInit                               0x080036b1   Thumb Code    22  system_stm32f4xx.o(i.SystemInit)
    TIM4_IRQHandler                          0x080036cd   Thumb Code     6  stm32f4xx_it.o(i.TIM4_IRQHandler)
    TIM5_IRQHandler                          0x080036d9   Thumb Code     6  stm32f4xx_it.o(i.TIM5_IRQHandler)
    TIM_Base_SetConfig                       0x080036e5   Thumb Code   122  stm32f4xx_hal_tim.o(i.TIM_Base_SetConfig)
    TIM_ETR_SetConfig                        0x0800377d   Thumb Code    20  stm32f4xx_hal_tim.o(i.TIM_ETR_SetConfig)
    USART1_IRQHandler                        0x08003a35   Thumb Code     6  stm32f4xx_it.o(i.USART1_IRQHandler)
    UsageFault_Handler                       0x08003a41   Thumb Code     2  stm32f4xx_it.o(i.UsageFault_Handler)
    __scatterload_copy                       0x08003a63   Thumb Code    14  handlers.o(i.__scatterload_copy)
    __scatterload_null                       0x08003a71   Thumb Code     2  handlers.o(i.__scatterload_null)
    __scatterload_zeroinit                   0x08003a73   Thumb Code    14  handlers.o(i.__scatterload_zeroinit)
    disk_initialize                          0x08003f9d   Thumb Code    36  diskio.o(i.disk_initialize)
    disk_ioctl                               0x08003fc5   Thumb Code    24  diskio.o(i.disk_ioctl)
    disk_read                                0x08003fe1   Thumb Code    24  diskio.o(i.disk_read)
    disk_status                              0x08003ffd   Thumb Code    18  diskio.o(i.disk_status)
    disk_write                               0x08004015   Thumb Code    24  diskio.o(i.disk_write)
    f_close                                  0x08004031   Thumb Code    48  ff.o(i.f_close)
    f_mount                                  0x08004061   Thumb Code   118  ff.o(i.f_mount)
    f_open                                   0x080040dd   Thumb Code   542  ff.o(i.f_open)
    f_printf                                 0x08004301   Thumb Code   460  ff.o(i.f_printf)
    f_sync                                   0x080044cd   Thumb Code   162  ff.o(i.f_sync)
    f_write                                  0x0800456f   Thumb Code   476  ff.o(i.f_write)
    ff_cre_syncobj                           0x0800474b   Thumb Code    28  syscall.o(i.ff_cre_syncobj)
    ff_del_syncobj                           0x08004767   Thumb Code    10  syscall.o(i.ff_del_syncobj)
    ff_rel_grant                             0x08004771   Thumb Code     4  syscall.o(i.ff_rel_grant)
    ff_req_grant                             0x08004775   Thumb Code    20  syscall.o(i.ff_req_grant)
    get_fattime                              0x08004b7f   Thumb Code     4  fatfs.o(i.get_fattime)
    main                                     0x08004ca9   Thumb Code   256  main.o(i.main)
    osDelay                                  0x08004e31   Thumb Code    14  cmsis_os.o(i.osDelay)
    osKernelRunning                          0x08004e3f   Thumb Code    18  cmsis_os.o(i.osKernelRunning)
    osKernelStart                            0x08004e51   Thumb Code    10  cmsis_os.o(i.osKernelStart)
    osKernelSysTick                          0x08004e5b   Thumb Code    24  cmsis_os.o(i.osKernelSysTick)
    osMessageCreate                          0x08004e73   Thumb Code    38  cmsis_os.o(i.osMessageCreate)
    osMessageGet                             0x08004e99   Thumb Code   144  cmsis_os.o(i.osMessageGet)
    osMessagePut                             0x08004f2d   Thumb Code    86  cmsis_os.o(i.osMessagePut)
    osSemaphoreCreate                        0x08004f89   Thumb Code    62  cmsis_os.o(i.osSemaphoreCreate)
    osSemaphoreDelete                        0x08004fc7   Thumb Code    24  cmsis_os.o(i.osSemaphoreDelete)
    osSemaphoreRelease                       0x08004fe1   Thumb Code    74  cmsis_os.o(i.osSemaphoreRelease)
    osSemaphoreWait                          0x08005031   Thumb Code    96  cmsis_os.o(i.osSemaphoreWait)
    osThreadCreate                           0x08005095   Thumb Code    84  cmsis_os.o(i.osThreadCreate)
    pvPortMalloc                             0x080056f1   Thumb Code   210  heap_4.o(i.pvPortMalloc)
    pvTaskIncrementMutexHeldCount            0x080057c9   Thumb Code    18  tasks.o(i.pvTaskIncrementMutexHeldCount)
    pxPortInitialiseStack                    0x080057e1   Thumb Code    40  port.o(i.pxPortInitialiseStack)
    uxListRemove                             0x080059b3   Thumb Code    38  list.o(i.uxListRemove)
    vApplicationGetIdleTaskMemory            0x080059d9   Thumb Code    16  freertos.o(i.vApplicationGetIdleTaskMemory)
    vListInitialise                          0x080059ed   Thumb Code    22  list.o(i.vListInitialise)
    vListInitialiseItem                      0x08005a03   Thumb Code     6  list.o(i.vListInitialiseItem)
    vListInsert                              0x08005a09   Thumb Code    48  list.o(i.vListInsert)
    vListInsertEnd                           0x08005a39   Thumb Code    24  list.o(i.vListInsertEnd)
    vPortEnterCritical                       0x08005a51   Thumb Code    54  port.o(i.vPortEnterCritical)
    vPortExitCritical                        0x08005a91   Thumb Code    34  port.o(i.vPortExitCritical)
    vPortFree                                0x08005ab9   Thumb Code    88  heap_4.o(i.vPortFree)
    vPortSetupTimerInterrupt                 0x08005b15   Thumb Code    32  port.o(i.vPortSetupTimerInterrupt)
    vPortValidateInterruptPriority           0x08005b39   Thumb Code    74  port.o(i.vPortValidateInterruptPriority)
    vQueueDelete                             0x08005b8d   Thumb Code    46  queue.o(i.vQueueDelete)
    vQueueUnregisterQueue                    0x08005bbd   Thumb Code    36  queue.o(i.vQueueUnregisterQueue)
    vTaskDelay                               0x08005be5   Thumb Code    66  tasks.o(i.vTaskDelay)
    vTaskInternalSetTimeOutState             0x08005c31   Thumb Code    12  tasks.o(i.vTaskInternalSetTimeOutState)
    vTaskMissedYield                         0x08005c41   Thumb Code     8  tasks.o(i.vTaskMissedYield)
    vTaskPlaceOnEventList                    0x08005c4d   Thumb Code    44  tasks.o(i.vTaskPlaceOnEventList)
    vTaskPriorityDisinheritAfterTimeout      0x08005c7d   Thumb Code   160  tasks.o(i.vTaskPriorityDisinheritAfterTimeout)
    vTaskStartScheduler                      0x08005d25   Thumb Code    90  tasks.o(i.vTaskStartScheduler)
    vTaskSuspendAll                          0x08005d91   Thumb Code    10  tasks.o(i.vTaskSuspendAll)
    vTaskSwitchContext                       0x08005da1   Thumb Code    82  tasks.o(i.vTaskSwitchContext)
    xPortStartScheduler                      0x08005e45   Thumb Code   222  port.o(i.xPortStartScheduler)
    xQueueGenericCreate                      0x08005f39   Thumb Code    72  queue.o(i.xQueueGenericCreate)
    xQueueGenericCreateStatic                0x08005f81   Thumb Code   102  queue.o(i.xQueueGenericCreateStatic)
    xQueueGenericReset                       0x08005fe9   Thumb Code   132  queue.o(i.xQueueGenericReset)
    xQueueGenericSend                        0x08006071   Thumb Code   346  queue.o(i.xQueueGenericSend)
    xQueueGenericSendFromISR                 0x080061d1   Thumb Code   188  queue.o(i.xQueueGenericSendFromISR)
    xQueueGiveFromISR                        0x0800628d   Thumb Code   156  queue.o(i.xQueueGiveFromISR)
    xQueueReceive                            0x08006329   Thumb Code   308  queue.o(i.xQueueReceive)
    xQueueReceiveFromISR                     0x08006461   Thumb Code   154  queue.o(i.xQueueReceiveFromISR)
    xQueueSemaphoreTake                      0x080064fd   Thumb Code   372  queue.o(i.xQueueSemaphoreTake)
    xTaskCheckForTimeOut                     0x08006675   Thumb Code   112  tasks.o(i.xTaskCheckForTimeOut)
    xTaskCreate                              0x080066e9   Thumb Code    90  tasks.o(i.xTaskCreate)
    xTaskCreateStatic                        0x08006743   Thumb Code    86  tasks.o(i.xTaskCreateStatic)
    xTaskGetSchedulerState                   0x08006799   Thumb Code    22  tasks.o(i.xTaskGetSchedulerState)
    xTaskGetTickCount                        0x080067b5   Thumb Code     6  tasks.o(i.xTaskGetTickCount)
    xTaskGetTickCountFromISR                 0x080067c1   Thumb Code    12  tasks.o(i.xTaskGetTickCountFromISR)
    xTaskIncrementTick                       0x080067d1   Thumb Code   192  tasks.o(i.xTaskIncrementTick)
    xTaskPriorityDisinherit                  0x08006899   Thumb Code   144  tasks.o(i.xTaskPriorityDisinherit)
    xTaskPriorityInherit                     0x08006931   Thumb Code   138  tasks.o(i.xTaskPriorityInherit)
    xTaskRemoveFromEventList                 0x080069c5   Thumb Code   108  tasks.o(i.xTaskRemoveFromEventList)
    xTaskResumeAll                           0x08006a39   Thumb Code   182  tasks.o(i.xTaskResumeAll)
    SD_Driver                                0x08006b18   Data          20  sd_diskio.o(.constdata)
    AHBPrescTable                            0x08006b3c   Data          16  system_stm32f4xx.o(.constdata)
    APBPrescTable                            0x08006b4c   Data           8  system_stm32f4xx.o(.constdata)
    Region$$Table$$Base                      0x08006c04   Number         0  anon$$obj.o(Region$$Table)
    Region$$Table$$Limit                     0x08006c24   Number         0  anon$$obj.o(Region$$Table)
    _1000ms_flg                              0x20000000   Data           1  main.o(.data)
    datasave_flg                             0x20000001   Data           1  main.o(.data)
    k                                        0x20000002   Data           1  main.o(.data)
    datatrans_flg                            0x20000003   Data           1  main.o(.data)
    datatest_flg                             0x20000004   Data           1  main.o(.data)
    crcval                                   0x20000006   Data           2  main.o(.data)
    tmr_ms                                   0x20000008   Data           2  main.o(.data)
    tmr_1000ms                               0x2000000a   Data           2  main.o(.data)
    svtmr_ms                                 0x2000000c   Data           2  main.o(.data)
    defaultTaskHandle                        0x20000010   Data           4  main.o(.data)
    hcrc                                     0x20000014   Data           8  main.o(.data)
    retSD                                    0x20000024   Data           1  fatfs.o(.data)
    SDPath                                   0x20000025   Data           4  fatfs.o(.data)
    SystemCoreClock                          0x2000002c   Data           4  system_stm32f4xx.o(.data)
    uwTickFreq                               0x20000030   Data           1  stm32f4xx_hal.o(.data)
    uwTickPrio                               0x20000034   Data           4  stm32f4xx_hal.o(.data)
    uwTick                                   0x20000038   Data           4  stm32f4xx_hal.o(.data)
    pxCurrentTCB                             0x20000044   Data           4  tasks.o(.data)
    adcValArray                              0x200000a4   Data          10  main.o(.bss)
    crcArray_send                            0x200000b0   Data          40  main.o(.bss)
    hadc1                                    0x200000d8   Data          72  main.o(.bss)
    hsd                                      0x20000120   Data         132  main.o(.bss)
    htim4                                    0x200001a4   Data          64  main.o(.bss)
    huart1                                   0x200001e4   Data          64  main.o(.bss)
    huart2                                   0x20000224   Data          64  main.o(.bss)
    huart6                                   0x20000264   Data          64  main.o(.bss)
    txdata                                   0x200002a4   Data          16  main.o(.bss)
    hdma_adc1                                0x200002b4   Data          96  main.o(.bss)
    hdma_sdio_rx                             0x20000314   Data          96  main.o(.bss)
    hdma_sdio_tx                             0x20000374   Data          96  main.o(.bss)
    SDFatFS                                  0x200005d4   Data        4152  fatfs.o(.bss)
    SDFile                                   0x2000160c   Data        4144  fatfs.o(.bss)
    htim5                                    0x20002890   Data          64  stm32f4xx_hal_timebase_tim.o(.bss)
    disk                                     0x200028f0   Data          12  ff_gen_drv.o(.bss)
    xQueueRegistry                           0x200028fc   Data          64  queue.o(.bss)
    __initial_sp                             0x2000a630   Data           0  startup_stm32f411xe.o(STACK)



==============================================================================

Memory Map of the image

  Image Entry point : 0x08000199

  Load Region LR_IROM1 (Base: 0x08000000, Size: 0x00006cc8, Max: 0x00040000, ABSOLUTE)

    Execution Region ER_IROM1 (Exec base: 0x08000000, Load base: 0x08000000, Size: 0x00006c24, Max: 0x00040000, ABSOLUTE)

    Exec Addr    Load Addr    Size         Type   Attr      Idx    E Section Name        Object

    0x08000000   0x08000000   0x00000198   Data   RO            3    RESET               startup_stm32f411xe.o
    0x08000198   0x08000198   0x00000000   Code   RO         5924  * .ARM.Collect$$$$00000000  mc_w.l(entry.o)
    0x08000198   0x08000198   0x00000004   Code   RO         5937    .ARM.Collect$$$$00000001  mc_w.l(entry2.o)
    0x0800019c   0x0800019c   0x00000004   Code   RO         5940    .ARM.Collect$$$$00000004  mc_w.l(entry5.o)
    0x080001a0   0x080001a0   0x00000000   Code   RO         5942    .ARM.Collect$$$$00000008  mc_w.l(entry7b.o)
    0x080001a0   0x080001a0   0x00000000   Code   RO         5944    .ARM.Collect$$$$0000000A  mc_w.l(entry8b.o)
    0x080001a0   0x080001a0   0x00000008   Code   RO         5945    .ARM.Collect$$$$0000000B  mc_w.l(entry9a.o)
    0x080001a8   0x080001a8   0x00000000   Code   RO         5947    .ARM.Collect$$$$0000000D  mc_w.l(entry10a.o)
    0x080001a8   0x080001a8   0x00000000   Code   RO         5949    .ARM.Collect$$$$0000000F  mc_w.l(entry11a.o)
    0x080001a8   0x080001a8   0x00000004   Code   RO         5938    .ARM.Collect$$$$00002712  mc_w.l(entry2.o)
    0x080001ac   0x080001ac   0x000000be   Code   RO         5847    .emb_text           port.o
    0x0800026a   0x0800026a   0x00000002   PAD
    0x0800026c   0x0800026c   0x00000024   Code   RO            4    .text               startup_stm32f411xe.o
    0x08000290   0x08000290   0x00000062   Code   RO         5927    .text               mc_w.l(uldiv.o)
    0x080002f2   0x080002f2   0x00000024   Code   RO         5929    .text               mc_w.l(memcpya.o)
    0x08000316   0x08000316   0x00000024   Code   RO         5933    .text               mc_w.l(memseta.o)
    0x0800033a   0x0800033a   0x0000001e   Code   RO         5951    .text               mc_w.l(llshl.o)
    0x08000358   0x08000358   0x00000020   Code   RO         5953    .text               mc_w.l(llushr.o)
    0x08000378   0x08000378   0x00000024   Code   RO         5955    .text               mc_w.l(init.o)
    0x0800039c   0x0800039c   0x0000006e   Code   RO          886    i.ADC_DMAConvCplt   stm32f4xx_hal_adc.o
    0x0800040a   0x0800040a   0x00000016   Code   RO          887    i.ADC_DMAError      stm32f4xx_hal_adc.o
    0x08000420   0x08000420   0x0000000a   Code   RO          888    i.ADC_DMAHalfConvCplt  stm32f4xx_hal_adc.o
    0x0800042a   0x0800042a   0x00000002   PAD
    0x0800042c   0x0800042c   0x00000128   Code   RO          889    i.ADC_Init          stm32f4xx_hal_adc.o
    0x08000554   0x08000554   0x00000002   Code   RO          298    i.BSP_SD_AbortCallback  bsp_driver_sd.o
    0x08000556   0x08000556   0x00000002   PAD
    0x08000558   0x08000558   0x0000000c   Code   RO          304    i.BSP_SD_GetCardInfo  bsp_driver_sd.o
    0x08000564   0x08000564   0x00000018   Code   RO          305    i.BSP_SD_GetCardState  bsp_driver_sd.o
    0x0800057c   0x0800057c   0x00000034   Code   RO          308    i.BSP_SD_Init       bsp_driver_sd.o
    0x080005b0   0x080005b0   0x0000001c   Code   RO          311    i.BSP_SD_ReadBlocks_DMA  bsp_driver_sd.o
    0x080005cc   0x080005cc   0x00000014   Code   RO          442    i.BSP_SD_ReadCpltCallback  sd_diskio.o
    0x080005e0   0x080005e0   0x0000001c   Code   RO          314    i.BSP_SD_WriteBlocks_DMA  bsp_driver_sd.o
    0x080005fc   0x080005fc   0x00000014   Code   RO          443    i.BSP_SD_WriteCpltCallback  sd_diskio.o
    0x08000610   0x08000610   0x00000002   Code   RO          624    i.BusFault_Handler  stm32f4xx_it.o
    0x08000612   0x08000612   0x00000002   PAD
    0x08000614   0x08000614   0x0000000c   Code   RO          625    i.DMA2_Stream0_IRQHandler  stm32f4xx_it.o
    0x08000620   0x08000620   0x0000000c   Code   RO          626    i.DMA2_Stream3_IRQHandler  stm32f4xx_it.o
    0x0800062c   0x0800062c   0x0000000c   Code   RO          627    i.DMA2_Stream6_IRQHandler  stm32f4xx_it.o
    0x08000638   0x08000638   0x00000028   Code   RO         1674    i.DMA_CalcBaseAndBitshift  stm32f4xx_hal_dma.o
    0x08000660   0x08000660   0x00000054   Code   RO         1675    i.DMA_CheckFifoParam  stm32f4xx_hal_dma.o
    0x080006b4   0x080006b4   0x00000028   Code   RO         1676    i.DMA_SetConfig     stm32f4xx_hal_dma.o
    0x080006dc   0x080006dc   0x00000002   Code   RO          628    i.DebugMon_Handler  stm32f4xx_it.o
    0x080006de   0x080006de   0x00000002   Code   RO           13    i.Error_Handler     main.o
    0x080006e0   0x080006e0   0x00000006   Code   RO         4571    i.FATFS_LinkDriver  ff_gen_drv.o
    0x080006e6   0x080006e6   0x00000002   PAD
    0x080006e8   0x080006e8   0x00000040   Code   RO         4572    i.FATFS_LinkDriverEx  ff_gen_drv.o
    0x08000728   0x08000728   0x00000164   Code   RO          891    i.HAL_ADC_ConfigChannel  stm32f4xx_hal_adc.o
    0x0800088c   0x0800088c   0x00000002   Code   RO          892    i.HAL_ADC_ConvCpltCallback  stm32f4xx_hal_adc.o
    0x0800088e   0x0800088e   0x00000002   Code   RO          893    i.HAL_ADC_ConvHalfCpltCallback  stm32f4xx_hal_adc.o
    0x08000890   0x08000890   0x00000002   Code   RO          895    i.HAL_ADC_ErrorCallback  stm32f4xx_hal_adc.o
    0x08000892   0x08000892   0x00000054   Code   RO          900    i.HAL_ADC_Init      stm32f4xx_hal_adc.o
    0x080008e6   0x080008e6   0x00000002   PAD
    0x080008e8   0x080008e8   0x00000098   Code   RO          725    i.HAL_ADC_MspInit   stm32f4xx_hal_msp.o
    0x08000980   0x08000980   0x00000100   Code   RO          907    i.HAL_ADC_Start_DMA  stm32f4xx_hal_adc.o
    0x08000a80   0x08000a80   0x0000002e   Code   RO         2372    i.HAL_CRC_Calculate  stm32f4xx_hal_crc.o
    0x08000aae   0x08000aae   0x00000022   Code   RO         2375    i.HAL_CRC_Init      stm32f4xx_hal_crc.o
    0x08000ad0   0x08000ad0   0x00000028   Code   RO          727    i.HAL_CRC_MspInit   stm32f4xx_hal_msp.o
    0x08000af8   0x08000af8   0x00000024   Code   RO         1678    i.HAL_DMA_Abort_IT  stm32f4xx_hal_dma.o
    0x08000b1c   0x08000b1c   0x00000004   Code   RO         1680    i.HAL_DMA_GetError  stm32f4xx_hal_dma.o
    0x08000b20   0x08000b20   0x000001a0   Code   RO         1682    i.HAL_DMA_IRQHandler  stm32f4xx_hal_dma.o
    0x08000cc0   0x08000cc0   0x000000d4   Code   RO         1683    i.HAL_DMA_Init      stm32f4xx_hal_dma.o
    0x08000d94   0x08000d94   0x0000006e   Code   RO         1687    i.HAL_DMA_Start_IT  stm32f4xx_hal_dma.o
    0x08000e02   0x08000e02   0x00000002   PAD
    0x08000e04   0x08000e04   0x00000024   Code   RO         2120    i.HAL_Delay         stm32f4xx_hal.o
    0x08000e28   0x08000e28   0x00000194   Code   RO         1570    i.HAL_GPIO_Init     stm32f4xx_hal_gpio.o
    0x08000fbc   0x08000fbc   0x0000000e   Code   RO         1573    i.HAL_GPIO_TogglePin  stm32f4xx_hal_gpio.o
    0x08000fca   0x08000fca   0x0000000a   Code   RO         1574    i.HAL_GPIO_WritePin  stm32f4xx_hal_gpio.o
    0x08000fd4   0x08000fd4   0x0000000c   Code   RO         2126    i.HAL_GetTick       stm32f4xx_hal.o
    0x08000fe0   0x08000fe0   0x00000010   Code   RO         2132    i.HAL_IncTick       stm32f4xx_hal.o
    0x08000ff0   0x08000ff0   0x00000034   Code   RO         2133    i.HAL_Init          stm32f4xx_hal.o
    0x08001024   0x08001024   0x00000074   Code   RO          809    i.HAL_InitTick      stm32f4xx_hal_timebase_tim.o
    0x08001098   0x08001098   0x00000038   Code   RO          728    i.HAL_MspInit       stm32f4xx_hal_msp.o
    0x080010d0   0x080010d0   0x0000001a   Code   RO         1983    i.HAL_NVIC_EnableIRQ  stm32f4xx_hal_cortex.o
    0x080010ea   0x080010ea   0x00000002   PAD
    0x080010ec   0x080010ec   0x00000040   Code   RO         1989    i.HAL_NVIC_SetPriority  stm32f4xx_hal_cortex.o
    0x0800112c   0x0800112c   0x00000024   Code   RO         1990    i.HAL_NVIC_SetPriorityGrouping  stm32f4xx_hal_cortex.o
    0x08001150   0x08001150   0x00000134   Code   RO         1162    i.HAL_RCC_ClockConfig  stm32f4xx_hal_rcc.o
    0x08001284   0x08001284   0x00000040   Code   RO         1166    i.HAL_RCC_GetClockConfig  stm32f4xx_hal_rcc.o
    0x080012c4   0x080012c4   0x00000020   Code   RO         1169    i.HAL_RCC_GetPCLK1Freq  stm32f4xx_hal_rcc.o
    0x080012e4   0x080012e4   0x00000020   Code   RO         1170    i.HAL_RCC_GetPCLK2Freq  stm32f4xx_hal_rcc.o
    0x08001304   0x08001304   0x00000060   Code   RO         1171    i.HAL_RCC_GetSysClockFreq  stm32f4xx_hal_rcc.o
    0x08001364   0x08001364   0x0000035c   Code   RO         1174    i.HAL_RCC_OscConfig  stm32f4xx_hal_rcc.o
    0x080016c0   0x080016c0   0x00000008   Code   RO          316    i.HAL_SD_AbortCallback  bsp_driver_sd.o
    0x080016c8   0x080016c8   0x000000f4   Code   RO         2698    i.HAL_SD_ConfigWideBusOperation  stm32f4xx_hal_sd.o
    0x080017bc   0x080017bc   0x00000002   Code   RO         2701    i.HAL_SD_ErrorCallback  stm32f4xx_hal_sd.o
    0x080017be   0x080017be   0x00000002   PAD
    0x080017c0   0x080017c0   0x00000198   Code   RO         2703    i.HAL_SD_GetCardCSD  stm32f4xx_hal_sd.o
    0x08001958   0x08001958   0x00000024   Code   RO         2704    i.HAL_SD_GetCardInfo  stm32f4xx_hal_sd.o
    0x0800197c   0x0800197c   0x0000002c   Code   RO         2705    i.HAL_SD_GetCardState  stm32f4xx_hal_sd.o
    0x080019a8   0x080019a8   0x00000208   Code   RO         2709    i.HAL_SD_IRQHandler  stm32f4xx_hal_sd.o
    0x08001bb0   0x08001bb0   0x00000036   Code   RO         2710    i.HAL_SD_Init       stm32f4xx_hal_sd.o
    0x08001be6   0x08001be6   0x00000002   PAD
    0x08001be8   0x08001be8   0x00000054   Code   RO         2711    i.HAL_SD_InitCard   stm32f4xx_hal_sd.o
    0x08001c3c   0x08001c3c   0x00000168   Code   RO          730    i.HAL_SD_MspInit    stm32f4xx_hal_msp.o
    0x08001da4   0x08001da4   0x00000130   Code   RO         2715    i.HAL_SD_ReadBlocks_DMA  stm32f4xx_hal_sd.o
    0x08001ed4   0x08001ed4   0x00000008   Code   RO          317    i.HAL_SD_RxCpltCallback  bsp_driver_sd.o
    0x08001edc   0x08001edc   0x00000008   Code   RO          318    i.HAL_SD_TxCpltCallback  bsp_driver_sd.o
    0x08001ee4   0x08001ee4   0x00000134   Code   RO         2720    i.HAL_SD_WriteBlocks_DMA  stm32f4xx_hal_sd.o
    0x08002018   0x08002018   0x00000002   Code   RO         3597    i.HAL_TIMEx_BreakCallback  stm32f4xx_hal_tim_ex.o
    0x0800201a   0x0800201a   0x00000002   Code   RO         3598    i.HAL_TIMEx_CommutCallback  stm32f4xx_hal_tim_ex.o
    0x0800201c   0x0800201c   0x0000007c   Code   RO         3615    i.HAL_TIMEx_MasterConfigSynchronization  stm32f4xx_hal_tim_ex.o
    0x08002098   0x08002098   0x00000036   Code   RO         2922    i.HAL_TIM_Base_Init  stm32f4xx_hal_tim.o
    0x080020ce   0x080020ce   0x00000002   PAD
    0x080020d0   0x080020d0   0x0000003c   Code   RO          732    i.HAL_TIM_Base_MspInit  stm32f4xx_hal_msp.o
    0x0800210c   0x0800210c   0x00000022   Code   RO         2927    i.HAL_TIM_Base_Start_IT  stm32f4xx_hal_tim.o
    0x0800212e   0x0800212e   0x000000d6   Code   RO         2931    i.HAL_TIM_ConfigClockSource  stm32f4xx_hal_tim.o
    0x08002204   0x08002204   0x00000002   Code   RO         2951    i.HAL_TIM_IC_CaptureCallback  stm32f4xx_hal_tim.o
    0x08002206   0x08002206   0x00000166   Code   RO         2965    i.HAL_TIM_IRQHandler  stm32f4xx_hal_tim.o
    0x0800236c   0x0800236c   0x00000002   Code   RO         2968    i.HAL_TIM_OC_DelayElapsedCallback  stm32f4xx_hal_tim.o
    0x0800236e   0x0800236e   0x00000002   Code   RO         2995    i.HAL_TIM_PWM_PulseFinishedCallback  stm32f4xx_hal_tim.o
    0x08002370   0x08002370   0x00000080   Code   RO           14    i.HAL_TIM_PeriodElapsedCallback  main.o
    0x080023f0   0x080023f0   0x00000002   Code   RO         3008    i.HAL_TIM_TriggerCallback  stm32f4xx_hal_tim.o
    0x080023f2   0x080023f2   0x00000002   Code   RO         3869    i.HAL_UART_ErrorCallback  stm32f4xx_hal_uart.o
    0x080023f4   0x080023f4   0x00000114   Code   RO         3872    i.HAL_UART_IRQHandler  stm32f4xx_hal_uart.o
    0x08002508   0x08002508   0x00000062   Code   RO         3873    i.HAL_UART_Init     stm32f4xx_hal_uart.o
    0x0800256a   0x0800256a   0x00000002   PAD
    0x0800256c   0x0800256c   0x000000ec   Code   RO          734    i.HAL_UART_MspInit  stm32f4xx_hal_msp.o
    0x08002658   0x08002658   0x00000002   Code   RO           15    i.HAL_UART_RxCpltCallback  main.o
    0x0800265a   0x0800265a   0x0000003e   Code   RO         3883    i.HAL_UART_Transmit_IT  stm32f4xx_hal_uart.o
    0x08002698   0x08002698   0x00000018   Code   RO           16    i.HAL_UART_TxCpltCallback  main.o
    0x080026b0   0x080026b0   0x00000002   Code   RO          629    i.HardFault_Handler  stm32f4xx_it.o
    0x080026b2   0x080026b2   0x00000002   PAD
    0x080026b4   0x080026b4   0x00000090   Code   RO           17    i.MX_ADC1_Init      main.o
    0x08002744   0x08002744   0x0000001c   Code   RO          546    i.MX_FATFS_Init     fatfs.o
    0x08002760   0x08002760   0x00000060   Code   RO           18    i.MX_GPIO_Init      main.o
    0x080027c0   0x080027c0   0x00000054   Code   RO           19    i.MX_TIM4_Init      main.o
    0x08002814   0x08002814   0x00000002   Code   RO          630    i.MemManage_Handler  stm32f4xx_it.o
    0x08002816   0x08002816   0x00000002   Code   RO          631    i.NMI_Handler       stm32f4xx_it.o
    0x08002818   0x08002818   0x00000024   Code   RO         2431    i.SDIO_ConfigData   stm32f4xx_ll_sdmmc.o
    0x0800283c   0x0800283c   0x00000008   Code   RO         2435    i.SDIO_GetPowerState  stm32f4xx_ll_sdmmc.o
    0x08002844   0x08002844   0x00000006   Code   RO         2436    i.SDIO_GetResponse  stm32f4xx_ll_sdmmc.o
    0x0800284a   0x0800284a   0x00000002   PAD
    0x0800284c   0x0800284c   0x0000000c   Code   RO          632    i.SDIO_IRQHandler   stm32f4xx_it.o
    0x08002858   0x08002858   0x00000024   Code   RO         2437    i.SDIO_Init         stm32f4xx_ll_sdmmc.o
    0x0800287c   0x0800287c   0x00000010   Code   RO         2439    i.SDIO_PowerState_ON  stm32f4xx_ll_sdmmc.o
    0x0800288c   0x0800288c   0x00000006   Code   RO         2440    i.SDIO_ReadFIFO     stm32f4xx_ll_sdmmc.o
    0x08002892   0x08002892   0x00000020   Code   RO         2441    i.SDIO_SendCommand  stm32f4xx_ll_sdmmc.o
    0x080028b2   0x080028b2   0x0000000a   Code   RO         2443    i.SDIO_WriteFIFO    stm32f4xx_ll_sdmmc.o
    0x080028bc   0x080028bc   0x00000032   Code   RO         2444    i.SDMMC_CmdAppCommand  stm32f4xx_ll_sdmmc.o
    0x080028ee   0x080028ee   0x00000002   PAD
    0x080028f0   0x080028f0   0x00000034   Code   RO         2445    i.SDMMC_CmdAppOperCommand  stm32f4xx_ll_sdmmc.o
    0x08002924   0x08002924   0x00000032   Code   RO         2446    i.SDMMC_CmdBlockLength  stm32f4xx_ll_sdmmc.o
    0x08002956   0x08002956   0x00000032   Code   RO         2447    i.SDMMC_CmdBusWidth  stm32f4xx_ll_sdmmc.o
    0x08002988   0x08002988   0x00000050   Code   RO         2451    i.SDMMC_CmdGoIdleState  stm32f4xx_ll_sdmmc.o
    0x080029d8   0x080029d8   0x00000074   Code   RO         2453    i.SDMMC_CmdOperCond  stm32f4xx_ll_sdmmc.o
    0x08002a4c   0x08002a4c   0x00000032   Code   RO         2454    i.SDMMC_CmdReadMultiBlock  stm32f4xx_ll_sdmmc.o
    0x08002a7e   0x08002a7e   0x00000032   Code   RO         2455    i.SDMMC_CmdReadSingleBlock  stm32f4xx_ll_sdmmc.o
    0x08002ab0   0x08002ab0   0x00000032   Code   RO         2458    i.SDMMC_CmdSelDesel  stm32f4xx_ll_sdmmc.o
    0x08002ae2   0x08002ae2   0x0000002c   Code   RO         2459    i.SDMMC_CmdSendCID  stm32f4xx_ll_sdmmc.o
    0x08002b0e   0x08002b0e   0x0000002c   Code   RO         2460    i.SDMMC_CmdSendCSD  stm32f4xx_ll_sdmmc.o
    0x08002b3a   0x08002b3a   0x00000030   Code   RO         2461    i.SDMMC_CmdSendSCR  stm32f4xx_ll_sdmmc.o
    0x08002b6a   0x08002b6a   0x00000032   Code   RO         2462    i.SDMMC_CmdSendStatus  stm32f4xx_ll_sdmmc.o
    0x08002b9c   0x08002b9c   0x00000030   Code   RO         2463    i.SDMMC_CmdSetRelAdd  stm32f4xx_ll_sdmmc.o
    0x08002bcc   0x08002bcc   0x00000034   Code   RO         2465    i.SDMMC_CmdStopTransfer  stm32f4xx_ll_sdmmc.o
    0x08002c00   0x08002c00   0x00000032   Code   RO         2467    i.SDMMC_CmdWriteMultiBlock  stm32f4xx_ll_sdmmc.o
    0x08002c32   0x08002c32   0x00000032   Code   RO         2468    i.SDMMC_CmdWriteSingleBlock  stm32f4xx_ll_sdmmc.o
    0x08002c64   0x08002c64   0x00000120   Code   RO         2469    i.SDMMC_GetCmdResp1  stm32f4xx_ll_sdmmc.o
    0x08002d84   0x08002d84   0x00000050   Code   RO         2470    i.SDMMC_GetCmdResp2  stm32f4xx_ll_sdmmc.o
    0x08002dd4   0x08002dd4   0x00000044   Code   RO         2471    i.SDMMC_GetCmdResp3  stm32f4xx_ll_sdmmc.o
    0x08002e18   0x08002e18   0x00000088   Code   RO         2472    i.SDMMC_GetCmdResp6  stm32f4xx_ll_sdmmc.o
    0x08002ea0   0x08002ea0   0x00000020   Code   RO          444    i.SD_CheckStatus    sd_diskio.o
    0x08002ec0   0x08002ec0   0x00000024   Code   RO          445    i.SD_CheckStatusWithTimeout  sd_diskio.o
    0x08002ee4   0x08002ee4   0x00000064   Code   RO         2722    i.SD_DMAError       stm32f4xx_hal_sd.o
    0x08002f48   0x08002f48   0x00000042   Code   RO         2723    i.SD_DMAReceiveCplt  stm32f4xx_hal_sd.o
    0x08002f8a   0x08002f8a   0x00000044   Code   RO         2724    i.SD_DMARxAbort     stm32f4xx_hal_sd.o
    0x08002fce   0x08002fce   0x0000000e   Code   RO         2725    i.SD_DMATransmitCplt  stm32f4xx_hal_sd.o
    0x08002fdc   0x08002fdc   0x00000044   Code   RO         2726    i.SD_DMATxAbort     stm32f4xx_hal_sd.o
    0x08003020   0x08003020   0x000000d4   Code   RO         2727    i.SD_FindSCR        stm32f4xx_hal_sd.o
    0x080030f4   0x080030f4   0x000000ee   Code   RO         2728    i.SD_InitCard       stm32f4xx_hal_sd.o
    0x080031e2   0x080031e2   0x00000002   PAD
    0x080031e4   0x080031e4   0x000000b4   Code   RO         2729    i.SD_PowerON        stm32f4xx_hal_sd.o
    0x08003298   0x08003298   0x00000048   Code   RO          446    i.SD_initialize     sd_diskio.o
    0x080032e0   0x080032e0   0x00000050   Code   RO          447    i.SD_ioctl          sd_diskio.o
    0x08003330   0x08003330   0x000000a0   Code   RO          448    i.SD_read           sd_diskio.o
    0x080033d0   0x080033d0   0x00000004   Code   RO          449    i.SD_status         sd_diskio.o
    0x080033d4   0x080033d4   0x000000bc   Code   RO          450    i.SD_write          sd_diskio.o
    0x08003490   0x08003490   0x00000174   Code   RO           20    i.StartDefaultTask  main.o
    0x08003604   0x08003604   0x0000002c   Code   RO         5848    i.SysTick_Handler   port.o
    0x08003630   0x08003630   0x00000080   Code   RO           21    i.SystemClock_Config  main.o
    0x080036b0   0x080036b0   0x0000001c   Code   RO          849    i.SystemInit        system_stm32f4xx.o
    0x080036cc   0x080036cc   0x0000000c   Code   RO          633    i.TIM4_IRQHandler   stm32f4xx_it.o
    0x080036d8   0x080036d8   0x0000000c   Code   RO          634    i.TIM5_IRQHandler   stm32f4xx_it.o
    0x080036e4   0x080036e4   0x00000098   Code   RO         3010    i.TIM_Base_SetConfig  stm32f4xx_hal_tim.o
    0x0800377c   0x0800377c   0x00000014   Code   RO         3021    i.TIM_ETR_SetConfig  stm32f4xx_hal_tim.o
    0x08003790   0x08003790   0x00000010   Code   RO         3022    i.TIM_ITRx_SetConfig  stm32f4xx_hal_tim.o
    0x080037a0   0x080037a0   0x00000022   Code   RO         3028    i.TIM_TI1_ConfigInputStage  stm32f4xx_hal_tim.o
    0x080037c2   0x080037c2   0x00000024   Code   RO         3030    i.TIM_TI2_ConfigInputStage  stm32f4xx_hal_tim.o
    0x080037e6   0x080037e6   0x00000010   Code   RO         3886    i.UART_DMAAbortOnError  stm32f4xx_hal_uart.o
    0x080037f6   0x080037f6   0x0000001c   Code   RO         3896    i.UART_EndRxTransfer  stm32f4xx_hal_uart.o
    0x08003812   0x08003812   0x00000096   Code   RO         3898    i.UART_Receive_IT   stm32f4xx_hal_uart.o
    0x080038a8   0x080038a8   0x00000128   Code   RO         3899    i.UART_SetConfig    stm32f4xx_hal_uart.o
    0x080039d0   0x080039d0   0x00000062   Code   RO         3900    i.UART_Transmit_IT  stm32f4xx_hal_uart.o
    0x08003a32   0x08003a32   0x00000002   PAD
    0x08003a34   0x08003a34   0x0000000c   Code   RO          635    i.USART1_IRQHandler  stm32f4xx_it.o
    0x08003a40   0x08003a40   0x00000002   Code   RO          636    i.UsageFault_Handler  stm32f4xx_it.o
    0x08003a42   0x08003a42   0x00000020   Code   RO         1996    i.__NVIC_SetPriority  stm32f4xx_hal_cortex.o
    0x08003a62   0x08003a62   0x0000000e   Code   RO         5959    i.__scatterload_copy  mc_w.l(handlers.o)
    0x08003a70   0x08003a70   0x00000002   Code   RO         5960    i.__scatterload_null  mc_w.l(handlers.o)
    0x08003a72   0x08003a72   0x0000000e   Code   RO         5961    i.__scatterload_zeroinit  mc_w.l(handlers.o)
    0x08003a80   0x08003a80   0x00000070   Code   RO         4229    i.check_fs          ff.o
    0x08003af0   0x08003af0   0x0000005c   Code   RO         4230    i.chk_lock          ff.o
    0x08003b4c   0x08003b4c   0x00000020   Code   RO         4231    i.clear_lock        ff.o
    0x08003b6c   0x08003b6c   0x00000026   Code   RO         4232    i.clmt_clust        ff.o
    0x08003b92   0x08003b92   0x00000018   Code   RO         4233    i.clust2sect        ff.o
    0x08003baa   0x08003baa   0x000000a4   Code   RO         4234    i.create_chain      ff.o
    0x08003c4e   0x08003c4e   0x00000002   PAD
    0x08003c50   0x08003c50   0x000000bc   Code   RO         4235    i.create_name       ff.o
    0x08003d0c   0x08003d0c   0x00000034   Code   RO         4236    i.dec_lock          ff.o
    0x08003d40   0x08003d40   0x00000064   Code   RO         4237    i.dir_find          ff.o
    0x08003da4   0x08003da4   0x00000102   Code   RO         4238    i.dir_next          ff.o
    0x08003ea6   0x08003ea6   0x00000066   Code   RO         4240    i.dir_register      ff.o
    0x08003f0c   0x08003f0c   0x0000008e   Code   RO         4242    i.dir_sdi           ff.o
    0x08003f9a   0x08003f9a   0x00000002   PAD
    0x08003f9c   0x08003f9c   0x00000028   Code   RO         4174    i.disk_initialize   diskio.o
    0x08003fc4   0x08003fc4   0x0000001c   Code   RO         4175    i.disk_ioctl        diskio.o
    0x08003fe0   0x08003fe0   0x0000001c   Code   RO         4176    i.disk_read         diskio.o
    0x08003ffc   0x08003ffc   0x00000018   Code   RO         4177    i.disk_status       diskio.o
    0x08004014   0x08004014   0x0000001c   Code   RO         4178    i.disk_write        diskio.o
    0x08004030   0x08004030   0x00000030   Code   RO         4243    i.f_close           ff.o
    0x08004060   0x08004060   0x0000007c   Code   RO         4250    i.f_mount           ff.o
    0x080040dc   0x080040dc   0x00000224   Code   RO         4251    i.f_open            ff.o
    0x08004300   0x08004300   0x000001cc   Code   RO         4253    i.f_printf          ff.o
    0x080044cc   0x080044cc   0x000000a2   Code   RO         4260    i.f_sync            ff.o
    0x0800456e   0x0800456e   0x000001dc   Code   RO         4263    i.f_write           ff.o
    0x0800474a   0x0800474a   0x0000001c   Code   RO         4621    i.ff_cre_syncobj    syscall.o
    0x08004766   0x08004766   0x0000000a   Code   RO         4622    i.ff_del_syncobj    syscall.o
    0x08004770   0x08004770   0x00000004   Code   RO         4623    i.ff_rel_grant      syscall.o
    0x08004774   0x08004774   0x00000014   Code   RO         4624    i.ff_req_grant      syscall.o
    0x08004788   0x08004788   0x00000294   Code   RO         4264    i.find_volume       ff.o
    0x08004a1c   0x08004a1c   0x0000007a   Code   RO         4265    i.follow_path       ff.o
    0x08004a96   0x08004a96   0x000000e8   Code   RO         4266    i.get_fat           ff.o
    0x08004b7e   0x08004b7e   0x00000004   Code   RO          547    i.get_fattime       fatfs.o
    0x08004b82   0x08004b82   0x0000003c   Code   RO         4268    i.get_ldnumber      ff.o
    0x08004bbe   0x08004bbe   0x0000000c   Code   RO         5417    i.inHandlerMode     cmsis_os.o
    0x08004bca   0x08004bca   0x00000002   PAD
    0x08004bcc   0x08004bcc   0x00000080   Code   RO         4269    i.inc_lock          ff.o
    0x08004c4c   0x08004c4c   0x00000026   Code   RO         4270    i.ld_clust          ff.o
    0x08004c72   0x08004c72   0x00000016   Code   RO         4271    i.ld_dword          ff.o
    0x08004c88   0x08004c88   0x0000000a   Code   RO         4272    i.ld_word           ff.o
    0x08004c92   0x08004c92   0x00000014   Code   RO         4273    i.lock_fs           ff.o
    0x08004ca6   0x08004ca6   0x00000002   PAD
    0x08004ca8   0x08004ca8   0x00000128   Code   RO           22    i.main              main.o
    0x08004dd0   0x08004dd0   0x0000000c   Code   RO         5419    i.makeFreeRtosPriority  cmsis_os.o
    0x08004ddc   0x08004ddc   0x00000012   Code   RO         4274    i.mem_cpy           ff.o
    0x08004dee   0x08004dee   0x00000002   PAD
    0x08004df0   0x08004df0   0x0000000e   Code   RO         4275    i.mem_set           ff.o
    0x08004dfe   0x08004dfe   0x00000032   Code   RO         4276    i.move_window       ff.o
    0x08004e30   0x08004e30   0x0000000e   Code   RO         5421    i.osDelay           cmsis_os.o
    0x08004e3e   0x08004e3e   0x00000012   Code   RO         5423    i.osKernelRunning   cmsis_os.o
    0x08004e50   0x08004e50   0x0000000a   Code   RO         5424    i.osKernelStart     cmsis_os.o
    0x08004e5a   0x08004e5a   0x00000018   Code   RO         5425    i.osKernelSysTick   cmsis_os.o
    0x08004e72   0x08004e72   0x00000026   Code   RO         5433    i.osMessageCreate   cmsis_os.o
    0x08004e98   0x08004e98   0x00000094   Code   RO         5435    i.osMessageGet      cmsis_os.o
    0x08004f2c   0x08004f2c   0x0000005c   Code   RO         5437    i.osMessagePut      cmsis_os.o
    0x08004f88   0x08004f88   0x0000003e   Code   RO         5450    i.osSemaphoreCreate  cmsis_os.o
    0x08004fc6   0x08004fc6   0x00000018   Code   RO         5451    i.osSemaphoreDelete  cmsis_os.o
    0x08004fde   0x08004fde   0x00000002   PAD
    0x08004fe0   0x08004fe0   0x00000050   Code   RO         5453    i.osSemaphoreRelease  cmsis_os.o
    0x08005030   0x08005030   0x00000064   Code   RO         5454    i.osSemaphoreWait   cmsis_os.o
    0x08005094   0x08005094   0x00000054   Code   RO         5458    i.osThreadCreate    cmsis_os.o
    0x080050e8   0x080050e8   0x00000070   Code   RO         5116    i.prvAddCurrentTaskToDelayedList  tasks.o
    0x08005158   0x08005158   0x000000d0   Code   RO         5117    i.prvAddNewTaskToReadyList  tasks.o
    0x08005228   0x08005228   0x00000026   Code   RO         4810    i.prvCopyDataFromQueue  queue.o
    0x0800524e   0x0800524e   0x0000006c   Code   RO         4811    i.prvCopyDataToQueue  queue.o
    0x080052ba   0x080052ba   0x00000034   Code   RO         5118    i.prvDeleteTCB      tasks.o
    0x080052ee   0x080052ee   0x00000002   PAD
    0x080052f0   0x080052f0   0x0000004c   Code   RO         5786    i.prvHeapInit       heap_4.o
    0x0800533c   0x0800533c   0x00000060   Code   RO         5119    i.prvIdleTask       tasks.o
    0x0800539c   0x0800539c   0x00000016   Code   RO         4813    i.prvInitialiseNewQueue  queue.o
    0x080053b2   0x080053b2   0x0000008e   Code   RO         5120    i.prvInitialiseNewTask  tasks.o
    0x08005440   0x08005440   0x0000004c   Code   RO         5787    i.prvInsertBlockIntoFreeList  heap_4.o
    0x0800548c   0x0800548c   0x0000001c   Code   RO         4814    i.prvIsQueueEmpty   queue.o
    0x080054a8   0x080054a8   0x00000020   Code   RO         5121    i.prvResetNextTaskUnblockTime  tasks.o
    0x080054c8   0x080054c8   0x00000028   Code   RO         5849    i.prvTaskExitError  port.o
    0x080054f0   0x080054f0   0x0000006a   Code   RO         4815    i.prvUnlockQueue    queue.o
    0x0800555a   0x0800555a   0x00000124   Code   RO         4277    i.put_fat           ff.o
    0x0800567e   0x0800567e   0x00000046   Code   RO         4278    i.putc_bfd          ff.o
    0x080056c4   0x080056c4   0x0000002a   Code   RO         4279    i.putc_flush        ff.o
    0x080056ee   0x080056ee   0x00000002   PAD
    0x080056f0   0x080056f0   0x000000d8   Code   RO         5788    i.pvPortMalloc      heap_4.o
    0x080057c8   0x080057c8   0x00000018   Code   RO         5123    i.pvTaskIncrementMutexHeldCount  tasks.o
    0x080057e0   0x080057e0   0x0000002c   Code   RO         5850    i.pxPortInitialiseStack  port.o
    0x0800580c   0x0800580c   0x00000074   Code   RO         4280    i.remove_chain      ff.o
    0x08005880   0x08005880   0x00000028   Code   RO         4281    i.st_clust          ff.o
    0x080058a8   0x080058a8   0x00000010   Code   RO         4282    i.st_dword          ff.o
    0x080058b8   0x080058b8   0x00000008   Code   RO         4283    i.st_word           ff.o
    0x080058c0   0x080058c0   0x00000088   Code   RO         4284    i.sync_fs           ff.o
    0x08005948   0x08005948   0x00000052   Code   RO         4285    i.sync_window       ff.o
    0x0800599a   0x0800599a   0x00000018   Code   RO         4286    i.unlock_fs         ff.o
    0x080059b2   0x080059b2   0x00000026   Code   RO         4770    i.uxListRemove      list.o
    0x080059d8   0x080059d8   0x00000014   Code   RO          590    i.vApplicationGetIdleTaskMemory  freertos.o
    0x080059ec   0x080059ec   0x00000016   Code   RO         4771    i.vListInitialise   list.o
    0x08005a02   0x08005a02   0x00000006   Code   RO         4772    i.vListInitialiseItem  list.o
    0x08005a08   0x08005a08   0x00000030   Code   RO         4773    i.vListInsert       list.o
    0x08005a38   0x08005a38   0x00000018   Code   RO         4774    i.vListInsertEnd    list.o
    0x08005a50   0x08005a50   0x00000040   Code   RO         5852    i.vPortEnterCritical  port.o
    0x08005a90   0x08005a90   0x00000028   Code   RO         5853    i.vPortExitCritical  port.o
    0x08005ab8   0x08005ab8   0x0000005c   Code   RO         5789    i.vPortFree         heap_4.o
    0x08005b14   0x08005b14   0x00000024   Code   RO         5854    i.vPortSetupTimerInterrupt  port.o
    0x08005b38   0x08005b38   0x00000054   Code   RO         5855    i.vPortValidateInterruptPriority  port.o
    0x08005b8c   0x08005b8c   0x0000002e   Code   RO         4820    i.vQueueDelete      queue.o
    0x08005bba   0x08005bba   0x00000002   PAD
    0x08005bbc   0x08005bbc   0x00000028   Code   RO         4821    i.vQueueUnregisterQueue  queue.o
    0x08005be4   0x08005be4   0x0000004c   Code   RO         5129    i.vTaskDelay        tasks.o
    0x08005c30   0x08005c30   0x00000010   Code   RO         5132    i.vTaskInternalSetTimeOutState  tasks.o
    0x08005c40   0x08005c40   0x0000000c   Code   RO         5133    i.vTaskMissedYield  tasks.o
    0x08005c4c   0x08005c4c   0x00000030   Code   RO         5135    i.vTaskPlaceOnEventList  tasks.o
    0x08005c7c   0x08005c7c   0x000000a8   Code   RO         5137    i.vTaskPriorityDisinheritAfterTimeout  tasks.o
    0x08005d24   0x08005d24   0x0000006c   Code   RO         5142    i.vTaskStartScheduler  tasks.o
    0x08005d90   0x08005d90   0x00000010   Code   RO         5144    i.vTaskSuspendAll   tasks.o
    0x08005da0   0x08005da0   0x0000005c   Code   RO         5145    i.vTaskSwitchContext  tasks.o
    0x08005dfc   0x08005dfc   0x00000048   Code   RO         4287    i.validate          ff.o
    0x08005e44   0x08005e44   0x000000f4   Code   RO         5856    i.xPortStartScheduler  port.o
    0x08005f38   0x08005f38   0x00000048   Code   RO         4824    i.xQueueGenericCreate  queue.o
    0x08005f80   0x08005f80   0x00000066   Code   RO         4825    i.xQueueGenericCreateStatic  queue.o
    0x08005fe6   0x08005fe6   0x00000002   PAD
    0x08005fe8   0x08005fe8   0x00000088   Code   RO         4826    i.xQueueGenericReset  queue.o
    0x08006070   0x08006070   0x00000160   Code   RO         4827    i.xQueueGenericSend  queue.o
    0x080061d0   0x080061d0   0x000000bc   Code   RO         4828    i.xQueueGenericSendFromISR  queue.o
    0x0800628c   0x0800628c   0x0000009c   Code   RO         4829    i.xQueueGiveFromISR  queue.o
    0x08006328   0x08006328   0x00000138   Code   RO         4834    i.xQueueReceive     queue.o
    0x08006460   0x08006460   0x0000009a   Code   RO         4835    i.xQueueReceiveFromISR  queue.o
    0x080064fa   0x080064fa   0x00000002   PAD
    0x080064fc   0x080064fc   0x00000178   Code   RO         4836    i.xQueueSemaphoreTake  queue.o
    0x08006674   0x08006674   0x00000074   Code   RO         5146    i.xTaskCheckForTimeOut  tasks.o
    0x080066e8   0x080066e8   0x0000005a   Code   RO         5147    i.xTaskCreate       tasks.o
    0x08006742   0x08006742   0x00000056   Code   RO         5148    i.xTaskCreateStatic  tasks.o
    0x08006798   0x08006798   0x0000001c   Code   RO         5152    i.xTaskGetSchedulerState  tasks.o
    0x080067b4   0x080067b4   0x0000000c   Code   RO         5153    i.xTaskGetTickCount  tasks.o
    0x080067c0   0x080067c0   0x00000010   Code   RO         5154    i.xTaskGetTickCountFromISR  tasks.o
    0x080067d0   0x080067d0   0x000000c8   Code   RO         5155    i.xTaskIncrementTick  tasks.o
    0x08006898   0x08006898   0x00000098   Code   RO         5158    i.xTaskPriorityDisinherit  tasks.o
    0x08006930   0x08006930   0x00000094   Code   RO         5159    i.xTaskPriorityInherit  tasks.o
    0x080069c4   0x080069c4   0x00000074   Code   RO         5160    i.xTaskRemoveFromEventList  tasks.o
    0x08006a38   0x08006a38   0x000000c4   Code   RO         5161    i.xTaskResumeAll    tasks.o
    0x08006afc   0x08006afc   0x0000001c   Data   RO           30    .constdata          main.o
    0x08006b18   0x08006b18   0x00000014   Data   RO          452    .constdata          sd_diskio.o
    0x08006b2c   0x08006b2c   0x00000010   Data   RO          453    .constdata          sd_diskio.o
    0x08006b3c   0x08006b3c   0x00000010   Data   RO          850    .constdata          system_stm32f4xx.o
    0x08006b4c   0x08006b4c   0x00000008   Data   RO          851    .constdata          system_stm32f4xx.o
    0x08006b54   0x08006b54   0x00000008   Data   RO         1689    .constdata          stm32f4xx_hal_dma.o
    0x08006b5c   0x08006b5c   0x0000009c   Data   RO         4289    .constdata          ff.o
    0x08006bf8   0x08006bf8   0x0000000c   Data   RO           31    .conststring        main.o
    0x08006c04   0x08006c04   0x00000020   Data   RO         5957    Region$$Table       anon$$obj.o


    Execution Region RW_IRAM1 (Exec base: 0x20000000, Load base: 0x08006c24, Size: 0x0000a630, Max: 0x00020000, ABSOLUTE)

    Exec Addr    Load Addr    Size         Type   Attr      Idx    E Section Name        Object

    0x20000000   0x08006c24   0x0000001c   Data   RW           32    .data               main.o
    0x2000001c   0x08006c40   0x00000008   Data   RW          454    .data               sd_diskio.o
    0x20000024   0x08006c48   0x00000005   Data   RW          550    .data               fatfs.o
    0x20000029   0x08006c4d   0x00000003   PAD
    0x2000002c   0x08006c50   0x00000004   Data   RW          852    .data               system_stm32f4xx.o
    0x20000030   0x08006c54   0x0000000c   Data   RW         2140    .data               stm32f4xx_hal.o
    0x2000003c   0x08006c60   0x00000008   Data   RW         4290    .data               ff.o
    0x20000044   0x08006c68   0x0000003c   Data   RW         5164    .data               tasks.o
    0x20000080   0x08006ca4   0x00000018   Data   RW         5794    .data               heap_4.o
    0x20000098   0x08006cbc   0x0000000c   Data   RW         5857    .data               port.o
    0x200000a4        -       0x00000210   Zero   RW           23    .bss                main.o
    0x200002b4        -       0x00000060   Zero   RW           24    .bss                main.o
    0x20000314        -       0x00000060   Zero   RW           25    .bss                main.o
    0x20000374        -       0x00000060   Zero   RW           26    .bss                main.o
    0x200003d4        -       0x00000200   Zero   RW          451    .bss                sd_diskio.o
    0x200005d4        -       0x00001038   Zero   RW          548    .bss                fatfs.o
    0x2000160c        -       0x00001030   Zero   RW          549    .bss                fatfs.o
    0x2000263c        -       0x00000254   Zero   RW          591    .bss                freertos.o
    0x20002890        -       0x00000040   Zero   RW          812    .bss                stm32f4xx_hal_timebase_tim.o
    0x200028d0        -       0x00000020   Zero   RW         4288    .bss                ff.o
    0x200028f0        -       0x0000000c   Zero   RW         4575    .bss                ff_gen_drv.o
    0x200028fc        -       0x00000040   Zero   RW         4837    .bss                queue.o
    0x2000293c        -       0x000000f0   Zero   RW         5163    .bss                tasks.o
    0x20002a2c        -       0x00003c00   Zero   RW         5793    .bss                heap_4.o
    0x2000662c   0x08006cc8   0x00000004   PAD
    0x20006630        -       0x00004000   Zero   RW            1    STACK               startup_stm32f411xe.o


==============================================================================

Image component sizes


      Code (inc. data)   RO Data    RW Data    ZI Data      Debug   Object Name

       170         20          0          0          0       5844   bsp_driver_sd.o
       718         20          0          0          0      35956   cmsis_os.o
       148         22          0          0          0       3961   diskio.o
         0          0          0          0          0      18280   event_groups.o
        32         10          0          5       8296       8444   fatfs.o
      5394         82        156          8         32      44364   ff.o
        70          6          0          0         12       1747   ff_gen_drv.o
        20          4          0          0        596       1324   freertos.o
       460         24          0         24      15360       7587   heap_4.o
       138          0          0          0          0       3774   list.o
      1276        150         40         28        816     496925   main.o
       786         82          0         12          0      12393   port.o
      2236         22          0          0         64      20971   queue.o
       612         48         36          8        512      20825   sd_diskio.o
        36          8        408          0      16384        872   startup_stm32f411xe.o
       116         18          0         12          0       8834   stm32f4xx_hal.o
      1140         62          0          0          0       7777   stm32f4xx_hal_adc.o
       158         14          0          0          0      33346   stm32f4xx_hal_cortex.o
        80          0          0          0          0       1931   stm32f4xx_hal_crc.o
       942         16          8          0          0       7389   stm32f4xx_hal_dma.o
       428         34          0          0          0       3153   stm32f4xx_hal_gpio.o
       904         94          0          0          0       5047   stm32f4xx_hal_msp.o
      1392         88          0          0          0       6153   stm32f4xx_hal_rcc.o
      2950         70          0          0          0      17287   stm32f4xx_hal_sd.o
       926         30          0          0          0      10517   stm32f4xx_hal_tim.o
       128         20          0          0          0       2609   stm32f4xx_hal_tim_ex.o
       116         16          0          0         64       1507   stm32f4xx_hal_timebase_tim.o
      1026         16          0          0          0       7514   stm32f4xx_hal_uart.o
        96         42          0          0          0       6469   stm32f4xx_it.o
      1656         46          0          0          0      24155   stm32f4xx_ll_sdmmc.o
        62          0          0          0          0       3584   syscall.o
        28          6         24          4          0       1239   system_stm32f4xx.o
      2362        182          0         60        240      27038   tasks.o

    ----------------------------------------------------------------------
     26662       1252        704        164      42380     858816   Object Totals
         0          0         32          0          0          0   (incl. Generated)
        56          0          0          3          4          0   (incl. Padding)

    ----------------------------------------------------------------------

      Code (inc. data)   RO Data    RW Data    ZI Data      Debug   Library Member Name

         0          0          0          0          0          0   entry.o
         0          0          0          0          0          0   entry10a.o
         0          0          0          0          0          0   entry11a.o
         8          4          0          0          0          0   entry2.o
         4          0          0          0          0          0   entry5.o
         0          0          0          0          0          0   entry7b.o
         0          0          0          0          0          0   entry8b.o
         8          4          0          0          0          0   entry9a.o
        30          0          0          0          0          0   handlers.o
        36          8          0          0          0         68   init.o
        30          0          0          0          0         68   llshl.o
        32          0          0          0          0         68   llushr.o
        36          0          0          0          0         68   memcpya.o
        36          0          0          0          0        108   memseta.o
        98          0          0          0          0         92   uldiv.o

    ----------------------------------------------------------------------
       318         16          0          0          0        472   Library Totals
         0          0          0          0          0          0   (incl. Padding)

    ----------------------------------------------------------------------

      Code (inc. data)   RO Data    RW Data    ZI Data      Debug   Library Name

       318         16          0          0          0        472   mc_w.l

    ----------------------------------------------------------------------
       318         16          0          0          0        472   Library Totals

    ----------------------------------------------------------------------

==============================================================================


      Code (inc. data)   RO Data    RW Data    ZI Data      Debug   

     26980       1268        704        164      42380     831436   Grand Totals
     26980       1268        704        164      42380     831436   ELF Image Totals
     26980       1268        704        164          0          0   ROM Totals

==============================================================================

    Total RO  Size (Code + RO Data)                27684 (  27.04kB)
    Total RW  Size (RW Data + ZI Data)             42544 (  41.55kB)
    Total ROM Size (Code + RO Data + RW Data)      27848 (  27.20kB)

==============================================================================

